******************************************************************************
            TI ARM Clang Linker PC v2.1.3                      
******************************************************************************
>> Linked Mon Jan  1 10:23:47 2024

OUTPUT FILE NAME:   <ECE319K_Lab9H.out>
ENTRY POINT SYMBOL: "_c_int00_noargs"  address: 00001cd1


MEMORY CONFIGURATION

         name            origin    length      used     unused   attr    fill
----------------------  --------  ---------  --------  --------  ----  --------
  FLASH                 00000000   00020000  000025a0  0001da60  R  X
  SRAM                  20200000   00008000  00000824  000077dc  RW X
  BCR_CONFIG            41c00000   00000080  00000000  00000080  R   
  BSL_CONFIG            41c00100   00000080  00000000  00000080  R   


SEGMENT ALLOCATION MAP

run origin  load origin   length   init length attrs members
----------  ----------- ---------- ----------- ----- -------
00000000    00000000    000025a0   000025a0    r-x
  00000000    00000000    000000c0   000000c0    r-- .intvecs
  000000c0    000000c0    00001e20   00001e20    r-x .text
  00001ee0    00001ee0    00000600   00000600    r-- .rodata
  000024e0    000024e0    00000008   00000008    r-- .init_array
  000024e8    000024e8    000000b8   000000b8    r-- .cinit
20200000    20200000    0000062b   00000000    rw-
  20200000    20200000    00000231   00000000    rw- .data
  20200238    20200238    00000200   00000000    rw- .sysmem
  20200438    20200438    000001f3   00000000    rw- .bss
20207e00    20207e00    00000200   00000000    rw-
  20207e00    20207e00    00000200   00000000    rw- .stack


SECTION ALLOCATION MAP

 output                                  attributes/
section   page    origin      length       input sections
--------  ----  ----------  ----------   ----------------
.intvecs   0    00000000    000000c0     
                  00000000    000000c0     startup_mspm0g3507_ticlang.o (.intvecs)

.binit     0    00000000    00000000     

.text      0    000000c0    00001e20     
                  000000c0    000001b4     Clock.o (.text._Z15Clock_Init80MHzi)
                  00000274    000001a0     ST7735.o (.text._Z16ST7735_DrawCharSsscssh)
                  00000414    0000013c     libc.a : fopen.c.obj (.text._openfile)
                  00000550    0000013c            : memory.c.obj (.text.aligned_alloc)
                  0000068c    00000118     ST7735.o (.text._Z15ST7735_FillRectsssst)
                  000007a4    00000118     Lab9HMain.o (.text.main)
                  000008bc    00000100     libc.a : memory.c.obj (.text.free)
                  000009bc    000000f8     SPI.o (.text._Z8SPI_Initv)
                  00000ab4    000000e8     libsysbm.a : add_device.c.obj (.text.add_device)
                  00000b9c    000000e0     libc.a : setvbuf.c.obj (.text.setvbuf)
                  00000c7c    000000d0     ST7735.o (.text._Z14ST7735_OutCharc)
                  00000d4c    000000a8     libsysbm.a : open.c.obj (.text.open)
                  00000df4    000000a2     ST7735.o (.text._ZL11commandListPKh)
                  00000e96    00000002     libclang_rt.builtins.a : aeabi_div0.c.obj (.text.__aeabi_idiv0)
                  00000e98    0000009c     ST7735.o (.text._Z17ST7735_InitPrintfv)
                  00000f34    00000098     ST7735.o (.text._Z12ST7735_InitR10initRFlags)
                  00000fcc    00000088     ST7735.o (.text._ZL13setAddrWindowhhhh)
                  00001054    00000084     ST7735.o (.text._Z14ST7735_OutUDecj)
                  000010d8    00000084     ST7735.o (.text._Z17ST7735_DrawStringttPcs)
                  0000115c    00000084     libc.a : fopen.c.obj (.text.fopen)
                  000011e0    0000007c     LaunchPad.o (.text._Z14LaunchPad_Initv)
                  0000125c    0000007c     libc.a : fclose.c.obj (.text.__TI_closefile)
                  000012d8    00000070     ST7735.o (.text._Z16ST7735_DrawPixelsst)
                  00001348    0000006c     libc.a : getdevice.c.obj (.text.getdevice)
                  000013b4    00000068     libsysbm.a : hostlseek.c.obj (.text.HOSTlseek)
                  0000141c    00000068                : hostrename.c.obj (.text.HOSTrename)
                  00001484    00000068     libc.a : copy_decompress_lzss.c.obj (.text:decompress:lzss)
                  000014ec    00000064            : memory.c.obj (.text.split)
                  00001550    0000005c     libsysbm.a : hostopen.c.obj (.text.HOSTopen)
                  000015ac    00000058                : hostread.c.obj (.text.HOSTread)
                  00001604    00000058                : hostwrite.c.obj (.text.HOSTwrite)
                  0000165c    00000054     ST7735.o (.text._Z11fillmessagej)
                  000016b0    00000054     libc.a : autoinit.c.obj (.text:__TI_auto_init_nobinit)
                  00001704    00000050            : fflush.c.obj (.text.__TI_doflush)
                  00001754    00000050     libsysbm.a : close.c.obj (.text.close)
                  000017a4    0000004c     Sound.o (.text.SysTick_Handler)
                  000017f0    00000048     libsysbm.a : hostclose.c.obj (.text.HOSTclose)
                  00001838    00000048                : hostunlink.c.obj (.text.HOSTunlink)
                  00001880    00000048     SPI.o (.text._Z14SPI_OutCommandc)
                  000018c8    00000040     TExaS.o (.text.TIMG7_IRQHandler)
                  00001908    00000040     SPI.o (.text._Z9SPI_Resetv)
                  00001948    00000040     libclang_rt.builtins.a : aeabi_uidivmod.S.obj (.text)
                  00001988    00000038     SPI.o (.text._Z11SPI_OutDatac)
                  000019c0    00000038     LaunchPad.o (.text._Z15ActivatePortA_Bv)
                  000019f8    00000038     libc.a : getdevice.c.obj (.text.finddevice)
                  00001a30    00000034     ST7735.o (.text._Z12ST7735_writeiPKcj)
                  00001a64    00000034     Clock.o (.text._Z14Clock_Delay1msj)
                  00001a98    00000034     ST7735.o (.text._Z16ST7735_SetCursorjj)
                  00001acc    00000034     libc.a : fopen.c.obj (.text.__TI_cleanup)
                  00001b00    00000034     libsysbm.a : trgmsg.c.obj (.text.__TI_readmsg)
                  00001b34    00000034                : trgmsg.c.obj (.text.__TI_writemsg)
                  00001b68    00000034     libc.a : exit.c.obj (.text.exit)
                  00001b9c    00000034            : fopen.c.obj (.text.freopen)
                  00001bd0    00000030     ST7735.o (.text._ZL10commonInitPKh)
                  00001c00    0000002c     ST7735.o (.text._Z17ST7735_FillScreent)
                  00001c2c    0000002c     libsysbm.a : unlink.c.obj (.text.unlink)
                  00001c58    00000028     Lab9HMain.o (.text.TIMG12_IRQHandler)
                  00001c80    00000028     libc.a : memory.c.obj (.text.free_list_insert)
                  00001ca8    00000028     libsysbm.a : write.c.obj (.text.write)
                  00001cd0    00000028     libc.a : boot_cortex_m.c.obj (.text:_c_int00_noargs)
                  00001cf8    00000026     ST7735.o (.text._Z16ST7735_OutStringPc)
                  00001d1e    0000001e     ST7735.o (.text._ZL9pushColort)
                  00001d3c    0000001c     DAC5.o (.text._Z8DAC5_Outj)
                  00001d58    0000001c     libc.a : memory.c.obj (.text.free_list_remove)
                  00001d74    0000001c     libclang_rt.builtins.a : aeabi_memset.S.obj (.text)
                  00001d90    00000018     SlidePot.o (.text._ZN8SlidePotC2Ejj)
                  00001da8    00000018     Lab9HMain.o (.text.__cxx_global_var_init)
                  00001dc0    00000016     ST7735.o (.text._Z11ST7735_openPKcji)
                  00001dd6    00000016     ST7735.o (.text._Z11ST7735_readiPcj)
                  00001dec    00000014     libc.a : copy_zero_init.c.obj (.text:decompress:ZI:__TI_zero_init_nomemset)
                  00001e00    00000012            : memcpy16.S.obj (.text:TI_memcpy_small)
                  00001e12    00000012            : copy_decompress_none.c.obj (.text:decompress:none)
                  00001e24    00000010     Clock.o (.text._Z11Clock_Delayj)
                  00001e34    0000000e     ST7735.o (.text._Z12ST7735_lseekili)
                  00001e42    0000000e     libsysbm.a : hostrename.c.obj (.text.strcpy)
                  00001e50    0000000e                : hostrename.c.obj (.text.strlen)
                  00001e5e    0000000e     libc.a : memset16.S.obj (.text:TI_memset_small)
                  00001e6c    0000000c     Clock.o (.text._Z10Clock_Freqv)
                  00001e78    0000000c     ST7735.o (.text._Z13ST7735_renamePKcS0_)
                  00001e84    0000000c     libc.a : memory.c.obj (.text.malloc)
                  00001e90    0000000a     ST7735.o (.text._Z12ST7735_closei)
                  00001e9a    0000000a     ST7735.o (.text._Z13ST7735_unlinkPKc)
                  00001ea4    0000000a     Lab9HMain.o (.text._Z8PLL_Initv)
                  00001eae    00000008     Lab9HMain.o (.text._GLOBAL__sub_I_Lab9HMain.cpp)
                  00001eb6    00000008     libsysbm.a : remove.c.obj (.text.remove)
                  00001ebe    00000002     libc.a : _lock.c.obj (.text._nop)
                  00001ec0    00000008     libclang_rt.builtins.a : aeabi_memcpy.S.obj (.text)
                  00001ec8    00000004     startup_mspm0g3507_ticlang.o (.text.Default_Handler)
                  00001ecc    00000004     startup_mspm0g3507_ticlang.o (.text.HardFault_Handler)
                  00001ed0    00000004     startup_mspm0g3507_ticlang.o (.text.Reset_Handler)
                  00001ed4    00000004     libc.a : pre_init.c.obj (.text._system_pre_init)
                  00001ed8    00000004            : exit.c.obj (.text:abort)
                  00001edc    00000004     --HOLE-- [fill = 0]

.cinit     0    000024e8    000000b8     
                  000024e8    0000008d     (.cinit..data.load) [load image, compression = lzss]
                  00002575    00000003     --HOLE-- [fill = 0]
                  00002578    0000000c     (__TI_handler_table)
                  00002584    00000008     (.cinit..bss.load) [load image, compression = zero_init]
                  0000258c    00000010     (__TI_cinit_table)
                  0000259c    00000004     --HOLE-- [fill = 0]

.rodata    0    00001ee0    00000600     
                  00001ee0    000004fb     ST7735.o (.rodata._ZL4Font)
                  000023db    0000003b     ST7735.o (.rodata._ZL5Rcmd1)
                  00002416    0000002e     ST7735.o (.rodata.str1.1)
                  00002444    0000002b     ST7735.o (.rodata._ZL5Rcmd3)
                  0000246f    0000000d     ST7735.o (.rodata._ZL10Rcmd2green)
                  0000247c    0000000d     ST7735.o (.rodata._ZL8Rcmd2red)
                  00002489    0000000a     Lab9HMain.o (.rodata._ZL14Goodbye_French)
                  00002493    0000000a     Lab9HMain.o (.rodata._ZL19Language_Portuguese)
                  0000249d    00000009     Lab9HMain.o (.rodata._ZL15Language_French)
                  000024a6    00000008     Lab9HMain.o (.rodata._ZL15Goodbye_English)
                  000024ae    00000008     Lab9HMain.o (.rodata._ZL16Language_English)
                  000024b6    00000008     Lab9HMain.o (.rodata._ZL16Language_Spanish)
                  000024be    00000007     Lab9HMain.o (.rodata._ZL13Hello_Spanish)
                  000024c5    00000006     Lab9HMain.o (.rodata._ZL13Hello_English)
                  000024cb    00000006     Lab9HMain.o (.rodata._ZL15Goodbye_Spanish)
                  000024d1    00000006     Lab9HMain.o (.rodata._ZL18Goodbye_Portuguese)
                  000024d7    00000005     Lab9HMain.o (.rodata._ZL12Hello_French)
                  000024dc    00000004     Lab9HMain.o (.rodata._ZL16Hello_Portuguese)

.init_array 
*          0    000024e0    00000008     
                  000024e0    00000004     Lab9HMain.o (.init_array)
                  000024e4    00000004     --HOLE-- [fill = 0]

.data      0    20200000    00000231     UNINITIALIZED
                  20200000    000000f0     libc.a : defs.c.obj (.data._ftable)
                  202000f0    00000078     libsysbm.a : host_device.c.obj (.data._device)
                  20200168    00000050                : host_device.c.obj (.data._stream)
                  202001b8    00000030     Lab9HMain.o (.data.Phrases)
                  202001e8    00000014     Lab9HMain.o (.data.Sensor)
                  202001fc    00000008     libc.a : exit.c.obj (.data..L_MergedGlobals)
                  20200204    00000004     Clock.o (.data.BusFreq)
                  20200208    00000004     ST7735.o (.data.StX)
                  2020020c    00000004     ST7735.o (.data.StY)
                  20200210    00000004     libc.a : defs.c.obj (.data.__TI_ft_end)
                  20200214    00000004            : _lock.c.obj (.data._lock)
                  20200218    00000004            : _lock.c.obj (.data._unlock)
                  2020021c    00000002     ST7735.o (.data.StTextColor)
                  2020021e    00000002     ST7735.o (.data._ZL6_width)
                  20200220    00000002     ST7735.o (.data._ZL7_height)
                  20200222    00000002     --HOLE--
                  20200224    00000001     libc.a : fopen.c.obj (.data._search_fp.init)
                  20200225    00000003     --HOLE--
                  20200228    00000001     libsysbm.a : add_device.c.obj (.data.add_device.device_init)
                  20200229    00000003     --HOLE--
                  2020022c    00000001     libc.a : memory.c.obj (.data.memory_is_initialized)
                  2020022d    00000003     --HOLE--
                  20200230    00000001     libsysbm.a : open.c.obj (.data.open.stream_init)

.sysmem    0    20200238    00000200     UNINITIALIZED
                  20200238    00000010     libc.a : memory.c.obj (.sysmem)
                  20200248    000001f0     --HOLE--

.bss       0    20200438    000001f3     UNINITIALIZED
                  20200438    00000120     libsysbm.a : trgmsg.c.obj (.bss:_CIOBUF_)
                  20200558    000000a0     (.common:__TI_tmpnams)
                  202005f8    0000000c     ST7735.o (.bss.Message)
                  20200604    00000008     (.common:parmbuf)
                  2020060c    00000004     ST7735.o (.bss.Messageindex)
                  20200610    00000004     Sound.o (.bss.SizeSoundArray)
                  20200614    00000004     Sound.o (.bss.SoundIndex)
                  20200618    00000004     TExaS.o (.bss.TExaSLogic)
                  2020061c    00000004     TExaS.o (.bss.TExaSadc)
                  20200620    00000004     Sound.o (.bss.WavePt)
                  20200624    00000004     libc.a : memory.c.obj (.bss.sys_free)
                  20200628    00000001     ST7735.o (.bss._ZL8ColStart)
                  20200629    00000001     ST7735.o (.bss._ZL8RowStart)
                  2020062a    00000001     ST7735.o (.bss._ZL8TabColor)

.stack     0    20207e00    00000200     UNINITIALIZED
                  20207e00    00000004     libc.a : boot_cortex_m.c.obj (.stack)
                  20207e04    000001fc     --HOLE--

__llvm_prf_cnts 
*          0    20200000    00000000     UNINITIALIZED

__llvm_prf_bits 
*          0    20200000    00000000     UNINITIALIZED

MODULE SUMMARY

       Module                         code   ro data   rw data
       ------                         ----   -------   -------
    .\
       ST7735.o                       2324   1449      33     
       Lab9HMain.o                    362    91        68     
       Clock.o                        516    0         4      
       SPI.o                          440    0         0      
       LaunchPad.o                    180    0         0      
       Sound.o                        76     0         12     
       TExaS.o                        64     0         8      
       DAC5.o                         28     0         0      
       SlidePot.o                     24     0         0      
    +--+------------------------------+------+---------+---------+
       Total:                         4014   1540      125    
                                                              
    .\ticlang\
       startup_mspm0g3507_ticlang.o   12     192       0      
    +--+------------------------------+------+---------+---------+
       Total:                         12     192       0      
                                                              
    C:\ti\ccs1240\ccs\tools\compiler\ti-cgt-armllvm_2.1.3.LTS\lib\armv6m-ti-none-eabi/c/libc.a
       memory.c.obj                   752    0         5      
       fopen.c.obj                    552    0         1      
       defs.c.obj                     0      0         404    
       setvbuf.c.obj                  224    0         0      
       getdevice.c.obj                164    0         0      
       fclose.c.obj                   124    0         0      
       copy_decompress_lzss.c.obj     104    0         0      
       autoinit.c.obj                 84     0         0      
       fflush.c.obj                   80     0         0      
       exit.c.obj                     56     0         8      
       boot_cortex_m.c.obj            40     0         0      
       copy_zero_init.c.obj           20     0         0      
       copy_decompress_none.c.obj     18     0         0      
       memcpy16.S.obj                 18     0         0      
       memset16.S.obj                 14     0         0      
       _lock.c.obj                    2      0         8      
       pre_init.c.obj                 4      0         0      
    +--+------------------------------+------+---------+---------+
       Total:                         2256   0         426    
                                                              
    C:\ti\ccs1240\ccs\tools\compiler\ti-cgt-armllvm_2.1.3.LTS\lib\armv6m-ti-none-eabi/c/libsysbm.a
       trgmsg.c.obj                   104    0         288    
       add_device.c.obj               232    0         1      
       host_device.c.obj              0      0         200    
       open.c.obj                     168    0         1      
       hostrename.c.obj               132    0         0      
       hostlseek.c.obj                104    0         0      
       hostopen.c.obj                 92     0         8      
       hostread.c.obj                 88     0         0      
       hostwrite.c.obj                88     0         0      
       close.c.obj                    80     0         0      
       hostclose.c.obj                72     0         0      
       hostunlink.c.obj               72     0         0      
       unlink.c.obj                   44     0         0      
       write.c.obj                    40     0         0      
       remove.c.obj                   8      0         0      
    +--+------------------------------+------+---------+---------+
       Total:                         1324   0         498    
                                                              
    C:\ti\ccs1240\ccs\tools\compiler\ti-cgt-armllvm_2.1.3.LTS\lib\clang/14.0.6/lib/armv6m-ti-none-eabi/libclang_rt.builtins.a
       aeabi_uidivmod.S.obj           64     0         0      
       aeabi_memset.S.obj             28     0         0      
       aeabi_memcpy.S.obj             8      0         0      
       aeabi_div0.c.obj               2      0         0      
    +--+------------------------------+------+---------+---------+
       Total:                         102    0         0      
                                                              
       Heap:                          0      0         512    
       Stack:                         0      0         512    
       Linker Generated:              0      177       0      
    +--+------------------------------+------+---------+---------+
       Grand Total:                   7708   1909      2073   


LINKER GENERATED COPY TABLES

__TI_cinit_table @ 0000258c records: 2, size/record: 8, table size: 16
	.data: load addr=000024e8, load size=0000008d bytes, run addr=20200000, run size=00000231 bytes, compression=lzss
	.bss: load addr=00002584, load size=00000008 bytes, run addr=20200438, run size=000001f3 bytes, compression=zero_init


LINKER GENERATED HANDLER TABLE

__TI_handler_table @ 00002578 records: 3, size/record: 4, table size: 12
	index: 0, handler: __TI_decompress_lzss
	index: 1, handler: __TI_decompress_none
	index: 2, handler: __TI_zero_init


GLOBAL SYMBOLS: SORTED ALPHABETICALLY BY Name 

address   name                        
-------   ----                        
00001ec9  ADC0_IRQHandler             
00001ec9  ADC1_IRQHandler             
00001ec9  AES_IRQHandler              
20200204  BusFreq                     
00001ed8  C$$EXIT                     
00001b5f  C$$IO$$                     
00001ec9  CANFD0_IRQHandler           
00001ec9  DAC0_IRQHandler             
00001ec9  DMA_IRQHandler              
00001ec9  Default_Handler             
00001ec9  GROUP0_IRQHandler           
00001ec9  GROUP1_IRQHandler           
000017f1  HOSTclose                   
000013b5  HOSTlseek                   
00001551  HOSTopen                    
000015ad  HOSTread                    
0000141d  HOSTrename                  
00001839  HOSTunlink                  
00001605  HOSTwrite                   
00001ecd  HardFault_Handler           
00001ec9  I2C0_IRQHandler             
00001ec9  I2C1_IRQHandler             
202005f8  Message                     
2020060c  Messageindex                
00001ec9  NMI_Handler                 
00001ec9  PendSV_Handler              
202001b8  Phrases                     
00001ec9  RTC_IRQHandler              
00001ed1  Reset_Handler               
000024e0  SHT$$INIT_ARRAY$$Base       
000024e4  SHT$$INIT_ARRAY$$Limit      
00001ec9  SPI0_IRQHandler             
00001ec9  SPI1_IRQHandler             
00001ec9  SVC_Handler                 
202001e8  Sensor                      
20200610  SizeSoundArray              
20200614  SoundIndex                  
2020021c  StTextColor                 
20200208  StX                         
2020020c  StY                         
000017a5  SysTick_Handler             
20200618  TExaSLogic                  
2020061c  TExaSadc                    
00001ec9  TIMA0_IRQHandler            
00001ec9  TIMA1_IRQHandler            
00001ec9  TIMG0_IRQHandler            
00001c59  TIMG12_IRQHandler           
00001ec9  TIMG6_IRQHandler            
000018c9  TIMG7_IRQHandler            
00001ec9  TIMG8_IRQHandler            
00001e01  TI_memcpy_small             
00001e5f  TI_memset_small             
00001ec9  UART0_IRQHandler            
00001ec9  UART1_IRQHandler            
00001ec9  UART2_IRQHandler            
00001ec9  UART3_IRQHandler            
20200620  WavePt                      
20200438  _CIOBUF_                    
00001e6d  _Z10Clock_Freqv             
00001e25  _Z11Clock_Delayj            
00001989  _Z11SPI_OutDatac            
00001dc1  _Z11ST7735_openPKcji        
00001dd7  _Z11ST7735_readiPcj         
0000165d  _Z11fillmessagej            
00000f35  _Z12ST7735_InitR10initRFlags
00001e91  _Z12ST7735_closei           
00001e35  _Z12ST7735_lseekili         
00001a31  _Z12ST7735_writeiPKcj       
00001e79  _Z13ST7735_renamePKcS0_     
00001e9b  _Z13ST7735_unlinkPKc        
00001a65  _Z14Clock_Delay1msj         
000011e1  _Z14LaunchPad_Initv         
00001881  _Z14SPI_OutCommandc         
00000c7d  _Z14ST7735_OutCharc         
00001055  _Z14ST7735_OutUDecj         
000019c1  _Z15ActivatePortA_Bv        
000000c1  _Z15Clock_Init80MHzi        
0000068d  _Z15ST7735_FillRectsssst    
00000275  _Z16ST7735_DrawCharSsscssh  
000012d9  _Z16ST7735_DrawPixelsst     
00001cf9  _Z16ST7735_OutStringPc      
00001a99  _Z16ST7735_SetCursorjj      
000010d9  _Z17ST7735_DrawStringttPcs  
00001c01  _Z17ST7735_FillScreent      
00000e99  _Z17ST7735_InitPrintfv      
00001d3d  _Z8DAC5_Outj                
00001ea5  _Z8PLL_Initv                
000009bd  _Z8SPI_Initv                
00001909  _Z9SPI_Resetv               
00001d91  _ZN8SlidePotC1Ejj           
00001d91  _ZN8SlidePotC2Ejj           
20200438  __CIOBUF_                   
20208000  __STACK_END                 
00000200  __STACK_SIZE                
00000200  __SYSMEM_SIZE               
0000258c  __TI_CINIT_Base             
0000259c  __TI_CINIT_Limit            
0000259c  __TI_CINIT_Warm             
00002578  __TI_Handler_Table_Base     
00002584  __TI_Handler_Table_Limit    
000016b1  __TI_auto_init_nobinit      
00001acd  __TI_cleanup                
202001fc  __TI_cleanup_ptr            
0000125d  __TI_closefile              
00001485  __TI_decompress_lzss        
00001e13  __TI_decompress_none        
00001705  __TI_doflush                
20200200  __TI_dtors_ptr              
20200210  __TI_ft_end                 
ffffffff  __TI_pprof_out_hndl         
ffffffff  __TI_prof_data_size         
ffffffff  __TI_prof_data_start        
00001b01  __TI_readmsg                
00000000  __TI_static_base__          
20200558  __TI_tmpnams                
00001b35  __TI_writemsg               
00001ded  __TI_zero_init_nomemset     
00000e97  __aeabi_idiv0               
00001d85  __aeabi_memclr              
00001d85  __aeabi_memclr4             
00001d85  __aeabi_memclr8             
00001ec1  __aeabi_memcpy              
00001ec1  __aeabi_memcpy4             
00001ec1  __aeabi_memcpy8             
00001d75  __aeabi_memset              
00001d75  __aeabi_memset4             
00001d75  __aeabi_memset8             
00001949  __aeabi_uidiv               
00001949  __aeabi_uidivmod            
ffffffff  __binit__                   
UNDEFED   __mpu_init                  
20207e00  __stack                     
20200000  __start___llvm_prf_bits     
20200000  __start___llvm_prf_cnts     
20200000  __stop___llvm_prf_bits      
20200000  __stop___llvm_prf_cnts      
00001cd1  _c_int00_noargs             
202000f0  _device                     
20200000  _ftable                     
20200214  _lock                       
00001ebf  _nop                        
20200168  _stream                     
20200238  _sys_memory                 
UNDEFED   _system_post_cinit          
00001ed5  _system_pre_init            
20200218  _unlock                     
00001ed9  abort                       
00000ab5  add_device                  
00000551  aligned_alloc               
ffffffff  binit                       
00001755  close                       
00001b69  exit                        
000019f9  finddevice                  
0000115d  fopen                       
000008bd  free                        
00001b9d  freopen                     
00001349  getdevice                   
00000000  interruptVectors            
000007a5  main                        
00001e85  malloc                      
00000551  memalign                    
00000d4d  open                        
20200604  parmbuf                     
00001eb7  remove                      
00000b9d  setvbuf                     
00001c2d  unlink                      
00001ca9  write                       


GLOBAL SYMBOLS: SORTED BY Symbol Address 

address   name                        
-------   ----                        
00000000  __TI_static_base__          
00000000  interruptVectors            
000000c1  _Z15Clock_Init80MHzi        
00000200  __STACK_SIZE                
00000200  __SYSMEM_SIZE               
00000275  _Z16ST7735_DrawCharSsscssh  
00000551  aligned_alloc               
00000551  memalign                    
0000068d  _Z15ST7735_FillRectsssst    
000007a5  main                        
000008bd  free                        
000009bd  _Z8SPI_Initv                
00000ab5  add_device                  
00000b9d  setvbuf                     
00000c7d  _Z14ST7735_OutCharc         
00000d4d  open                        
00000e97  __aeabi_idiv0               
00000e99  _Z17ST7735_InitPrintfv      
00000f35  _Z12ST7735_InitR10initRFlags
00001055  _Z14ST7735_OutUDecj         
000010d9  _Z17ST7735_DrawStringttPcs  
0000115d  fopen                       
000011e1  _Z14LaunchPad_Initv         
0000125d  __TI_closefile              
000012d9  _Z16ST7735_DrawPixelsst     
00001349  getdevice                   
000013b5  HOSTlseek                   
0000141d  HOSTrename                  
00001485  __TI_decompress_lzss        
00001551  HOSTopen                    
000015ad  HOSTread                    
00001605  HOSTwrite                   
0000165d  _Z11fillmessagej            
000016b1  __TI_auto_init_nobinit      
00001705  __TI_doflush                
00001755  close                       
000017a5  SysTick_Handler             
000017f1  HOSTclose                   
00001839  HOSTunlink                  
00001881  _Z14SPI_OutCommandc         
000018c9  TIMG7_IRQHandler            
00001909  _Z9SPI_Resetv               
00001949  __aeabi_uidiv               
00001949  __aeabi_uidivmod            
00001989  _Z11SPI_OutDatac            
000019c1  _Z15ActivatePortA_Bv        
000019f9  finddevice                  
00001a31  _Z12ST7735_writeiPKcj       
00001a65  _Z14Clock_Delay1msj         
00001a99  _Z16ST7735_SetCursorjj      
00001acd  __TI_cleanup                
00001b01  __TI_readmsg                
00001b35  __TI_writemsg               
00001b5f  C$$IO$$                     
00001b69  exit                        
00001b9d  freopen                     
00001c01  _Z17ST7735_FillScreent      
00001c2d  unlink                      
00001c59  TIMG12_IRQHandler           
00001ca9  write                       
00001cd1  _c_int00_noargs             
00001cf9  _Z16ST7735_OutStringPc      
00001d3d  _Z8DAC5_Outj                
00001d75  __aeabi_memset              
00001d75  __aeabi_memset4             
00001d75  __aeabi_memset8             
00001d85  __aeabi_memclr              
00001d85  __aeabi_memclr4             
00001d85  __aeabi_memclr8             
00001d91  _ZN8SlidePotC1Ejj           
00001d91  _ZN8SlidePotC2Ejj           
00001dc1  _Z11ST7735_openPKcji        
00001dd7  _Z11ST7735_readiPcj         
00001ded  __TI_zero_init_nomemset     
00001e01  TI_memcpy_small             
00001e13  __TI_decompress_none        
00001e25  _Z11Clock_Delayj            
00001e35  _Z12ST7735_lseekili         
00001e5f  TI_memset_small             
00001e6d  _Z10Clock_Freqv             
00001e79  _Z13ST7735_renamePKcS0_     
00001e85  malloc                      
00001e91  _Z12ST7735_closei           
00001e9b  _Z13ST7735_unlinkPKc        
00001ea5  _Z8PLL_Initv                
00001eb7  remove                      
00001ebf  _nop                        
00001ec1  __aeabi_memcpy              
00001ec1  __aeabi_memcpy4             
00001ec1  __aeabi_memcpy8             
00001ec9  ADC0_IRQHandler             
00001ec9  ADC1_IRQHandler             
00001ec9  AES_IRQHandler              
00001ec9  CANFD0_IRQHandler           
00001ec9  DAC0_IRQHandler             
00001ec9  DMA_IRQHandler              
00001ec9  Default_Handler             
00001ec9  GROUP0_IRQHandler           
00001ec9  GROUP1_IRQHandler           
00001ec9  I2C0_IRQHandler             
00001ec9  I2C1_IRQHandler             
00001ec9  NMI_Handler                 
00001ec9  PendSV_Handler              
00001ec9  RTC_IRQHandler              
00001ec9  SPI0_IRQHandler             
00001ec9  SPI1_IRQHandler             
00001ec9  SVC_Handler                 
00001ec9  TIMA0_IRQHandler            
00001ec9  TIMA1_IRQHandler            
00001ec9  TIMG0_IRQHandler            
00001ec9  TIMG6_IRQHandler            
00001ec9  TIMG8_IRQHandler            
00001ec9  UART0_IRQHandler            
00001ec9  UART1_IRQHandler            
00001ec9  UART2_IRQHandler            
00001ec9  UART3_IRQHandler            
00001ecd  HardFault_Handler           
00001ed1  Reset_Handler               
00001ed5  _system_pre_init            
00001ed8  C$$EXIT                     
00001ed9  abort                       
000024e0  SHT$$INIT_ARRAY$$Base       
000024e4  SHT$$INIT_ARRAY$$Limit      
00002578  __TI_Handler_Table_Base     
00002584  __TI_Handler_Table_Limit    
0000258c  __TI_CINIT_Base             
0000259c  __TI_CINIT_Limit            
0000259c  __TI_CINIT_Warm             
20200000  __start___llvm_prf_bits     
20200000  __start___llvm_prf_cnts     
20200000  __stop___llvm_prf_bits      
20200000  __stop___llvm_prf_cnts      
20200000  _ftable                     
202000f0  _device                     
20200168  _stream                     
202001b8  Phrases                     
202001e8  Sensor                      
202001fc  __TI_cleanup_ptr            
20200200  __TI_dtors_ptr              
20200204  BusFreq                     
20200208  StX                         
2020020c  StY                         
20200210  __TI_ft_end                 
20200214  _lock                       
20200218  _unlock                     
2020021c  StTextColor                 
20200238  _sys_memory                 
20200438  _CIOBUF_                    
20200438  __CIOBUF_                   
20200558  __TI_tmpnams                
202005f8  Message                     
20200604  parmbuf                     
2020060c  Messageindex                
20200610  SizeSoundArray              
20200614  SoundIndex                  
20200618  TExaSLogic                  
2020061c  TExaSadc                    
20200620  WavePt                      
20207e00  __stack                     
20208000  __STACK_END                 
ffffffff  __TI_pprof_out_hndl         
ffffffff  __TI_prof_data_size         
ffffffff  __TI_prof_data_start        
ffffffff  __binit__                   
ffffffff  binit                       
UNDEFED   __mpu_init                  
UNDEFED   _system_post_cinit          

[167 symbols]
