<?xml version="1.0" encoding="ISO-8859-1" ?>
<link_info>
   <banner>TI ARM Clang Linker PC v2.1.3.LTS</banner>
   <copyright>Copyright (c) 1996-2018 Texas Instruments Incorporated</copyright>
   <link_time>0x6592e713</link_time>
   <link_errors>0x0</link_errors>
   <output_file>ECE319K_Lab9H.out</output_file>
   <entry_point>
      <name>_c_int00_noargs</name>
      <address>0x1cd1</address>
   </entry_point>
   <input_file_list>
      <input_file id="fl-1">
         <path>.\</path>
         <kind>object</kind>
         <file>Clock.o</file>
         <name>Clock.o</name>
      </input_file>
      <input_file id="fl-2">
         <path>.\</path>
         <kind>object</kind>
         <file>DAC5.o</file>
         <name>DAC5.o</name>
      </input_file>
      <input_file id="fl-3">
         <path>.\</path>
         <kind>object</kind>
         <file>LED.o</file>
         <name>LED.o</name>
      </input_file>
      <input_file id="fl-4">
         <path>.\</path>
         <kind>object</kind>
         <file>Lab9HMain.o</file>
         <name>Lab9HMain.o</name>
      </input_file>
      <input_file id="fl-5">
         <path>.\</path>
         <kind>object</kind>
         <file>LaunchPad.o</file>
         <name>LaunchPad.o</name>
      </input_file>
      <input_file id="fl-6">
         <path>.\</path>
         <kind>object</kind>
         <file>SPI.o</file>
         <name>SPI.o</name>
      </input_file>
      <input_file id="fl-7">
         <path>.\</path>
         <kind>object</kind>
         <file>ST7735.o</file>
         <name>ST7735.o</name>
      </input_file>
      <input_file id="fl-8">
         <path>.\</path>
         <kind>object</kind>
         <file>SlidePot.o</file>
         <name>SlidePot.o</name>
      </input_file>
      <input_file id="fl-9">
         <path>.\</path>
         <kind>object</kind>
         <file>SmallFont.o</file>
         <name>SmallFont.o</name>
      </input_file>
      <input_file id="fl-a">
         <path>.\</path>
         <kind>object</kind>
         <file>Sound.o</file>
         <name>Sound.o</name>
      </input_file>
      <input_file id="fl-b">
         <path>.\</path>
         <kind>object</kind>
         <file>Switch.o</file>
         <name>Switch.o</name>
      </input_file>
      <input_file id="fl-c">
         <path>.\</path>
         <kind>object</kind>
         <file>TExaS.o</file>
         <name>TExaS.o</name>
      </input_file>
      <input_file id="fl-d">
         <path>.\</path>
         <kind>object</kind>
         <file>Timer.o</file>
         <name>Timer.o</name>
      </input_file>
      <input_file id="fl-e">
         <path>.\images\pipedreams\</path>
         <kind>object</kind>
         <file>PipeSound.o</file>
         <name>PipeSound.o</name>
      </input_file>
      <input_file id="fl-f">
         <path>.\ticlang\</path>
         <kind>object</kind>
         <file>startup_mspm0g3507_ticlang.o</file>
         <name>startup_mspm0g3507_ticlang.o</name>
      </input_file>
      <input_file id="fl-1b">
         <kind>object</kind>
         <file>&lt;internal&gt;</file>
         <name>&lt;internal&gt;</name>
      </input_file>
      <input_file id="fl-27">
         <path>C:\ti\ccs1240\ccs\tools\compiler\ti-cgt-armllvm_2.1.3.LTS\lib\armv6m-ti-none-eabi\c\</path>
         <kind>archive</kind>
         <file>libc.a</file>
         <name>fopen.c.obj</name>
      </input_file>
      <input_file id="fl-28">
         <path>C:\ti\ccs1240\ccs\tools\compiler\ti-cgt-armllvm_2.1.3.LTS\lib\armv6m-ti-none-eabi\c\</path>
         <kind>archive</kind>
         <file>libc.a</file>
         <name>setvbuf.c.obj</name>
      </input_file>
      <input_file id="fl-29">
         <path>C:\ti\ccs1240\ccs\tools\compiler\ti-cgt-armllvm_2.1.3.LTS\lib\armv6m-ti-none-eabi\c\</path>
         <kind>archive</kind>
         <file>libc.a</file>
         <name>exit.c.obj</name>
      </input_file>
      <input_file id="fl-2a">
         <path>C:\ti\ccs1240\ccs\tools\compiler\ti-cgt-armllvm_2.1.3.LTS\lib\armv6m-ti-none-eabi\c\</path>
         <kind>archive</kind>
         <file>libc.a</file>
         <name>_lock.c.obj</name>
      </input_file>
      <input_file id="fl-2b">
         <path>C:\ti\ccs1240\ccs\tools\compiler\ti-cgt-armllvm_2.1.3.LTS\lib\armv6m-ti-none-eabi\c\</path>
         <kind>archive</kind>
         <file>libc.a</file>
         <name>defs.c.obj</name>
      </input_file>
      <input_file id="fl-2c">
         <path>C:\ti\ccs1240\ccs\tools\compiler\ti-cgt-armllvm_2.1.3.LTS\lib\armv6m-ti-none-eabi\c\</path>
         <kind>archive</kind>
         <file>libc.a</file>
         <name>memory.c.obj</name>
      </input_file>
      <input_file id="fl-2d">
         <path>C:\ti\ccs1240\ccs\tools\compiler\ti-cgt-armllvm_2.1.3.LTS\lib\armv6m-ti-none-eabi\c\</path>
         <kind>archive</kind>
         <file>libc.a</file>
         <name>copy_zero_init.c.obj</name>
      </input_file>
      <input_file id="fl-2e">
         <path>C:\ti\ccs1240\ccs\tools\compiler\ti-cgt-armllvm_2.1.3.LTS\lib\armv6m-ti-none-eabi\c\</path>
         <kind>archive</kind>
         <file>libc.a</file>
         <name>copy_decompress_none.c.obj</name>
      </input_file>
      <input_file id="fl-2f">
         <path>C:\ti\ccs1240\ccs\tools\compiler\ti-cgt-armllvm_2.1.3.LTS\lib\armv6m-ti-none-eabi\c\</path>
         <kind>archive</kind>
         <file>libc.a</file>
         <name>copy_decompress_lzss.c.obj</name>
      </input_file>
      <input_file id="fl-30">
         <path>C:\ti\ccs1240\ccs\tools\compiler\ti-cgt-armllvm_2.1.3.LTS\lib\armv6m-ti-none-eabi\c\</path>
         <kind>archive</kind>
         <file>libc.a</file>
         <name>boot_cortex_m.c.obj</name>
      </input_file>
      <input_file id="fl-31">
         <path>C:\ti\ccs1240\ccs\tools\compiler\ti-cgt-armllvm_2.1.3.LTS\lib\armv6m-ti-none-eabi\c\</path>
         <kind>archive</kind>
         <file>libc.a</file>
         <name>mathacl_init.c.obj</name>
      </input_file>
      <input_file id="fl-32">
         <path>C:\ti\ccs1240\ccs\tools\compiler\ti-cgt-armllvm_2.1.3.LTS\lib\armv6m-ti-none-eabi\c\</path>
         <kind>archive</kind>
         <file>libc.a</file>
         <name>abs.c.obj</name>
      </input_file>
      <input_file id="fl-33">
         <path>C:\ti\ccs1240\ccs\tools\compiler\ti-cgt-armllvm_2.1.3.LTS\lib\armv6m-ti-none-eabi\c\</path>
         <kind>archive</kind>
         <file>libc.a</file>
         <name>fclose.c.obj</name>
      </input_file>
      <input_file id="fl-34">
         <path>C:\ti\ccs1240\ccs\tools\compiler\ti-cgt-armllvm_2.1.3.LTS\lib\armv6m-ti-none-eabi\c\</path>
         <kind>archive</kind>
         <file>libc.a</file>
         <name>fflush.c.obj</name>
      </input_file>
      <input_file id="fl-35">
         <path>C:\ti\ccs1240\ccs\tools\compiler\ti-cgt-armllvm_2.1.3.LTS\lib\armv6m-ti-none-eabi\c\</path>
         <kind>archive</kind>
         <file>libc.a</file>
         <name>args_main.c.obj</name>
      </input_file>
      <input_file id="fl-36">
         <path>C:\ti\ccs1240\ccs\tools\compiler\ti-cgt-armllvm_2.1.3.LTS\lib\armv6m-ti-none-eabi\c\</path>
         <kind>archive</kind>
         <file>libc.a</file>
         <name>autoinit.c.obj</name>
      </input_file>
      <input_file id="fl-37">
         <path>C:\ti\ccs1240\ccs\tools\compiler\ti-cgt-armllvm_2.1.3.LTS\lib\armv6m-ti-none-eabi\c\</path>
         <kind>archive</kind>
         <file>libc.a</file>
         <name>pre_init.c.obj</name>
      </input_file>
      <input_file id="fl-38">
         <path>C:\ti\ccs1240\ccs\tools\compiler\ti-cgt-armllvm_2.1.3.LTS\lib\armv6m-ti-none-eabi\c\</path>
         <kind>archive</kind>
         <file>libc.a</file>
         <name>cpy_tbl.c.obj</name>
      </input_file>
      <input_file id="fl-71">
         <path>C:\ti\ccs1240\ccs\tools\compiler\ti-cgt-armllvm_2.1.3.LTS\lib\armv6m-ti-none-eabi\c\</path>
         <kind>archive</kind>
         <file>libsysbm.a</file>
         <name>write.c.obj</name>
      </input_file>
      <input_file id="fl-72">
         <path>C:\ti\ccs1240\ccs\tools\compiler\ti-cgt-armllvm_2.1.3.LTS\lib\armv6m-ti-none-eabi\c\</path>
         <kind>archive</kind>
         <file>libsysbm.a</file>
         <name>host_device.c.obj</name>
      </input_file>
      <input_file id="fl-73">
         <path>C:\ti\ccs1240\ccs\tools\compiler\ti-cgt-armllvm_2.1.3.LTS\lib\armv6m-ti-none-eabi\c\</path>
         <kind>archive</kind>
         <file>libsysbm.a</file>
         <name>remove.c.obj</name>
      </input_file>
      <input_file id="fl-74">
         <path>C:\ti\ccs1240\ccs\tools\compiler\ti-cgt-armllvm_2.1.3.LTS\lib\armv6m-ti-none-eabi\c\</path>
         <kind>archive</kind>
         <file>libsysbm.a</file>
         <name>open.c.obj</name>
      </input_file>
      <input_file id="fl-75">
         <path>C:\ti\ccs1240\ccs\tools\compiler\ti-cgt-armllvm_2.1.3.LTS\lib\armv6m-ti-none-eabi\c\</path>
         <kind>archive</kind>
         <file>libsysbm.a</file>
         <name>close.c.obj</name>
      </input_file>
      <input_file id="fl-76">
         <path>C:\ti\ccs1240\ccs\tools\compiler\ti-cgt-armllvm_2.1.3.LTS\lib\armv6m-ti-none-eabi\c\</path>
         <kind>archive</kind>
         <file>libsysbm.a</file>
         <name>add_device.c.obj</name>
      </input_file>
      <input_file id="fl-77">
         <path>C:\ti\ccs1240\ccs\tools\compiler\ti-cgt-armllvm_2.1.3.LTS\lib\armv6m-ti-none-eabi\c\</path>
         <kind>archive</kind>
         <file>libsysbm.a</file>
         <name>unlink.c.obj</name>
      </input_file>
      <input_file id="fl-78">
         <path>C:\ti\ccs1240\ccs\tools\compiler\ti-cgt-armllvm_2.1.3.LTS\lib\armv6m-ti-none-eabi\c\</path>
         <kind>archive</kind>
         <file>libsysbm.a</file>
         <name>hostclose.c.obj</name>
      </input_file>
      <input_file id="fl-79">
         <path>C:\ti\ccs1240\ccs\tools\compiler\ti-cgt-armllvm_2.1.3.LTS\lib\armv6m-ti-none-eabi\c\</path>
         <kind>archive</kind>
         <file>libsysbm.a</file>
         <name>hostlseek.c.obj</name>
      </input_file>
      <input_file id="fl-7a">
         <path>C:\ti\ccs1240\ccs\tools\compiler\ti-cgt-armllvm_2.1.3.LTS\lib\armv6m-ti-none-eabi\c\</path>
         <kind>archive</kind>
         <file>libsysbm.a</file>
         <name>hostopen.c.obj</name>
      </input_file>
      <input_file id="fl-7b">
         <path>C:\ti\ccs1240\ccs\tools\compiler\ti-cgt-armllvm_2.1.3.LTS\lib\armv6m-ti-none-eabi\c\</path>
         <kind>archive</kind>
         <file>libsysbm.a</file>
         <name>hostread.c.obj</name>
      </input_file>
      <input_file id="fl-7c">
         <path>C:\ti\ccs1240\ccs\tools\compiler\ti-cgt-armllvm_2.1.3.LTS\lib\armv6m-ti-none-eabi\c\</path>
         <kind>archive</kind>
         <file>libsysbm.a</file>
         <name>hostrename.c.obj</name>
      </input_file>
      <input_file id="fl-7d">
         <path>C:\ti\ccs1240\ccs\tools\compiler\ti-cgt-armllvm_2.1.3.LTS\lib\armv6m-ti-none-eabi\c\</path>
         <kind>archive</kind>
         <file>libsysbm.a</file>
         <name>hostunlink.c.obj</name>
      </input_file>
      <input_file id="fl-7e">
         <path>C:\ti\ccs1240\ccs\tools\compiler\ti-cgt-armllvm_2.1.3.LTS\lib\armv6m-ti-none-eabi\c\</path>
         <kind>archive</kind>
         <file>libsysbm.a</file>
         <name>hostwrite.c.obj</name>
      </input_file>
      <input_file id="fl-7f">
         <path>C:\ti\ccs1240\ccs\tools\compiler\ti-cgt-armllvm_2.1.3.LTS\lib\armv6m-ti-none-eabi\c\</path>
         <kind>archive</kind>
         <file>libsysbm.a</file>
         <name>trgmsg.c.obj</name>
      </input_file>
      <input_file id="fl-80">
         <path>C:\ti\ccs1240\ccs\tools\compiler\ti-cgt-armllvm_2.1.3.LTS\lib\clang\14.0.6\lib\armv6m-ti-none-eabi\</path>
         <kind>archive</kind>
         <file>libclang_rt.builtins.a</file>
         <name>adddf3.S.obj</name>
      </input_file>
      <input_file id="fl-81">
         <path>C:\ti\ccs1240\ccs\tools\compiler\ti-cgt-armllvm_2.1.3.LTS\lib\clang\14.0.6\lib\armv6m-ti-none-eabi\</path>
         <kind>archive</kind>
         <file>libclang_rt.builtins.a</file>
         <name>muldf3.S.obj</name>
      </input_file>
      <input_file id="fl-82">
         <path>C:\ti\ccs1240\ccs\tools\compiler\ti-cgt-armllvm_2.1.3.LTS\lib\clang\14.0.6\lib\armv6m-ti-none-eabi\</path>
         <kind>archive</kind>
         <file>libclang_rt.builtins.a</file>
         <name>muldsi3.S.obj</name>
      </input_file>
      <input_file id="fl-83">
         <path>C:\ti\ccs1240\ccs\tools\compiler\ti-cgt-armllvm_2.1.3.LTS\lib\clang\14.0.6\lib\armv6m-ti-none-eabi\</path>
         <kind>archive</kind>
         <file>libclang_rt.builtins.a</file>
         <name>floatunsidf.S.obj</name>
      </input_file>
      <input_file id="fl-84">
         <path>C:\ti\ccs1240\ccs\tools\compiler\ti-cgt-armllvm_2.1.3.LTS\lib\clang\14.0.6\lib\armv6m-ti-none-eabi\</path>
         <kind>archive</kind>
         <file>libclang_rt.builtins.a</file>
         <name>truncdfsf2.S.obj</name>
      </input_file>
      <input_file id="fl-85">
         <path>C:\ti\ccs1240\ccs\tools\compiler\ti-cgt-armllvm_2.1.3.LTS\lib\clang\14.0.6\lib\armv6m-ti-none-eabi\</path>
         <kind>archive</kind>
         <file>libclang_rt.builtins.a</file>
         <name>aeabi_idivmod.S.obj</name>
      </input_file>
      <input_file id="fl-86">
         <path>C:\ti\ccs1240\ccs\tools\compiler\ti-cgt-armllvm_2.1.3.LTS\lib\clang\14.0.6\lib\armv6m-ti-none-eabi\</path>
         <kind>archive</kind>
         <file>libclang_rt.builtins.a</file>
         <name>aeabi_memcpy.S.obj</name>
      </input_file>
      <input_file id="fl-87">
         <path>C:\ti\ccs1240\ccs\tools\compiler\ti-cgt-armllvm_2.1.3.LTS\lib\clang\14.0.6\lib\armv6m-ti-none-eabi\</path>
         <kind>archive</kind>
         <file>libclang_rt.builtins.a</file>
         <name>aeabi_memset.S.obj</name>
      </input_file>
      <input_file id="fl-88">
         <path>C:\ti\ccs1240\ccs\tools\compiler\ti-cgt-armllvm_2.1.3.LTS\lib\clang\14.0.6\lib\armv6m-ti-none-eabi\</path>
         <kind>archive</kind>
         <file>libclang_rt.builtins.a</file>
         <name>aeabi_uidivmod.S.obj</name>
      </input_file>
      <input_file id="fl-89">
         <path>C:\ti\ccs1240\ccs\tools\compiler\ti-cgt-armllvm_2.1.3.LTS\lib\clang\14.0.6\lib\armv6m-ti-none-eabi\</path>
         <kind>archive</kind>
         <file>libclang_rt.builtins.a</file>
         <name>aeabi_div0.c.obj</name>
      </input_file>
      <input_file id="fl-8a">
         <path>C:\ti\ccs1240\ccs\tools\compiler\ti-cgt-armllvm_2.1.3.LTS\lib\armv6m-ti-none-eabi\c\</path>
         <kind>archive</kind>
         <file>libc.a</file>
         <name>getdevice.c.obj</name>
      </input_file>
      <input_file id="fl-8b">
         <path>C:\ti\ccs1240\ccs\tools\compiler\ti-cgt-armllvm_2.1.3.LTS\lib\armv6m-ti-none-eabi\c\</path>
         <kind>archive</kind>
         <file>libc.a</file>
         <name>memcpy16.S.obj</name>
      </input_file>
      <input_file id="fl-8c">
         <path>C:\ti\ccs1240\ccs\tools\compiler\ti-cgt-armllvm_2.1.3.LTS\lib\armv6m-ti-none-eabi\c\</path>
         <kind>archive</kind>
         <file>libc.a</file>
         <name>memset16.S.obj</name>
      </input_file>
   </input_file_list>
   <object_component_list>
      <object_component id="oc-18">
         <name>.intvecs</name>
         <load_address>0x0</load_address>
         <run_address>0x0</run_address>
         <size>0xc0</size>
         <input_file_ref idref="fl-f"/>
      </object_component>
      <object_component id="oc-d6">
         <name>.text._Z15Clock_Init80MHzi</name>
         <load_address>0xc0</load_address>
         <run_address>0xc0</run_address>
         <size>0x1b4</size>
         <input_file_ref idref="fl-1"/>
      </object_component>
      <object_component id="oc-fa">
         <name>.text._Z16ST7735_DrawCharSsscssh</name>
         <load_address>0x274</load_address>
         <run_address>0x274</run_address>
         <size>0x1a0</size>
         <input_file_ref idref="fl-7"/>
      </object_component>
      <object_component id="oc-13f">
         <name>.text._openfile</name>
         <load_address>0x414</load_address>
         <run_address>0x414</run_address>
         <size>0x13c</size>
         <input_file_ref idref="fl-27"/>
      </object_component>
      <object_component id="oc-1a3">
         <name>.text.aligned_alloc</name>
         <load_address>0x550</load_address>
         <run_address>0x550</run_address>
         <size>0x13c</size>
         <input_file_ref idref="fl-2c"/>
      </object_component>
      <object_component id="oc-f6">
         <name>.text._Z15ST7735_FillRectsssst</name>
         <load_address>0x68c</load_address>
         <run_address>0x68c</run_address>
         <size>0x118</size>
         <input_file_ref idref="fl-7"/>
      </object_component>
      <object_component id="oc-82">
         <name>.text.main</name>
         <load_address>0x7a4</load_address>
         <run_address>0x7a4</run_address>
         <size>0x118</size>
         <input_file_ref idref="fl-4"/>
      </object_component>
      <object_component id="oc-14a">
         <name>.text.free</name>
         <load_address>0x8bc</load_address>
         <run_address>0x8bc</run_address>
         <size>0x100</size>
         <input_file_ref idref="fl-2c"/>
      </object_component>
      <object_component id="oc-166">
         <name>.text._Z8SPI_Initv</name>
         <load_address>0x9bc</load_address>
         <run_address>0x9bc</run_address>
         <size>0xf8</size>
         <input_file_ref idref="fl-6"/>
      </object_component>
      <object_component id="oc-db">
         <name>.text.add_device</name>
         <load_address>0xab4</load_address>
         <run_address>0xab4</run_address>
         <size>0xe8</size>
         <input_file_ref idref="fl-76"/>
      </object_component>
      <object_component id="oc-e6">
         <name>.text.setvbuf</name>
         <load_address>0xb9c</load_address>
         <run_address>0xb9c</run_address>
         <size>0xe0</size>
         <input_file_ref idref="fl-28"/>
      </object_component>
      <object_component id="oc-a7">
         <name>.text._Z14ST7735_OutCharc</name>
         <load_address>0xc7c</load_address>
         <run_address>0xc7c</run_address>
         <size>0xd0</size>
         <input_file_ref idref="fl-7"/>
      </object_component>
      <object_component id="oc-18c">
         <name>.text.open</name>
         <load_address>0xd4c</load_address>
         <run_address>0xd4c</run_address>
         <size>0xa8</size>
         <input_file_ref idref="fl-74"/>
      </object_component>
      <object_component id="oc-125">
         <name>.text._ZL11commandListPKh</name>
         <load_address>0xdf4</load_address>
         <run_address>0xdf4</run_address>
         <size>0xa2</size>
         <input_file_ref idref="fl-7"/>
      </object_component>
      <object_component id="oc-157">
         <name>.text.__aeabi_idiv0</name>
         <load_address>0xe96</load_address>
         <run_address>0xe96</run_address>
         <size>0x2</size>
         <input_file_ref idref="fl-89"/>
      </object_component>
      <object_component id="oc-a0">
         <name>.text._Z17ST7735_InitPrintfv</name>
         <load_address>0xe98</load_address>
         <run_address>0xe98</run_address>
         <size>0x9c</size>
         <input_file_ref idref="fl-7"/>
      </object_component>
      <object_component id="oc-da">
         <name>.text._Z12ST7735_InitR10initRFlags</name>
         <load_address>0xf34</load_address>
         <run_address>0xf34</run_address>
         <size>0x98</size>
         <input_file_ref idref="fl-7"/>
      </object_component>
      <object_component id="oc-154">
         <name>.text._ZL13setAddrWindowhhhh</name>
         <load_address>0xfcc</load_address>
         <run_address>0xfcc</run_address>
         <size>0x88</size>
         <input_file_ref idref="fl-7"/>
      </object_component>
      <object_component id="oc-ae">
         <name>.text._Z14ST7735_OutUDecj</name>
         <load_address>0x1054</load_address>
         <run_address>0x1054</run_address>
         <size>0x84</size>
         <input_file_ref idref="fl-7"/>
      </object_component>
      <object_component id="oc-f9">
         <name>.text._Z17ST7735_DrawStringttPcs</name>
         <load_address>0x10d8</load_address>
         <run_address>0x10d8</run_address>
         <size>0x84</size>
         <input_file_ref idref="fl-7"/>
      </object_component>
      <object_component id="oc-df">
         <name>.text.fopen</name>
         <load_address>0x115c</load_address>
         <run_address>0x115c</run_address>
         <size>0x84</size>
         <input_file_ref idref="fl-27"/>
      </object_component>
      <object_component id="oc-9b">
         <name>.text._Z14LaunchPad_Initv</name>
         <load_address>0x11e0</load_address>
         <run_address>0x11e0</run_address>
         <size>0x7c</size>
         <input_file_ref idref="fl-5"/>
      </object_component>
      <object_component id="oc-144">
         <name>.text.__TI_closefile</name>
         <load_address>0x125c</load_address>
         <run_address>0x125c</run_address>
         <size>0x7c</size>
         <input_file_ref idref="fl-33"/>
      </object_component>
      <object_component id="oc-155">
         <name>.text._Z16ST7735_DrawPixelsst</name>
         <load_address>0x12d8</load_address>
         <run_address>0x12d8</run_address>
         <size>0x70</size>
         <input_file_ref idref="fl-7"/>
      </object_component>
      <object_component id="oc-1c8">
         <name>.text.getdevice</name>
         <load_address>0x1348</load_address>
         <run_address>0x1348</run_address>
         <size>0x6c</size>
         <input_file_ref idref="fl-8a"/>
      </object_component>
      <object_component id="oc-17b">
         <name>.text.HOSTlseek</name>
         <load_address>0x13b4</load_address>
         <run_address>0x13b4</run_address>
         <size>0x68</size>
         <input_file_ref idref="fl-79"/>
      </object_component>
      <object_component id="oc-183">
         <name>.text.HOSTrename</name>
         <load_address>0x141c</load_address>
         <run_address>0x141c</run_address>
         <size>0x68</size>
         <input_file_ref idref="fl-7c"/>
      </object_component>
      <object_component id="oc-1c">
         <name>.text:decompress:lzss</name>
         <load_address>0x1484</load_address>
         <run_address>0x1484</run_address>
         <size>0x68</size>
         <input_file_ref idref="fl-2f"/>
      </object_component>
      <object_component id="oc-1df">
         <name>.text.split</name>
         <load_address>0x14ec</load_address>
         <run_address>0x14ec</run_address>
         <size>0x64</size>
         <input_file_ref idref="fl-2c"/>
      </object_component>
      <object_component id="oc-16b">
         <name>.text.HOSTopen</name>
         <load_address>0x1550</load_address>
         <run_address>0x1550</run_address>
         <size>0x5c</size>
         <input_file_ref idref="fl-7a"/>
      </object_component>
      <object_component id="oc-173">
         <name>.text.HOSTread</name>
         <load_address>0x15ac</load_address>
         <run_address>0x15ac</run_address>
         <size>0x58</size>
         <input_file_ref idref="fl-7b"/>
      </object_component>
      <object_component id="oc-177">
         <name>.text.HOSTwrite</name>
         <load_address>0x1604</load_address>
         <run_address>0x1604</run_address>
         <size>0x58</size>
         <input_file_ref idref="fl-7e"/>
      </object_component>
      <object_component id="oc-106">
         <name>.text._Z11fillmessagej</name>
         <load_address>0x165c</load_address>
         <run_address>0x165c</run_address>
         <size>0x54</size>
         <input_file_ref idref="fl-7"/>
      </object_component>
      <object_component id="oc-bd">
         <name>.text:__TI_auto_init_nobinit</name>
         <load_address>0x16b0</load_address>
         <run_address>0x16b0</run_address>
         <size>0x54</size>
         <input_file_ref idref="fl-36"/>
      </object_component>
      <object_component id="oc-190">
         <name>.text.__TI_doflush</name>
         <load_address>0x1704</load_address>
         <run_address>0x1704</run_address>
         <size>0x50</size>
         <input_file_ref idref="fl-34"/>
      </object_component>
      <object_component id="oc-196">
         <name>.text.close</name>
         <load_address>0x1754</load_address>
         <run_address>0x1754</run_address>
         <size>0x50</size>
         <input_file_ref idref="fl-75"/>
      </object_component>
      <object_component id="oc-2f">
         <name>.text.SysTick_Handler</name>
         <load_address>0x17a4</load_address>
         <run_address>0x17a4</run_address>
         <size>0x4c</size>
         <input_file_ref idref="fl-a"/>
      </object_component>
      <object_component id="oc-16f">
         <name>.text.HOSTclose</name>
         <load_address>0x17f0</load_address>
         <run_address>0x17f0</run_address>
         <size>0x48</size>
         <input_file_ref idref="fl-78"/>
      </object_component>
      <object_component id="oc-17f">
         <name>.text.HOSTunlink</name>
         <load_address>0x1838</load_address>
         <run_address>0x1838</run_address>
         <size>0x48</size>
         <input_file_ref idref="fl-7d"/>
      </object_component>
      <object_component id="oc-126">
         <name>.text._Z14SPI_OutCommandc</name>
         <load_address>0x1880</load_address>
         <run_address>0x1880</run_address>
         <size>0x48</size>
         <input_file_ref idref="fl-6"/>
      </object_component>
      <object_component id="oc-34">
         <name>.text.TIMG7_IRQHandler</name>
         <load_address>0x18c8</load_address>
         <run_address>0x18c8</run_address>
         <size>0x40</size>
         <input_file_ref idref="fl-c"/>
      </object_component>
      <object_component id="oc-1a9">
         <name>.text._Z9SPI_Resetv</name>
         <load_address>0x1908</load_address>
         <run_address>0x1908</run_address>
         <size>0x40</size>
         <input_file_ref idref="fl-6"/>
      </object_component>
      <object_component id="oc-fe">
         <name>.text</name>
         <load_address>0x1948</load_address>
         <run_address>0x1948</run_address>
         <size>0x40</size>
         <input_file_ref idref="fl-88"/>
      </object_component>
      <object_component id="oc-12b">
         <name>.text._Z11SPI_OutDatac</name>
         <load_address>0x1988</load_address>
         <run_address>0x1988</run_address>
         <size>0x38</size>
         <input_file_ref idref="fl-6"/>
      </object_component>
      <object_component id="oc-d7">
         <name>.text._Z15ActivatePortA_Bv</name>
         <load_address>0x19c0</load_address>
         <run_address>0x19c0</run_address>
         <size>0x38</size>
         <input_file_ref idref="fl-5"/>
      </object_component>
      <object_component id="oc-133">
         <name>.text.finddevice</name>
         <load_address>0x19f8</load_address>
         <run_address>0x19f8</run_address>
         <size>0x38</size>
         <input_file_ref idref="fl-8a"/>
      </object_component>
      <object_component id="oc-ed">
         <name>.text._Z12ST7735_writeiPKcj</name>
         <load_address>0x1a30</load_address>
         <run_address>0x1a30</run_address>
         <size>0x34</size>
         <input_file_ref idref="fl-7"/>
      </object_component>
      <object_component id="oc-a8">
         <name>.text._Z14Clock_Delay1msj</name>
         <load_address>0x1a64</load_address>
         <run_address>0x1a64</run_address>
         <size>0x34</size>
         <input_file_ref idref="fl-1"/>
      </object_component>
      <object_component id="oc-ad">
         <name>.text._Z16ST7735_SetCursorjj</name>
         <load_address>0x1a98</load_address>
         <run_address>0x1a98</run_address>
         <size>0x34</size>
         <input_file_ref idref="fl-7"/>
      </object_component>
      <object_component id="oc-14d">
         <name>.text.__TI_cleanup</name>
         <load_address>0x1acc</load_address>
         <run_address>0x1acc</run_address>
         <size>0x34</size>
         <input_file_ref idref="fl-27"/>
      </object_component>
      <object_component id="oc-1b0">
         <name>.text.__TI_readmsg</name>
         <load_address>0x1b00</load_address>
         <run_address>0x1b00</run_address>
         <size>0x34</size>
         <input_file_ref idref="fl-7f"/>
      </object_component>
      <object_component id="oc-1aa">
         <name>.text.__TI_writemsg</name>
         <load_address>0x1b34</load_address>
         <run_address>0x1b34</run_address>
         <size>0x34</size>
         <input_file_ref idref="fl-7f"/>
      </object_component>
      <object_component id="oc-b5">
         <name>.text.exit</name>
         <load_address>0x1b68</load_address>
         <run_address>0x1b68</run_address>
         <size>0x34</size>
         <input_file_ref idref="fl-29"/>
      </object_component>
      <object_component id="oc-e5">
         <name>.text.freopen</name>
         <load_address>0x1b9c</load_address>
         <run_address>0x1b9c</run_address>
         <size>0x34</size>
         <input_file_ref idref="fl-27"/>
      </object_component>
      <object_component id="oc-124">
         <name>.text._ZL10commonInitPKh</name>
         <load_address>0x1bd0</load_address>
         <run_address>0x1bd0</run_address>
         <size>0x30</size>
         <input_file_ref idref="fl-7"/>
      </object_component>
      <object_component id="oc-a5">
         <name>.text._Z17ST7735_FillScreent</name>
         <load_address>0x1c00</load_address>
         <run_address>0x1c00</run_address>
         <size>0x2c</size>
         <input_file_ref idref="fl-7"/>
      </object_component>
      <object_component id="oc-1d7">
         <name>.text.unlink</name>
         <load_address>0x1c2c</load_address>
         <run_address>0x1c2c</run_address>
         <size>0x2c</size>
         <input_file_ref idref="fl-77"/>
      </object_component>
      <object_component id="oc-39">
         <name>.text.TIMG12_IRQHandler</name>
         <load_address>0x1c58</load_address>
         <run_address>0x1c58</run_address>
         <size>0x28</size>
         <input_file_ref idref="fl-4"/>
      </object_component>
      <object_component id="oc-1a2">
         <name>.text.free_list_insert</name>
         <load_address>0x1c80</load_address>
         <run_address>0x1c80</run_address>
         <size>0x28</size>
         <input_file_ref idref="fl-2c"/>
      </object_component>
      <object_component id="oc-1ce">
         <name>.text.write</name>
         <load_address>0x1ca8</load_address>
         <run_address>0x1ca8</run_address>
         <size>0x28</size>
         <input_file_ref idref="fl-71"/>
      </object_component>
      <object_component id="oc-59">
         <name>.text:_c_int00_noargs</name>
         <load_address>0x1cd0</load_address>
         <run_address>0x1cd0</run_address>
         <size>0x28</size>
         <input_file_ref idref="fl-30"/>
      </object_component>
      <object_component id="oc-a6">
         <name>.text._Z16ST7735_OutStringPc</name>
         <load_address>0x1cf8</load_address>
         <run_address>0x1cf8</run_address>
         <size>0x26</size>
         <input_file_ref idref="fl-7"/>
      </object_component>
      <object_component id="oc-1a4">
         <name>.text._ZL9pushColort</name>
         <load_address>0x1d1e</load_address>
         <run_address>0x1d1e</run_address>
         <size>0x1e</size>
         <input_file_ref idref="fl-7"/>
      </object_component>
      <object_component id="oc-66">
         <name>.text._Z8DAC5_Outj</name>
         <load_address>0x1d3c</load_address>
         <run_address>0x1d3c</run_address>
         <size>0x1c</size>
         <input_file_ref idref="fl-2"/>
      </object_component>
      <object_component id="oc-1a1">
         <name>.text.free_list_remove</name>
         <load_address>0x1d58</load_address>
         <run_address>0x1d58</run_address>
         <size>0x1c</size>
         <input_file_ref idref="fl-2c"/>
      </object_component>
      <object_component id="oc-7a">
         <name>.text</name>
         <load_address>0x1d74</load_address>
         <run_address>0x1d74</run_address>
         <size>0x1c</size>
         <input_file_ref idref="fl-87"/>
      </object_component>
      <object_component id="oc-c9">
         <name>.text._ZN8SlidePotC2Ejj</name>
         <load_address>0x1d90</load_address>
         <run_address>0x1d90</run_address>
         <size>0x18</size>
         <input_file_ref idref="fl-8"/>
      </object_component>
      <object_component id="oc-8d">
         <name>.text.__cxx_global_var_init</name>
         <load_address>0x1da8</load_address>
         <run_address>0x1da8</run_address>
         <size>0x18</size>
         <input_file_ref idref="fl-4"/>
      </object_component>
      <object_component id="oc-f0">
         <name>.text._Z11ST7735_openPKcji</name>
         <load_address>0x1dc0</load_address>
         <run_address>0x1dc0</run_address>
         <size>0x16</size>
         <input_file_ref idref="fl-7"/>
      </object_component>
      <object_component id="oc-ee">
         <name>.text._Z11ST7735_readiPcj</name>
         <load_address>0x1dd6</load_address>
         <run_address>0x1dd6</run_address>
         <size>0x16</size>
         <input_file_ref idref="fl-7"/>
      </object_component>
      <object_component id="oc-50">
         <name>.text:decompress:ZI:__TI_zero_init_nomemset</name>
         <load_address>0x1dec</load_address>
         <run_address>0x1dec</run_address>
         <size>0x14</size>
         <input_file_ref idref="fl-2d"/>
      </object_component>
      <object_component id="oc-90">
         <name>.text:TI_memcpy_small</name>
         <load_address>0x1e00</load_address>
         <run_address>0x1e00</run_address>
         <size>0x12</size>
         <input_file_ref idref="fl-8b"/>
      </object_component>
      <object_component id="oc-20">
         <name>.text:decompress:none</name>
         <load_address>0x1e12</load_address>
         <run_address>0x1e12</run_address>
         <size>0x12</size>
         <input_file_ref idref="fl-2e"/>
      </object_component>
      <object_component id="oc-102">
         <name>.text._Z11Clock_Delayj</name>
         <load_address>0x1e24</load_address>
         <run_address>0x1e24</run_address>
         <size>0x10</size>
         <input_file_ref idref="fl-1"/>
      </object_component>
      <object_component id="oc-ec">
         <name>.text._Z12ST7735_lseekili</name>
         <load_address>0x1e34</load_address>
         <run_address>0x1e34</run_address>
         <size>0xe</size>
         <input_file_ref idref="fl-7"/>
      </object_component>
      <object_component id="oc-1c4">
         <name>.text.strcpy</name>
         <load_address>0x1e42</load_address>
         <run_address>0x1e42</run_address>
         <size>0xe</size>
         <input_file_ref idref="fl-7c"/>
      </object_component>
      <object_component id="oc-1c5">
         <name>.text.strlen</name>
         <load_address>0x1e50</load_address>
         <run_address>0x1e50</run_address>
         <size>0xe</size>
         <input_file_ref idref="fl-7c"/>
      </object_component>
      <object_component id="oc-d0">
         <name>.text:TI_memset_small</name>
         <load_address>0x1e5e</load_address>
         <run_address>0x1e5e</run_address>
         <size>0xe</size>
         <input_file_ref idref="fl-8c"/>
      </object_component>
      <object_component id="oc-1a8">
         <name>.text._Z10Clock_Freqv</name>
         <load_address>0x1e6c</load_address>
         <run_address>0x1e6c</run_address>
         <size>0xc</size>
         <input_file_ref idref="fl-1"/>
      </object_component>
      <object_component id="oc-ea">
         <name>.text._Z13ST7735_renamePKcS0_</name>
         <load_address>0x1e78</load_address>
         <run_address>0x1e78</run_address>
         <size>0xc</size>
         <input_file_ref idref="fl-7"/>
      </object_component>
      <object_component id="oc-14c">
         <name>.text.malloc</name>
         <load_address>0x1e84</load_address>
         <run_address>0x1e84</run_address>
         <size>0xc</size>
         <input_file_ref idref="fl-2c"/>
      </object_component>
      <object_component id="oc-f1">
         <name>.text._Z12ST7735_closei</name>
         <load_address>0x1e90</load_address>
         <run_address>0x1e90</run_address>
         <size>0xa</size>
         <input_file_ref idref="fl-7"/>
      </object_component>
      <object_component id="oc-eb">
         <name>.text._Z13ST7735_unlinkPKc</name>
         <load_address>0x1e9a</load_address>
         <run_address>0x1e9a</run_address>
         <size>0xa</size>
         <input_file_ref idref="fl-7"/>
      </object_component>
      <object_component id="oc-9a">
         <name>.text._Z8PLL_Initv</name>
         <load_address>0x1ea4</load_address>
         <run_address>0x1ea4</run_address>
         <size>0xa</size>
         <input_file_ref idref="fl-4"/>
      </object_component>
      <object_component id="oc-60">
         <name>.text._GLOBAL__sub_I_Lab9HMain.cpp</name>
         <load_address>0x1eae</load_address>
         <run_address>0x1eae</run_address>
         <size>0x8</size>
         <input_file_ref idref="fl-4"/>
      </object_component>
      <object_component id="oc-19a">
         <name>.text.remove</name>
         <load_address>0x1eb6</load_address>
         <run_address>0x1eb6</run_address>
         <size>0x8</size>
         <input_file_ref idref="fl-73"/>
      </object_component>
      <object_component id="oc-15d">
         <name>.text._nop</name>
         <load_address>0x1ebe</load_address>
         <run_address>0x1ebe</run_address>
         <size>0x2</size>
         <input_file_ref idref="fl-2a"/>
      </object_component>
      <object_component id="oc-49">
         <name>.text</name>
         <load_address>0x1ec0</load_address>
         <run_address>0x1ec0</run_address>
         <size>0x8</size>
         <input_file_ref idref="fl-86"/>
      </object_component>
      <object_component id="oc-2d">
         <name>.text.Default_Handler</name>
         <load_address>0x1ec8</load_address>
         <run_address>0x1ec8</run_address>
         <size>0x4</size>
         <input_file_ref idref="fl-f"/>
      </object_component>
      <object_component id="oc-2e">
         <name>.text.HardFault_Handler</name>
         <load_address>0x1ecc</load_address>
         <run_address>0x1ecc</run_address>
         <size>0x4</size>
         <input_file_ref idref="fl-f"/>
      </object_component>
      <object_component id="oc-29">
         <name>.text.Reset_Handler</name>
         <load_address>0x1ed0</load_address>
         <run_address>0x1ed0</run_address>
         <size>0x4</size>
         <input_file_ref idref="fl-f"/>
      </object_component>
      <object_component id="oc-7e">
         <name>.text._system_pre_init</name>
         <load_address>0x1ed4</load_address>
         <run_address>0x1ed4</run_address>
         <size>0x4</size>
         <input_file_ref idref="fl-37"/>
      </object_component>
      <object_component id="oc-b0">
         <name>.text:abort</name>
         <load_address>0x1ed8</load_address>
         <run_address>0x1ed8</run_address>
         <size>0x4</size>
         <input_file_ref idref="fl-29"/>
      </object_component>
      <object_component id="oc-225">
         <name>.cinit..data.load</name>
         <load_address>0x24e8</load_address>
         <run_address>0x24e8</run_address>
         <size>0x8d</size>
      </object_component>
      <object_component id="oc-223">
         <name>__TI_handler_table</name>
         <load_address>0x2578</load_address>
         <run_address>0x2578</run_address>
         <size>0xc</size>
      </object_component>
      <object_component id="oc-226">
         <name>.cinit..bss.load</name>
         <load_address>0x2584</load_address>
         <run_address>0x2584</run_address>
         <size>0x8</size>
      </object_component>
      <object_component id="oc-224">
         <name>__TI_cinit_table</name>
         <load_address>0x258c</load_address>
         <run_address>0x258c</run_address>
         <size>0x10</size>
      </object_component>
      <object_component id="oc-156">
         <name>.rodata._ZL4Font</name>
         <load_address>0x1ee0</load_address>
         <run_address>0x1ee0</run_address>
         <size>0x4fb</size>
         <input_file_ref idref="fl-7"/>
      </object_component>
      <object_component id="oc-12c">
         <name>.rodata._ZL5Rcmd1</name>
         <load_address>0x23db</load_address>
         <run_address>0x23db</run_address>
         <size>0x3b</size>
         <input_file_ref idref="fl-7"/>
      </object_component>
      <object_component id="oc-ef">
         <name>.rodata.str1.1</name>
         <load_address>0x2416</load_address>
         <run_address>0x2416</run_address>
         <size>0x2e</size>
         <input_file_ref idref="fl-7"/>
      </object_component>
      <object_component id="oc-131">
         <name>.rodata._ZL5Rcmd3</name>
         <load_address>0x2444</load_address>
         <run_address>0x2444</run_address>
         <size>0x2b</size>
         <input_file_ref idref="fl-7"/>
      </object_component>
      <object_component id="oc-12e">
         <name>.rodata._ZL10Rcmd2green</name>
         <load_address>0x246f</load_address>
         <run_address>0x246f</run_address>
         <size>0xd</size>
         <input_file_ref idref="fl-7"/>
      </object_component>
      <object_component id="oc-12d">
         <name>.rodata._ZL8Rcmd2red</name>
         <load_address>0x247c</load_address>
         <run_address>0x247c</run_address>
         <size>0xd</size>
         <input_file_ref idref="fl-7"/>
      </object_component>
      <object_component id="oc-110">
         <name>.rodata._ZL14Goodbye_French</name>
         <load_address>0x2489</load_address>
         <run_address>0x2489</run_address>
         <size>0xa</size>
         <input_file_ref idref="fl-4"/>
      </object_component>
      <object_component id="oc-113">
         <name>.rodata._ZL19Language_Portuguese</name>
         <load_address>0x2493</load_address>
         <run_address>0x2493</run_address>
         <size>0xa</size>
         <input_file_ref idref="fl-4"/>
      </object_component>
      <object_component id="oc-114">
         <name>.rodata._ZL15Language_French</name>
         <load_address>0x249d</load_address>
         <run_address>0x249d</run_address>
         <size>0x9</size>
         <input_file_ref idref="fl-4"/>
      </object_component>
      <object_component id="oc-10d">
         <name>.rodata._ZL15Goodbye_English</name>
         <load_address>0x24a6</load_address>
         <run_address>0x24a6</run_address>
         <size>0x8</size>
         <input_file_ref idref="fl-4"/>
      </object_component>
      <object_component id="oc-111">
         <name>.rodata._ZL16Language_English</name>
         <load_address>0x24ae</load_address>
         <run_address>0x24ae</run_address>
         <size>0x8</size>
         <input_file_ref idref="fl-4"/>
      </object_component>
      <object_component id="oc-112">
         <name>.rodata._ZL16Language_Spanish</name>
         <load_address>0x24b6</load_address>
         <run_address>0x24b6</run_address>
         <size>0x8</size>
         <input_file_ref idref="fl-4"/>
      </object_component>
      <object_component id="oc-10a">
         <name>.rodata._ZL13Hello_Spanish</name>
         <load_address>0x24be</load_address>
         <run_address>0x24be</run_address>
         <size>0x7</size>
         <input_file_ref idref="fl-4"/>
      </object_component>
      <object_component id="oc-109">
         <name>.rodata._ZL13Hello_English</name>
         <load_address>0x24c5</load_address>
         <run_address>0x24c5</run_address>
         <size>0x6</size>
         <input_file_ref idref="fl-4"/>
      </object_component>
      <object_component id="oc-10e">
         <name>.rodata._ZL15Goodbye_Spanish</name>
         <load_address>0x24cb</load_address>
         <run_address>0x24cb</run_address>
         <size>0x6</size>
         <input_file_ref idref="fl-4"/>
      </object_component>
      <object_component id="oc-10f">
         <name>.rodata._ZL18Goodbye_Portuguese</name>
         <load_address>0x24d1</load_address>
         <run_address>0x24d1</run_address>
         <size>0x6</size>
         <input_file_ref idref="fl-4"/>
      </object_component>
      <object_component id="oc-10c">
         <name>.rodata._ZL12Hello_French</name>
         <load_address>0x24d7</load_address>
         <run_address>0x24d7</run_address>
         <size>0x5</size>
         <input_file_ref idref="fl-4"/>
      </object_component>
      <object_component id="oc-10b">
         <name>.rodata._ZL16Hello_Portuguese</name>
         <load_address>0x24dc</load_address>
         <run_address>0x24dc</run_address>
         <size>0x4</size>
         <input_file_ref idref="fl-4"/>
      </object_component>
      <object_component id="oc-26">
         <name>.init_array</name>
         <load_address>0x24e0</load_address>
         <run_address>0x24e0</run_address>
         <size>0x4</size>
         <input_file_ref idref="fl-4"/>
      </object_component>
      <object_component id="oc-227">
         <name>SHT$$INIT_ARRAY$$Limit</name>
         <load_address>0x24e4</load_address>
         <run_address>0x24e4</run_address>
         <size>0x0</size>
      </object_component>
      <object_component id="oc-1f0">
         <name>.binit</name>
         <load_address>0x0</load_address>
         <run_address>0x0</run_address>
         <size>0x0</size>
      </object_component>
      <object_component id="oc-103">
         <name>.data.BusFreq</name>
         <load_address>0x20200204</load_address>
         <run_address>0x20200204</run_address>
         <size>0x4</size>
         <input_file_ref idref="fl-1"/>
      </object_component>
      <object_component id="oc-ce">
         <name>.data.Sensor</name>
         <load_address>0x202001e8</load_address>
         <run_address>0x202001e8</run_address>
         <size>0x14</size>
         <input_file_ref idref="fl-4"/>
      </object_component>
      <object_component id="oc-af">
         <name>.data.Phrases</name>
         <load_address>0x202001b8</load_address>
         <run_address>0x202001b8</run_address>
         <size>0x30</size>
         <input_file_ref idref="fl-4"/>
      </object_component>
      <object_component id="oc-fb">
         <name>.data.StX</name>
         <load_address>0x20200208</load_address>
         <run_address>0x20200208</run_address>
         <size>0x4</size>
         <input_file_ref idref="fl-7"/>
      </object_component>
      <object_component id="oc-fc">
         <name>.data.StY</name>
         <load_address>0x2020020c</load_address>
         <run_address>0x2020020c</run_address>
         <size>0x4</size>
         <input_file_ref idref="fl-7"/>
      </object_component>
      <object_component id="oc-fd">
         <name>.data.StTextColor</name>
         <load_address>0x2020021c</load_address>
         <run_address>0x2020021c</run_address>
         <size>0x2</size>
         <input_file_ref idref="fl-7"/>
      </object_component>
      <object_component id="oc-f7">
         <name>.data._ZL6_width</name>
         <load_address>0x2020021e</load_address>
         <run_address>0x2020021e</run_address>
         <size>0x2</size>
         <input_file_ref idref="fl-7"/>
      </object_component>
      <object_component id="oc-f8">
         <name>.data._ZL7_height</name>
         <load_address>0x20200220</load_address>
         <run_address>0x20200220</run_address>
         <size>0x2</size>
         <input_file_ref idref="fl-7"/>
      </object_component>
      <object_component id="oc-140">
         <name>.data._search_fp.init</name>
         <load_address>0x20200224</load_address>
         <run_address>0x20200224</run_address>
         <size>0x1</size>
         <input_file_ref idref="fl-27"/>
      </object_component>
      <object_component id="oc-119">
         <name>.data..L_MergedGlobals</name>
         <load_address>0x202001fc</load_address>
         <run_address>0x202001fc</run_address>
         <size>0x8</size>
         <input_file_ref idref="fl-29"/>
      </object_component>
      <object_component id="oc-117">
         <name>.data._lock</name>
         <load_address>0x20200214</load_address>
         <run_address>0x20200214</run_address>
         <size>0x4</size>
         <input_file_ref idref="fl-2a"/>
      </object_component>
      <object_component id="oc-11a">
         <name>.data._unlock</name>
         <load_address>0x20200218</load_address>
         <run_address>0x20200218</run_address>
         <size>0x4</size>
         <input_file_ref idref="fl-2a"/>
      </object_component>
      <object_component id="oc-f2">
         <name>.data._ftable</name>
         <load_address>0x20200000</load_address>
         <run_address>0x20200000</run_address>
         <size>0xf0</size>
         <input_file_ref idref="fl-2b"/>
      </object_component>
      <object_component id="oc-141">
         <name>.data.__TI_ft_end</name>
         <load_address>0x20200210</load_address>
         <run_address>0x20200210</run_address>
         <size>0x4</size>
         <input_file_ref idref="fl-2b"/>
      </object_component>
      <object_component id="oc-1e0">
         <name>.data.memory_is_initialized</name>
         <load_address>0x2020022c</load_address>
         <run_address>0x2020022c</run_address>
         <size>0x1</size>
         <input_file_ref idref="fl-2c"/>
      </object_component>
      <object_component id="oc-13a">
         <name>.data._device</name>
         <load_address>0x202000f0</load_address>
         <run_address>0x202000f0</run_address>
         <size>0x78</size>
         <input_file_ref idref="fl-72"/>
      </object_component>
      <object_component id="oc-1ca">
         <name>.data._stream</name>
         <load_address>0x20200168</load_address>
         <run_address>0x20200168</run_address>
         <size>0x50</size>
         <input_file_ref idref="fl-72"/>
      </object_component>
      <object_component id="oc-1c9">
         <name>.data.open.stream_init</name>
         <load_address>0x20200230</load_address>
         <run_address>0x20200230</run_address>
         <size>0x1</size>
         <input_file_ref idref="fl-74"/>
      </object_component>
      <object_component id="oc-139">
         <name>.data.add_device.device_init</name>
         <load_address>0x20200228</load_address>
         <run_address>0x20200228</run_address>
         <size>0x1</size>
         <input_file_ref idref="fl-76"/>
      </object_component>
      <object_component id="oc-12f">
         <name>.bss._ZL8ColStart</name>
         <uninitialized>true</uninitialized>
         <run_address>0x20200628</run_address>
         <size>0x1</size>
         <input_file_ref idref="fl-7"/>
      </object_component>
      <object_component id="oc-130">
         <name>.bss._ZL8RowStart</name>
         <uninitialized>true</uninitialized>
         <run_address>0x20200629</run_address>
         <size>0x1</size>
         <input_file_ref idref="fl-7"/>
      </object_component>
      <object_component id="oc-132">
         <name>.bss._ZL8TabColor</name>
         <uninitialized>true</uninitialized>
         <run_address>0x2020062a</run_address>
         <size>0x1</size>
         <input_file_ref idref="fl-7"/>
      </object_component>
      <object_component id="oc-108">
         <name>.bss.Message</name>
         <uninitialized>true</uninitialized>
         <run_address>0x202005f8</run_address>
         <size>0xc</size>
         <input_file_ref idref="fl-7"/>
      </object_component>
      <object_component id="oc-107">
         <name>.bss.Messageindex</name>
         <uninitialized>true</uninitialized>
         <run_address>0x2020060c</run_address>
         <size>0x4</size>
         <input_file_ref idref="fl-7"/>
      </object_component>
      <object_component id="oc-6b">
         <name>.bss.WavePt</name>
         <uninitialized>true</uninitialized>
         <run_address>0x20200620</run_address>
         <size>0x4</size>
         <input_file_ref idref="fl-a"/>
      </object_component>
      <object_component id="oc-6c">
         <name>.bss.SoundIndex</name>
         <uninitialized>true</uninitialized>
         <run_address>0x20200614</run_address>
         <size>0x4</size>
         <input_file_ref idref="fl-a"/>
      </object_component>
      <object_component id="oc-6d">
         <name>.bss.SizeSoundArray</name>
         <uninitialized>true</uninitialized>
         <run_address>0x20200610</run_address>
         <size>0x4</size>
         <input_file_ref idref="fl-a"/>
      </object_component>
      <object_component id="oc-71">
         <name>.bss.TExaSLogic</name>
         <uninitialized>true</uninitialized>
         <run_address>0x20200618</run_address>
         <size>0x4</size>
         <input_file_ref idref="fl-c"/>
      </object_component>
      <object_component id="oc-70">
         <name>.bss.TExaSadc</name>
         <uninitialized>true</uninitialized>
         <run_address>0x2020061c</run_address>
         <size>0x4</size>
         <input_file_ref idref="fl-c"/>
      </object_component>
      <object_component id="oc-1de">
         <name>.bss.sys_free</name>
         <uninitialized>true</uninitialized>
         <run_address>0x20200624</run_address>
         <size>0x4</size>
         <input_file_ref idref="fl-2c"/>
      </object_component>
      <object_component id="oc-1e1">
         <name>.bss:_CIOBUF_</name>
         <uninitialized>true</uninitialized>
         <run_address>0x20200438</run_address>
         <size>0x120</size>
         <input_file_ref idref="fl-7f"/>
      </object_component>
      <object_component id="oc-19e">
         <name>.common:__TI_tmpnams</name>
         <uninitialized>true</uninitialized>
         <run_address>0x20200558</run_address>
         <size>0xa0</size>
      </object_component>
      <object_component id="oc-1b1">
         <name>.common:parmbuf</name>
         <uninitialized>true</uninitialized>
         <run_address>0x20200604</run_address>
         <size>0x8</size>
      </object_component>
      <object_component id="oc-27">
         <name>.sysmem</name>
         <uninitialized>true</uninitialized>
         <run_address>0x20200238</run_address>
         <size>0x10</size>
         <input_file_ref idref="fl-2c"/>
      </object_component>
      <object_component id="oc-22a">
         <name>.sysmem</name>
         <uninitialized>true</uninitialized>
         <run_address>0x20200238</run_address>
         <size>0x0</size>
      </object_component>
      <object_component id="oc-1a">
         <name>.stack</name>
         <uninitialized>true</uninitialized>
         <run_address>0x20207e00</run_address>
         <size>0x4</size>
         <input_file_ref idref="fl-30"/>
      </object_component>
      <object_component id="oc-229">
         <name>.stack</name>
         <uninitialized>true</uninitialized>
         <run_address>0x20207e00</run_address>
         <size>0x0</size>
      </object_component>
      <object_component id="oc-104">
         <name>.debug_abbrev</name>
         <load_address>0x0</load_address>
         <run_address>0x0</run_address>
         <size>0x195</size>
         <input_file_ref idref="fl-1"/>
      </object_component>
      <object_component id="oc-8e">
         <name>.debug_abbrev</name>
         <load_address>0x195</load_address>
         <run_address>0x195</run_address>
         <size>0xda</size>
         <input_file_ref idref="fl-2"/>
      </object_component>
      <object_component id="oc-74">
         <name>.debug_abbrev</name>
         <load_address>0x26f</load_address>
         <run_address>0x26f</run_address>
         <size>0x1d6</size>
         <input_file_ref idref="fl-4"/>
      </object_component>
      <object_component id="oc-d8">
         <name>.debug_abbrev</name>
         <load_address>0x445</load_address>
         <run_address>0x445</run_address>
         <size>0x111</size>
         <input_file_ref idref="fl-5"/>
      </object_component>
      <object_component id="oc-167">
         <name>.debug_abbrev</name>
         <load_address>0x556</load_address>
         <run_address>0x556</run_address>
         <size>0xdf</size>
         <input_file_ref idref="fl-6"/>
      </object_component>
      <object_component id="oc-f4">
         <name>.debug_abbrev</name>
         <load_address>0x635</load_address>
         <run_address>0x635</run_address>
         <size>0x16d</size>
         <input_file_ref idref="fl-7"/>
      </object_component>
      <object_component id="oc-121">
         <name>.debug_abbrev</name>
         <load_address>0x7a2</load_address>
         <run_address>0x7a2</run_address>
         <size>0x172</size>
         <input_file_ref idref="fl-8"/>
      </object_component>
      <object_component id="oc-6e">
         <name>.debug_abbrev</name>
         <load_address>0x914</load_address>
         <run_address>0x914</run_address>
         <size>0x10c</size>
         <input_file_ref idref="fl-a"/>
      </object_component>
      <object_component id="oc-72">
         <name>.debug_abbrev</name>
         <load_address>0xa20</load_address>
         <run_address>0xa20</run_address>
         <size>0x141</size>
         <input_file_ref idref="fl-c"/>
      </object_component>
      <object_component id="oc-3e">
         <name>.debug_abbrev</name>
         <load_address>0xb61</load_address>
         <run_address>0xb61</run_address>
         <size>0x6d</size>
         <input_file_ref idref="fl-f"/>
      </object_component>
      <object_component id="oc-142">
         <name>.debug_abbrev</name>
         <load_address>0xbce</load_address>
         <run_address>0xbce</run_address>
         <size>0x13d</size>
         <input_file_ref idref="fl-27"/>
      </object_component>
      <object_component id="oc-14e">
         <name>.debug_abbrev</name>
         <load_address>0xd0b</load_address>
         <run_address>0xd0b</run_address>
         <size>0x9c</size>
         <input_file_ref idref="fl-28"/>
      </object_component>
      <object_component id="oc-115">
         <name>.debug_abbrev</name>
         <load_address>0xda7</load_address>
         <run_address>0xda7</run_address>
         <size>0xb3</size>
         <input_file_ref idref="fl-29"/>
      </object_component>
      <object_component id="oc-161">
         <name>.debug_abbrev</name>
         <load_address>0xe5a</load_address>
         <run_address>0xe5a</run_address>
         <size>0x73</size>
         <input_file_ref idref="fl-2a"/>
      </object_component>
      <object_component id="oc-151">
         <name>.debug_abbrev</name>
         <load_address>0xecd</load_address>
         <run_address>0xecd</run_address>
         <size>0x77</size>
         <input_file_ref idref="fl-2b"/>
      </object_component>
      <object_component id="oc-61">
         <name>.debug_abbrev</name>
         <load_address>0xf44</load_address>
         <run_address>0xf44</run_address>
         <size>0x220</size>
         <input_file_ref idref="fl-2c"/>
      </object_component>
      <object_component id="oc-78">
         <name>.debug_abbrev</name>
         <load_address>0x1164</load_address>
         <run_address>0x1164</run_address>
         <size>0xcb</size>
         <input_file_ref idref="fl-2d"/>
      </object_component>
      <object_component id="oc-4d">
         <name>.debug_abbrev</name>
         <load_address>0x122f</load_address>
         <run_address>0x122f</run_address>
         <size>0x70</size>
         <input_file_ref idref="fl-2e"/>
      </object_component>
      <object_component id="oc-45">
         <name>.debug_abbrev</name>
         <load_address>0x129f</load_address>
         <run_address>0x129f</run_address>
         <size>0x9c</size>
         <input_file_ref idref="fl-2f"/>
      </object_component>
      <object_component id="oc-40">
         <name>.debug_abbrev</name>
         <load_address>0x133b</load_address>
         <run_address>0x133b</run_address>
         <size>0xaf</size>
         <input_file_ref idref="fl-30"/>
      </object_component>
      <object_component id="oc-19f">
         <name>.debug_abbrev</name>
         <load_address>0x13ea</load_address>
         <run_address>0x13ea</run_address>
         <size>0xa4</size>
         <input_file_ref idref="fl-33"/>
      </object_component>
      <object_component id="oc-1d2">
         <name>.debug_abbrev</name>
         <load_address>0x148e</load_address>
         <run_address>0x148e</run_address>
         <size>0xb2</size>
         <input_file_ref idref="fl-34"/>
      </object_component>
      <object_component id="oc-11b">
         <name>.debug_abbrev</name>
         <load_address>0x1540</load_address>
         <run_address>0x1540</run_address>
         <size>0x186</size>
         <input_file_ref idref="fl-36"/>
      </object_component>
      <object_component id="oc-98">
         <name>.debug_abbrev</name>
         <load_address>0x16c6</load_address>
         <run_address>0x16c6</run_address>
         <size>0x39</size>
         <input_file_ref idref="fl-37"/>
      </object_component>
      <object_component id="oc-1e4">
         <name>.debug_abbrev</name>
         <load_address>0x16ff</load_address>
         <run_address>0x16ff</run_address>
         <size>0x77</size>
         <input_file_ref idref="fl-71"/>
      </object_component>
      <object_component id="oc-189">
         <name>.debug_abbrev</name>
         <load_address>0x1776</load_address>
         <run_address>0x1776</run_address>
         <size>0x99</size>
         <input_file_ref idref="fl-72"/>
      </object_component>
      <object_component id="oc-1db">
         <name>.debug_abbrev</name>
         <load_address>0x180f</load_address>
         <run_address>0x180f</run_address>
         <size>0x64</size>
         <input_file_ref idref="fl-73"/>
      </object_component>
      <object_component id="oc-1cb">
         <name>.debug_abbrev</name>
         <load_address>0x1873</load_address>
         <run_address>0x1873</run_address>
         <size>0xfd</size>
         <input_file_ref idref="fl-74"/>
      </object_component>
      <object_component id="oc-1d4">
         <name>.debug_abbrev</name>
         <load_address>0x1970</load_address>
         <run_address>0x1970</run_address>
         <size>0x6b</size>
         <input_file_ref idref="fl-75"/>
      </object_component>
      <object_component id="oc-13c">
         <name>.debug_abbrev</name>
         <load_address>0x19db</load_address>
         <run_address>0x19db</run_address>
         <size>0x14d</size>
         <input_file_ref idref="fl-76"/>
      </object_component>
      <object_component id="oc-1e7">
         <name>.debug_abbrev</name>
         <load_address>0x1b28</load_address>
         <run_address>0x1b28</run_address>
         <size>0xd4</size>
         <input_file_ref idref="fl-77"/>
      </object_component>
      <object_component id="oc-1b5">
         <name>.debug_abbrev</name>
         <load_address>0x1bfc</load_address>
         <run_address>0x1bfc</run_address>
         <size>0x81</size>
         <input_file_ref idref="fl-78"/>
      </object_component>
      <object_component id="oc-1be">
         <name>.debug_abbrev</name>
         <load_address>0x1c7d</load_address>
         <run_address>0x1c7d</run_address>
         <size>0x81</size>
         <input_file_ref idref="fl-79"/>
      </object_component>
      <object_component id="oc-1b2">
         <name>.debug_abbrev</name>
         <load_address>0x1cfe</load_address>
         <run_address>0x1cfe</run_address>
         <size>0x107</size>
         <input_file_ref idref="fl-7a"/>
      </object_component>
      <object_component id="oc-1b8">
         <name>.debug_abbrev</name>
         <load_address>0x1e05</load_address>
         <run_address>0x1e05</run_address>
         <size>0x88</size>
         <input_file_ref idref="fl-7b"/>
      </object_component>
      <object_component id="oc-1c6">
         <name>.debug_abbrev</name>
         <load_address>0x1e8d</load_address>
         <run_address>0x1e8d</run_address>
         <size>0x10e</size>
         <input_file_ref idref="fl-7c"/>
      </object_component>
      <object_component id="oc-1c1">
         <name>.debug_abbrev</name>
         <load_address>0x1f9b</load_address>
         <run_address>0x1f9b</run_address>
         <size>0xdb</size>
         <input_file_ref idref="fl-7d"/>
      </object_component>
      <object_component id="oc-1bb">
         <name>.debug_abbrev</name>
         <load_address>0x2076</load_address>
         <run_address>0x2076</run_address>
         <size>0x8f</size>
         <input_file_ref idref="fl-7e"/>
      </object_component>
      <object_component id="oc-1e2">
         <name>.debug_abbrev</name>
         <load_address>0x2105</load_address>
         <run_address>0x2105</run_address>
         <size>0xc9</size>
         <input_file_ref idref="fl-7f"/>
      </object_component>
      <object_component id="oc-77">
         <name>.debug_abbrev</name>
         <load_address>0x21ce</load_address>
         <run_address>0x21ce</run_address>
         <size>0x27</size>
         <input_file_ref idref="fl-86"/>
      </object_component>
      <object_component id="oc-97">
         <name>.debug_abbrev</name>
         <load_address>0x21f5</load_address>
         <run_address>0x21f5</run_address>
         <size>0x27</size>
         <input_file_ref idref="fl-87"/>
      </object_component>
      <object_component id="oc-15c">
         <name>.debug_abbrev</name>
         <load_address>0x221c</load_address>
         <run_address>0x221c</run_address>
         <size>0x27</size>
         <input_file_ref idref="fl-88"/>
      </object_component>
      <object_component id="oc-1a5">
         <name>.debug_abbrev</name>
         <load_address>0x2243</load_address>
         <run_address>0x2243</run_address>
         <size>0x59</size>
         <input_file_ref idref="fl-89"/>
      </object_component>
      <object_component id="oc-169">
         <name>.debug_abbrev</name>
         <load_address>0x229c</load_address>
         <run_address>0x229c</run_address>
         <size>0x172</size>
         <input_file_ref idref="fl-8a"/>
      </object_component>
      <object_component id="oc-cf">
         <name>.debug_abbrev</name>
         <load_address>0x240e</load_address>
         <run_address>0x240e</run_address>
         <size>0x25</size>
         <input_file_ref idref="fl-8b"/>
      </object_component>
      <object_component id="oc-123">
         <name>.debug_abbrev</name>
         <load_address>0x2433</load_address>
         <run_address>0x2433</run_address>
         <size>0x25</size>
         <input_file_ref idref="fl-8c"/>
      </object_component>
      <object_component id="oc-22c">
         <name>.debug_abbrev</name>
         <load_address>0x2458</load_address>
         <run_address>0x2458</run_address>
         <size>0xf</size>
      </object_component>
      <object_component id="oc-aa">
         <name>.debug_info</name>
         <load_address>0x0</load_address>
         <run_address>0x0</run_address>
         <size>0x230d</size>
         <input_file_ref idref="fl-1"/>
      </object_component>
      <object_component id="oc-67">
         <name>.debug_info</name>
         <load_address>0x230d</load_address>
         <run_address>0x230d</run_address>
         <size>0x74b</size>
         <input_file_ref idref="fl-2"/>
      </object_component>
      <object_component id="oc-3a">
         <name>.debug_info</name>
         <load_address>0x2a58</load_address>
         <run_address>0x2a58</run_address>
         <size>0x157b</size>
         <input_file_ref idref="fl-4"/>
      </object_component>
      <object_component id="oc-9c">
         <name>.debug_info</name>
         <load_address>0x3fd3</load_address>
         <run_address>0x3fd3</run_address>
         <size>0x876</size>
         <input_file_ref idref="fl-5"/>
      </object_component>
      <object_component id="oc-129">
         <name>.debug_info</name>
         <load_address>0x4849</load_address>
         <run_address>0x4849</run_address>
         <size>0xb9e</size>
         <input_file_ref idref="fl-6"/>
      </object_component>
      <object_component id="oc-a1">
         <name>.debug_info</name>
         <load_address>0x53e7</load_address>
         <run_address>0x53e7</run_address>
         <size>0x1b5a</size>
         <input_file_ref idref="fl-7"/>
      </object_component>
      <object_component id="oc-cb">
         <name>.debug_info</name>
         <load_address>0x6f41</load_address>
         <run_address>0x6f41</run_address>
         <size>0x81e</size>
         <input_file_ref idref="fl-8"/>
      </object_component>
      <object_component id="oc-32">
         <name>.debug_info</name>
         <load_address>0x775f</load_address>
         <run_address>0x775f</run_address>
         <size>0x46f</size>
         <input_file_ref idref="fl-a"/>
      </object_component>
      <object_component id="oc-35">
         <name>.debug_info</name>
         <load_address>0x7bce</load_address>
         <run_address>0x7bce</run_address>
         <size>0x191b</size>
         <input_file_ref idref="fl-c"/>
      </object_component>
      <object_component id="oc-19">
         <name>.debug_info</name>
         <load_address>0x94e9</load_address>
         <run_address>0x94e9</run_address>
         <size>0x94</size>
         <input_file_ref idref="fl-f"/>
      </object_component>
      <object_component id="oc-e3">
         <name>.debug_info</name>
         <load_address>0x957d</load_address>
         <run_address>0x957d</run_address>
         <size>0x2ae</size>
         <input_file_ref idref="fl-27"/>
      </object_component>
      <object_component id="oc-e8">
         <name>.debug_info</name>
         <load_address>0x982b</load_address>
         <run_address>0x982b</run_address>
         <size>0x148</size>
         <input_file_ref idref="fl-28"/>
      </object_component>
      <object_component id="oc-b1">
         <name>.debug_info</name>
         <load_address>0x9973</load_address>
         <run_address>0x9973</run_address>
         <size>0xed</size>
         <input_file_ref idref="fl-29"/>
      </object_component>
      <object_component id="oc-118">
         <name>.debug_info</name>
         <load_address>0x9a60</load_address>
         <run_address>0x9a60</run_address>
         <size>0xaa</size>
         <input_file_ref idref="fl-2a"/>
      </object_component>
      <object_component id="oc-f3">
         <name>.debug_info</name>
         <load_address>0x9b0a</load_address>
         <run_address>0x9b0a</run_address>
         <size>0x132</size>
         <input_file_ref idref="fl-2b"/>
      </object_component>
      <object_component id="oc-28">
         <name>.debug_info</name>
         <load_address>0x9c3c</load_address>
         <run_address>0x9c3c</run_address>
         <size>0xa4b</size>
         <input_file_ref idref="fl-2c"/>
      </object_component>
      <object_component id="oc-55">
         <name>.debug_info</name>
         <load_address>0xa687</load_address>
         <run_address>0xa687</run_address>
         <size>0x190</size>
         <input_file_ref idref="fl-2d"/>
      </object_component>
      <object_component id="oc-21">
         <name>.debug_info</name>
         <load_address>0xa817</load_address>
         <run_address>0xa817</run_address>
         <size>0xc6</size>
         <input_file_ref idref="fl-2e"/>
      </object_component>
      <object_component id="oc-1d">
         <name>.debug_info</name>
         <load_address>0xa8dd</load_address>
         <run_address>0xa8dd</run_address>
         <size>0x17a</size>
         <input_file_ref idref="fl-2f"/>
      </object_component>
      <object_component id="oc-1b">
         <name>.debug_info</name>
         <load_address>0xaa57</load_address>
         <run_address>0xaa57</run_address>
         <size>0x423</size>
         <input_file_ref idref="fl-30"/>
      </object_component>
      <object_component id="oc-146">
         <name>.debug_info</name>
         <load_address>0xae7a</load_address>
         <run_address>0xae7a</run_address>
         <size>0x18a</size>
         <input_file_ref idref="fl-33"/>
      </object_component>
      <object_component id="oc-192">
         <name>.debug_info</name>
         <load_address>0xb004</load_address>
         <run_address>0xb004</run_address>
         <size>0x17f</size>
         <input_file_ref idref="fl-34"/>
      </object_component>
      <object_component id="oc-b8">
         <name>.debug_info</name>
         <load_address>0xb183</load_address>
         <run_address>0xb183</run_address>
         <size>0x792</size>
         <input_file_ref idref="fl-36"/>
      </object_component>
      <object_component id="oc-81">
         <name>.debug_info</name>
         <load_address>0xb915</load_address>
         <run_address>0xb915</run_address>
         <size>0x46</size>
         <input_file_ref idref="fl-37"/>
      </object_component>
      <object_component id="oc-1d1">
         <name>.debug_info</name>
         <load_address>0xb95b</load_address>
         <run_address>0xb95b</run_address>
         <size>0x9f</size>
         <input_file_ref idref="fl-71"/>
      </object_component>
      <object_component id="oc-13b">
         <name>.debug_info</name>
         <load_address>0xb9fa</load_address>
         <run_address>0xb9fa</run_address>
         <size>0x1f1</size>
         <input_file_ref idref="fl-72"/>
      </object_component>
      <object_component id="oc-19c">
         <name>.debug_info</name>
         <load_address>0xbbeb</load_address>
         <run_address>0xbbeb</run_address>
         <size>0x71</size>
         <input_file_ref idref="fl-73"/>
      </object_component>
      <object_component id="oc-18d">
         <name>.debug_info</name>
         <load_address>0xbc5c</load_address>
         <run_address>0xbc5c</run_address>
         <size>0x28b</size>
         <input_file_ref idref="fl-74"/>
      </object_component>
      <object_component id="oc-198">
         <name>.debug_info</name>
         <load_address>0xbee7</load_address>
         <run_address>0xbee7</run_address>
         <size>0x7b</size>
         <input_file_ref idref="fl-75"/>
      </object_component>
      <object_component id="oc-dc">
         <name>.debug_info</name>
         <load_address>0xbf62</load_address>
         <run_address>0xbf62</run_address>
         <size>0x30c</size>
         <input_file_ref idref="fl-76"/>
      </object_component>
      <object_component id="oc-1da">
         <name>.debug_info</name>
         <load_address>0xc26e</load_address>
         <run_address>0xc26e</run_address>
         <size>0x201</size>
         <input_file_ref idref="fl-77"/>
      </object_component>
      <object_component id="oc-170">
         <name>.debug_info</name>
         <load_address>0xc46f</load_address>
         <run_address>0xc46f</run_address>
         <size>0xc1</size>
         <input_file_ref idref="fl-78"/>
      </object_component>
      <object_component id="oc-17c">
         <name>.debug_info</name>
         <load_address>0xc530</load_address>
         <run_address>0xc530</run_address>
         <size>0xea</size>
         <input_file_ref idref="fl-79"/>
      </object_component>
      <object_component id="oc-16e">
         <name>.debug_info</name>
         <load_address>0xc61a</load_address>
         <run_address>0xc61a</run_address>
         <size>0x181</size>
         <input_file_ref idref="fl-7a"/>
      </object_component>
      <object_component id="oc-176">
         <name>.debug_info</name>
         <load_address>0xc79b</load_address>
         <run_address>0xc79b</run_address>
         <size>0xf2</size>
         <input_file_ref idref="fl-7b"/>
      </object_component>
      <object_component id="oc-184">
         <name>.debug_info</name>
         <load_address>0xc88d</load_address>
         <run_address>0xc88d</run_address>
         <size>0x1f2</size>
         <input_file_ref idref="fl-7c"/>
      </object_component>
      <object_component id="oc-180">
         <name>.debug_info</name>
         <load_address>0xca7f</load_address>
         <run_address>0xca7f</run_address>
         <size>0x137</size>
         <input_file_ref idref="fl-7d"/>
      </object_component>
      <object_component id="oc-178">
         <name>.debug_info</name>
         <load_address>0xcbb6</load_address>
         <run_address>0xcbb6</run_address>
         <size>0xfc</size>
         <input_file_ref idref="fl-7e"/>
      </object_component>
      <object_component id="oc-1ad">
         <name>.debug_info</name>
         <load_address>0xccb2</load_address>
         <run_address>0xccb2</run_address>
         <size>0x16c</size>
         <input_file_ref idref="fl-7f"/>
      </object_component>
      <object_component id="oc-4a">
         <name>.debug_info</name>
         <load_address>0xce1e</load_address>
         <run_address>0xce1e</run_address>
         <size>0x1a1</size>
         <input_file_ref idref="fl-86"/>
      </object_component>
      <object_component id="oc-7d">
         <name>.debug_info</name>
         <load_address>0xcfbf</load_address>
         <run_address>0xcfbf</run_address>
         <size>0x1c1</size>
         <input_file_ref idref="fl-87"/>
      </object_component>
      <object_component id="oc-ff">
         <name>.debug_info</name>
         <load_address>0xd180</load_address>
         <run_address>0xd180</run_address>
         <size>0x1c4</size>
         <input_file_ref idref="fl-88"/>
      </object_component>
      <object_component id="oc-159">
         <name>.debug_info</name>
         <load_address>0xd344</load_address>
         <run_address>0xd344</run_address>
         <size>0x85</size>
         <input_file_ref idref="fl-89"/>
      </object_component>
      <object_component id="oc-137">
         <name>.debug_info</name>
         <load_address>0xd3c9</load_address>
         <run_address>0xd3c9</run_address>
         <size>0x3cf</size>
         <input_file_ref idref="fl-8a"/>
      </object_component>
      <object_component id="oc-93">
         <name>.debug_info</name>
         <load_address>0xd798</load_address>
         <run_address>0xd798</run_address>
         <size>0x2f1</size>
         <input_file_ref idref="fl-8b"/>
      </object_component>
      <object_component id="oc-d1">
         <name>.debug_info</name>
         <load_address>0xda89</load_address>
         <run_address>0xda89</run_address>
         <size>0x23b</size>
         <input_file_ref idref="fl-8c"/>
      </object_component>
      <object_component id="oc-22b">
         <name>.debug_info</name>
         <load_address>0xdcc4</load_address>
         <run_address>0xdcc4</run_address>
         <size>0xb6</size>
      </object_component>
      <object_component id="oc-ac">
         <name>.debug_ranges</name>
         <load_address>0x0</load_address>
         <run_address>0x0</run_address>
         <size>0x58</size>
         <input_file_ref idref="fl-1"/>
      </object_component>
      <object_component id="oc-68">
         <name>.debug_ranges</name>
         <load_address>0x58</load_address>
         <run_address>0x58</run_address>
         <size>0x18</size>
         <input_file_ref idref="fl-2"/>
      </object_component>
      <object_component id="oc-3b">
         <name>.debug_ranges</name>
         <load_address>0x70</load_address>
         <run_address>0x70</run_address>
         <size>0x68</size>
         <input_file_ref idref="fl-4"/>
      </object_component>
      <object_component id="oc-9d">
         <name>.debug_ranges</name>
         <load_address>0xd8</load_address>
         <run_address>0xd8</run_address>
         <size>0x58</size>
         <input_file_ref idref="fl-5"/>
      </object_component>
[...]
         <object_component_ref idref="oc-fb"/>
      </symbol>
      <symbol id="sm-108">
         <name>StY</name>
         <value>0x2020020c</value>
         <object_component_ref idref="oc-fc"/>
      </symbol>
      <symbol id="sm-109">
         <name>_Z15ST7735_FillRectsssst</name>
         <value>0x68d</value>
         <object_component_ref idref="oc-f6"/>
      </symbol>
      <symbol id="sm-10a">
         <name>_Z12ST7735_InitR10initRFlags</name>
         <value>0xf35</value>
         <object_component_ref idref="oc-da"/>
      </symbol>
      <symbol id="sm-10b">
         <name>_Z16ST7735_DrawPixelsst</name>
         <value>0x12d9</value>
         <object_component_ref idref="oc-155"/>
      </symbol>
      <symbol id="sm-10c">
         <name>_Z16ST7735_DrawCharSsscssh</name>
         <value>0x275</value>
         <object_component_ref idref="oc-fa"/>
      </symbol>
      <symbol id="sm-10d">
         <name>_Z17ST7735_DrawStringttPcs</name>
         <value>0x10d9</value>
         <object_component_ref idref="oc-f9"/>
      </symbol>
      <symbol id="sm-10e">
         <name>_Z11fillmessagej</name>
         <value>0x165d</value>
         <object_component_ref idref="oc-106"/>
      </symbol>
      <symbol id="sm-10f">
         <name>Messageindex</name>
         <value>0x2020060c</value>
         <object_component_ref idref="oc-107"/>
      </symbol>
      <symbol id="sm-110">
         <name>Message</name>
         <value>0x202005f8</value>
         <object_component_ref idref="oc-108"/>
      </symbol>
      <symbol id="sm-111">
         <name>_Z14ST7735_OutUDecj</name>
         <value>0x1055</value>
         <object_component_ref idref="oc-ae"/>
      </symbol>
      <symbol id="sm-112">
         <name>_Z14ST7735_OutCharc</name>
         <value>0xc7d</value>
         <object_component_ref idref="oc-a7"/>
      </symbol>
      <symbol id="sm-113">
         <name>_Z16ST7735_OutStringPc</name>
         <value>0x1cf9</value>
         <object_component_ref idref="oc-a6"/>
      </symbol>
      <symbol id="sm-114">
         <name>_Z11ST7735_openPKcji</name>
         <value>0x1dc1</value>
         <object_component_ref idref="oc-f0"/>
      </symbol>
      <symbol id="sm-115">
         <name>_Z12ST7735_closei</name>
         <value>0x1e91</value>
         <object_component_ref idref="oc-f1"/>
      </symbol>
      <symbol id="sm-116">
         <name>_Z11ST7735_readiPcj</name>
         <value>0x1dd7</value>
         <object_component_ref idref="oc-ee"/>
      </symbol>
      <symbol id="sm-117">
         <name>_Z12ST7735_writeiPKcj</name>
         <value>0x1a31</value>
         <object_component_ref idref="oc-ed"/>
      </symbol>
      <symbol id="sm-118">
         <name>_Z12ST7735_lseekili</name>
         <value>0x1e35</value>
         <object_component_ref idref="oc-ec"/>
      </symbol>
      <symbol id="sm-119">
         <name>_Z13ST7735_unlinkPKc</name>
         <value>0x1e9b</value>
         <object_component_ref idref="oc-eb"/>
      </symbol>
      <symbol id="sm-11a">
         <name>_Z13ST7735_renamePKcS0_</name>
         <value>0x1e79</value>
         <object_component_ref idref="oc-ea"/>
      </symbol>
      <symbol id="sm-11b">
         <name>_Z17ST7735_InitPrintfv</name>
         <value>0xe99</value>
         <object_component_ref idref="oc-a0"/>
      </symbol>
      <symbol id="sm-124">
         <name>_ZN8SlidePotC2Ejj</name>
         <value>0x1d91</value>
         <object_component_ref idref="oc-c9"/>
      </symbol>
      <symbol id="sm-125">
         <name>_ZN8SlidePotC1Ejj</name>
         <value>0x1d91</value>
         <object_component_ref idref="oc-c9"/>
      </symbol>
      <symbol id="sm-130">
         <name>SysTick_Handler</name>
         <value>0x17a5</value>
         <object_component_ref idref="oc-2f"/>
      </symbol>
      <symbol id="sm-131">
         <name>WavePt</name>
         <value>0x20200620</value>
         <object_component_ref idref="oc-6b"/>
      </symbol>
      <symbol id="sm-132">
         <name>SoundIndex</name>
         <value>0x20200614</value>
         <object_component_ref idref="oc-6c"/>
      </symbol>
      <symbol id="sm-133">
         <name>SizeSoundArray</name>
         <value>0x20200610</value>
         <object_component_ref idref="oc-6d"/>
      </symbol>
      <symbol id="sm-13e">
         <name>TIMG7_IRQHandler</name>
         <value>0x18c9</value>
         <object_component_ref idref="oc-34"/>
      </symbol>
      <symbol id="sm-13f">
         <name>TExaSadc</name>
         <value>0x2020061c</value>
         <object_component_ref idref="oc-70"/>
      </symbol>
      <symbol id="sm-140">
         <name>TExaSLogic</name>
         <value>0x20200618</value>
         <object_component_ref idref="oc-71"/>
      </symbol>
      <symbol id="sm-14f">
         <name>Default_Handler</name>
         <value>0x1ec9</value>
         <object_component_ref idref="oc-2d"/>
      </symbol>
      <symbol id="sm-150">
         <name>Reset_Handler</name>
         <value>0x1ed1</value>
         <object_component_ref idref="oc-29"/>
      </symbol>
      <symbol id="sm-151">
         <name>HardFault_Handler</name>
         <value>0x1ecd</value>
         <object_component_ref idref="oc-2e"/>
      </symbol>
      <symbol id="sm-152">
         <name>interruptVectors</name>
         <value>0x0</value>
         <object_component_ref idref="oc-18"/>
      </symbol>
      <symbol id="sm-153">
         <name>NMI_Handler</name>
         <value>0x1ec9</value>
         <object_component_ref idref="oc-2d"/>
      </symbol>
      <symbol id="sm-154">
         <name>SVC_Handler</name>
         <value>0x1ec9</value>
         <object_component_ref idref="oc-2d"/>
      </symbol>
      <symbol id="sm-155">
         <name>PendSV_Handler</name>
         <value>0x1ec9</value>
         <object_component_ref idref="oc-2d"/>
      </symbol>
      <symbol id="sm-156">
         <name>GROUP0_IRQHandler</name>
         <value>0x1ec9</value>
         <object_component_ref idref="oc-2d"/>
      </symbol>
      <symbol id="sm-157">
         <name>GROUP1_IRQHandler</name>
         <value>0x1ec9</value>
         <object_component_ref idref="oc-2d"/>
      </symbol>
      <symbol id="sm-158">
         <name>TIMG8_IRQHandler</name>
         <value>0x1ec9</value>
         <object_component_ref idref="oc-2d"/>
      </symbol>
      <symbol id="sm-159">
         <name>UART3_IRQHandler</name>
         <value>0x1ec9</value>
         <object_component_ref idref="oc-2d"/>
      </symbol>
      <symbol id="sm-15a">
         <name>ADC0_IRQHandler</name>
         <value>0x1ec9</value>
         <object_component_ref idref="oc-2d"/>
      </symbol>
      <symbol id="sm-15b">
         <name>ADC1_IRQHandler</name>
         <value>0x1ec9</value>
         <object_component_ref idref="oc-2d"/>
      </symbol>
      <symbol id="sm-15c">
         <name>CANFD0_IRQHandler</name>
         <value>0x1ec9</value>
         <object_component_ref idref="oc-2d"/>
      </symbol>
      <symbol id="sm-15d">
         <name>DAC0_IRQHandler</name>
         <value>0x1ec9</value>
         <object_component_ref idref="oc-2d"/>
      </symbol>
      <symbol id="sm-15e">
         <name>SPI0_IRQHandler</name>
         <value>0x1ec9</value>
         <object_component_ref idref="oc-2d"/>
      </symbol>
      <symbol id="sm-15f">
         <name>SPI1_IRQHandler</name>
         <value>0x1ec9</value>
         <object_component_ref idref="oc-2d"/>
      </symbol>
      <symbol id="sm-160">
         <name>UART1_IRQHandler</name>
         <value>0x1ec9</value>
         <object_component_ref idref="oc-2d"/>
      </symbol>
      <symbol id="sm-161">
         <name>UART2_IRQHandler</name>
         <value>0x1ec9</value>
         <object_component_ref idref="oc-2d"/>
      </symbol>
      <symbol id="sm-162">
         <name>UART0_IRQHandler</name>
         <value>0x1ec9</value>
         <object_component_ref idref="oc-2d"/>
      </symbol>
      <symbol id="sm-163">
         <name>TIMG0_IRQHandler</name>
         <value>0x1ec9</value>
         <object_component_ref idref="oc-2d"/>
      </symbol>
      <symbol id="sm-164">
         <name>TIMG6_IRQHandler</name>
         <value>0x1ec9</value>
         <object_component_ref idref="oc-2d"/>
      </symbol>
      <symbol id="sm-165">
         <name>TIMA0_IRQHandler</name>
         <value>0x1ec9</value>
         <object_component_ref idref="oc-2d"/>
      </symbol>
      <symbol id="sm-166">
         <name>TIMA1_IRQHandler</name>
         <value>0x1ec9</value>
         <object_component_ref idref="oc-2d"/>
      </symbol>
      <symbol id="sm-167">
         <name>I2C0_IRQHandler</name>
         <value>0x1ec9</value>
         <object_component_ref idref="oc-2d"/>
      </symbol>
      <symbol id="sm-168">
         <name>I2C1_IRQHandler</name>
         <value>0x1ec9</value>
         <object_component_ref idref="oc-2d"/>
      </symbol>
      <symbol id="sm-169">
         <name>AES_IRQHandler</name>
         <value>0x1ec9</value>
         <object_component_ref idref="oc-2d"/>
      </symbol>
      <symbol id="sm-16a">
         <name>RTC_IRQHandler</name>
         <value>0x1ec9</value>
         <object_component_ref idref="oc-2d"/>
      </symbol>
      <symbol id="sm-16b">
         <name>DMA_IRQHandler</name>
         <value>0x1ec9</value>
         <object_component_ref idref="oc-2d"/>
      </symbol>
      <symbol id="sm-182">
         <name>fopen</name>
         <value>0x115d</value>
         <object_component_ref idref="oc-df"/>
      </symbol>
      <symbol id="sm-183">
         <name>__TI_cleanup</name>
         <value>0x1acd</value>
         <object_component_ref idref="oc-14d"/>
      </symbol>
      <symbol id="sm-184">
         <name>freopen</name>
         <value>0x1b9d</value>
         <object_component_ref idref="oc-e5"/>
      </symbol>
      <symbol id="sm-18e">
         <name>setvbuf</name>
         <value>0xb9d</value>
         <object_component_ref idref="oc-e6"/>
      </symbol>
      <symbol id="sm-19c">
         <name>abort</name>
         <value>0x1ed9</value>
         <object_component_ref idref="oc-b0"/>
      </symbol>
      <symbol id="sm-19d">
         <name>C$$EXIT</name>
         <value>0x1ed8</value>
         <object_component_ref idref="oc-b0"/>
      </symbol>
      <symbol id="sm-19e">
         <name>__TI_cleanup_ptr</name>
         <value>0x202001fc</value>
         <object_component_ref idref="oc-119"/>
      </symbol>
      <symbol id="sm-19f">
         <name>__TI_dtors_ptr</name>
         <value>0x20200200</value>
         <object_component_ref idref="oc-119"/>
      </symbol>
      <symbol id="sm-1a0">
         <name>exit</name>
         <value>0x1b69</value>
         <object_component_ref idref="oc-b5"/>
      </symbol>
      <symbol id="sm-1a9">
         <name>_nop</name>
         <value>0x1ebf</value>
         <object_component_ref idref="oc-15d"/>
      </symbol>
      <symbol id="sm-1aa">
         <name>_lock</name>
         <value>0x20200214</value>
         <object_component_ref idref="oc-117"/>
      </symbol>
      <symbol id="sm-1ab">
         <name>_unlock</name>
         <value>0x20200218</value>
         <object_component_ref idref="oc-11a"/>
      </symbol>
      <symbol id="sm-1b0">
         <name>_ftable</name>
         <value>0x20200000</value>
         <object_component_ref idref="oc-f2"/>
      </symbol>
      <symbol id="sm-1b1">
         <name>__TI_ft_end</name>
         <value>0x20200210</value>
         <object_component_ref idref="oc-141"/>
      </symbol>
      <symbol id="sm-1b2">
         <name>__TI_tmpnams</name>
         <value>0x20200558</value>
      </symbol>
      <symbol id="sm-1d2">
         <name>malloc</name>
         <value>0x1e85</value>
         <object_component_ref idref="oc-14c"/>
      </symbol>
      <symbol id="sm-1d3">
         <name>aligned_alloc</name>
         <value>0x551</value>
         <object_component_ref idref="oc-1a3"/>
      </symbol>
      <symbol id="sm-1d4">
         <name>free</name>
         <value>0x8bd</value>
         <object_component_ref idref="oc-14a"/>
      </symbol>
      <symbol id="sm-1d5">
         <name>_sys_memory</name>
         <value>0x20200238</value>
         <object_component_ref idref="oc-27"/>
      </symbol>
      <symbol id="sm-1d6">
         <name>memalign</name>
         <value>0x551</value>
         <object_component_ref idref="oc-1a3"/>
      </symbol>
      <symbol id="sm-1e0">
         <name>__TI_zero_init_nomemset</name>
         <value>0x1ded</value>
         <object_component_ref idref="oc-50"/>
      </symbol>
      <symbol id="sm-1e9">
         <name>__TI_decompress_none</name>
         <value>0x1e13</value>
         <object_component_ref idref="oc-20"/>
      </symbol>
      <symbol id="sm-1f4">
         <name>__TI_decompress_lzss</name>
         <value>0x1485</value>
         <object_component_ref idref="oc-1c"/>
      </symbol>
      <symbol id="sm-1ff">
         <name>_c_int00_noargs</name>
         <value>0x1cd1</value>
         <object_component_ref idref="oc-59"/>
      </symbol>
      <symbol id="sm-200">
         <name>__stack</name>
         <value>0x20207e00</value>
         <object_component_ref idref="oc-1a"/>
      </symbol>
      <symbol id="sm-20d">
         <name>__TI_closefile</name>
         <value>0x125d</value>
         <object_component_ref idref="oc-144"/>
      </symbol>
      <symbol id="sm-217">
         <name>__TI_doflush</name>
         <value>0x1705</value>
         <object_component_ref idref="oc-190"/>
      </symbol>
      <symbol id="sm-223">
         <name>__TI_auto_init_nobinit</name>
         <value>0x16b1</value>
         <object_component_ref idref="oc-bd"/>
      </symbol>
      <symbol id="sm-22b">
         <name>_system_pre_init</name>
         <value>0x1ed5</value>
         <object_component_ref idref="oc-7e"/>
      </symbol>
      <symbol id="sm-236">
         <name>write</name>
         <value>0x1ca9</value>
         <object_component_ref idref="oc-1ce"/>
      </symbol>
      <symbol id="sm-23b">
         <name>_device</name>
         <value>0x202000f0</value>
         <object_component_ref idref="oc-13a"/>
      </symbol>
      <symbol id="sm-23c">
         <name>_stream</name>
         <value>0x20200168</value>
         <object_component_ref idref="oc-1ca"/>
      </symbol>
      <symbol id="sm-245">
         <name>remove</name>
         <value>0x1eb7</value>
         <object_component_ref idref="oc-19a"/>
      </symbol>
      <symbol id="sm-251">
         <name>open</name>
         <value>0xd4d</value>
         <object_component_ref idref="oc-18c"/>
      </symbol>
      <symbol id="sm-25b">
         <name>close</name>
         <value>0x1755</value>
         <object_component_ref idref="oc-196"/>
      </symbol>
      <symbol id="sm-267">
         <name>add_device</name>
         <value>0xab5</value>
         <object_component_ref idref="oc-db"/>
      </symbol>
      <symbol id="sm-271">
         <name>unlink</name>
         <value>0x1c2d</value>
         <object_component_ref idref="oc-1d7"/>
      </symbol>
      <symbol id="sm-27b">
         <name>HOSTclose</name>
         <value>0x17f1</value>
         <object_component_ref idref="oc-16f"/>
      </symbol>
      <symbol id="sm-285">
         <name>HOSTlseek</name>
         <value>0x13b5</value>
         <object_component_ref idref="oc-17b"/>
      </symbol>
      <symbol id="sm-28f">
         <name>HOSTopen</name>
         <value>0x1551</value>
         <object_component_ref idref="oc-16b"/>
      </symbol>
      <symbol id="sm-290">
         <name>parmbuf</name>
         <value>0x20200604</value>
      </symbol>
      <symbol id="sm-29a">
         <name>HOSTread</name>
         <value>0x15ad</value>
         <object_component_ref idref="oc-173"/>
      </symbol>
      <symbol id="sm-2ab">
         <name>HOSTrename</name>
         <value>0x141d</value>
         <object_component_ref idref="oc-183"/>
      </symbol>
      <symbol id="sm-2b5">
         <name>HOSTunlink</name>
         <value>0x1839</value>
         <object_component_ref idref="oc-17f"/>
      </symbol>
      <symbol id="sm-2bf">
         <name>HOSTwrite</name>
         <value>0x1605</value>
         <object_component_ref idref="oc-177"/>
      </symbol>
      <symbol id="sm-2cd">
         <name>C$$IO$$</name>
         <value>0x1b5f</value>
         <object_component_ref idref="oc-1aa"/>
      </symbol>
      <symbol id="sm-2ce">
         <name>__TI_writemsg</name>
         <value>0x1b35</value>
         <object_component_ref idref="oc-1aa"/>
      </symbol>
      <symbol id="sm-2cf">
         <name>__CIOBUF_</name>
         <value>0x20200438</value>
         <object_component_ref idref="oc-1e1"/>
      </symbol>
      <symbol id="sm-2d0">
         <name>__TI_readmsg</name>
         <value>0x1b01</value>
         <object_component_ref idref="oc-1b0"/>
      </symbol>
      <symbol id="sm-2d1">
         <name>_CIOBUF_</name>
         <value>0x20200438</value>
         <object_component_ref idref="oc-1e1"/>
      </symbol>
      <symbol id="sm-2d7">
         <name>__aeabi_memcpy</name>
         <value>0x1ec1</value>
         <object_component_ref idref="oc-49"/>
      </symbol>
      <symbol id="sm-2d8">
         <name>__aeabi_memcpy4</name>
         <value>0x1ec1</value>
         <object_component_ref idref="oc-49"/>
      </symbol>
      <symbol id="sm-2d9">
         <name>__aeabi_memcpy8</name>
         <value>0x1ec1</value>
         <object_component_ref idref="oc-49"/>
      </symbol>
      <symbol id="sm-2df">
         <name>__aeabi_memset</name>
         <value>0x1d75</value>
         <object_component_ref idref="oc-7a"/>
      </symbol>
      <symbol id="sm-2e0">
         <name>__aeabi_memset4</name>
         <value>0x1d75</value>
         <object_component_ref idref="oc-7a"/>
      </symbol>
      <symbol id="sm-2e1">
         <name>__aeabi_memset8</name>
         <value>0x1d75</value>
         <object_component_ref idref="oc-7a"/>
      </symbol>
      <symbol id="sm-2e2">
         <name>__aeabi_memclr</name>
         <value>0x1d85</value>
         <object_component_ref idref="oc-7a"/>
      </symbol>
      <symbol id="sm-2e3">
         <name>__aeabi_memclr4</name>
         <value>0x1d85</value>
         <object_component_ref idref="oc-7a"/>
      </symbol>
      <symbol id="sm-2e4">
         <name>__aeabi_memclr8</name>
         <value>0x1d85</value>
         <object_component_ref idref="oc-7a"/>
      </symbol>
      <symbol id="sm-2ea">
         <name>__aeabi_uidiv</name>
         <value>0x1949</value>
         <object_component_ref idref="oc-fe"/>
      </symbol>
      <symbol id="sm-2eb">
         <name>__aeabi_uidivmod</name>
         <value>0x1949</value>
         <object_component_ref idref="oc-fe"/>
      </symbol>
      <symbol id="sm-2f5">
         <name>__aeabi_idiv0</name>
         <value>0xe97</value>
         <object_component_ref idref="oc-157"/>
      </symbol>
      <symbol id="sm-303">
         <name>finddevice</name>
         <value>0x19f9</value>
         <object_component_ref idref="oc-133"/>
      </symbol>
      <symbol id="sm-304">
         <name>getdevice</name>
         <value>0x1349</value>
         <object_component_ref idref="oc-1c8"/>
      </symbol>
      <symbol id="sm-30d">
         <name>TI_memcpy_small</name>
         <value>0x1e01</value>
         <object_component_ref idref="oc-90"/>
      </symbol>
      <symbol id="sm-316">
         <name>TI_memset_small</name>
         <value>0x1e5f</value>
         <object_component_ref idref="oc-d0"/>
      </symbol>
      <symbol id="sm-317">
         <name>__TI_static_base__</name>
         <value>0x0</value>
      </symbol>
      <symbol id="sm-31a">
         <name>__mpu_init</name>
         <value>0x0</value>
      </symbol>
      <symbol id="sm-31b">
         <name>_system_post_cinit</name>
         <value>0x0</value>
      </symbol>
   </symbol_table>
   <title>Link successful</title>
</link_info>
