******************************************************************************
            TI ARM Clang Linker PC v3.2.1                      
******************************************************************************
>> Linked Thu Apr 25 13:50:58 2024

OUTPUT FILE NAME:   <ECE319K_Lab9H.out>
ENTRY POINT SYMBOL: "_c_int00_noargs"  address: 0000c06d


MEMORY CONFIGURATION

         name            origin    length      used     unused   attr    fill
----------------------  --------  ---------  --------  --------  ----  --------
  FLASH                 00000000   00020000  0000c690  00013970  R  X
  SRAM                  20200000   00008000  00000948  000076b8  RW X
  BCR_CONFIG            41c00000   00000080  00000000  00000080  R   
  BSL_CONFIG            41c00100   00000080  00000000  00000080  R   


SEGMENT ALLOCATION MAP

run origin  load origin   length   init length attrs members
----------  ----------- ---------- ----------- ----- -------
00000000    00000000    0000c690   0000c690    r-x
  00000000    00000000    000000c0   000000c0    r-- .intvecs
  000000c0    000000c0    00008678   00008678    r-- .rodata
  00008738    00008738    00003e48   00003e48    r-x .text
  0000c580    0000c580    00000008   00000008    r-- .init_array
  0000c588    0000c588    00000108   00000108    r-- .cinit
20200000    20200000    0000074b   00000000    rw-
  20200000    20200000    00000365   00000000    rw- .data
  20200368    20200368    00000200   00000000    rw- .sysmem
  20200568    20200568    000001e3   00000000    rw- .bss
20207e00    20207e00    00000200   00000000    rw-
  20207e00    20207e00    00000200   00000000    rw- .stack


SECTION ALLOCATION MAP

 output                                  attributes/
section   page    origin      length       input sections
--------  ----  ----------  ----------   ----------------
.intvecs   0    00000000    000000c0     
                  00000000    000000c0     startup_mspm0g3507_ticlang.o (.intvecs)

.binit     0    00000000    00000000     

.text      0    00008738    00003e48     
                  00008738    00000768     Lab9HMain.o (.text.main)
                  00008ea0    000003fc     Lab9HMain.o (.text.TIMG12_IRQHandler)
                  0000929c    000001e4     Player.o (.text._ZN6Player10DrawBulletEv)
                  00009480    000001b8     ST7735.o (.text._Z16ST7735_DrawCharSsscssh)
                  00009638    000001b4     Clock.o (.text._Z15Clock_Init80MHzi)
                  000097ec    00000190     SlidePot.o (.text._ZN8SlidePot4MoveEP6Playerj)
                  0000997c    00000188     Player.o (.text._ZN6Player10PWIndicateEv)
                  00009b04    0000017c     ST7735.o (.text._Z17ST7735_DrawBitmapssPKtss)
                  00009c80    00000160     libc.a : fopen.c.obj (.text._openfile)
                  00009de0    0000012c            : memory.c.obj (.text.aligned_alloc)
                  00009f0c    00000128     SlidePot.o (.text._ZN8SlidePot4InitEP10ADC12_Regsjjj)
                  0000a034    00000118     ST7735.o (.text._Z15ST7735_FillRectsssst)
                  0000a14c    00000104     ST7735.o (.text._Z14ST7735_OutCharcht)
                  0000a250    000000f8     SPI.o (.text._Z8SPI_Initv)
                  0000a348    000000ec     libsysbm.a : add_device.c.obj (.text.add_device)
                  0000a434    000000ec     libc.a : memory.c.obj (.text.free)
                  0000a520    000000de     Player.o (.text._ZN6Player12UpdateBulletEv)
                  0000a5fe    000000de     Player.o (.text._ZN6Player5isHitEP6Bullet)
                  0000a6dc    000000dc     libc.a : setvbuf.c.obj (.text.setvbuf)
                  0000a7b8    000000c0     Player.o (.text._ZN12PowerupQueue5checkEP6Player)
                  0000a878    000000b0     ST7735.o (.text._Z20ST7735_DrawFastVLinessst)
                  0000a928    000000a8     libsysbm.a : open.c.obj (.text.open)
                  0000a9d0    000000a2     ST7735.o (.text._ZL11commandListPKh)
                  0000aa72    00000002     libclang_rt.builtins.a : aeabi_div0.c.obj (.text.__aeabi_idiv0)
                  0000aa74    0000009c     ST7735.o (.text._Z17ST7735_InitPrintfv)
                  0000ab10    00000098     ST7735.o (.text._Z12ST7735_InitR10initRFlags)
                  0000aba8    00000094     Timer.o (.text._Z15TimerG12_IntArmjj)
                  0000ac3c    00000092     Player.o (.text._ZN7Powerup6PisHitEP6Bullet)
                  0000acce    00000002     libc.a : _lock.c.obj (.text._nop)
                  0000acd0    00000090     ST7735.o (.text._Z17ST7735_DrawStringttPcs)
                  0000ad60    0000008c     Player.o (.text._ZN6Player4DrawEv)
                  0000adec    00000088     ST7735.o (.text._ZL13setAddrWindowhhhh)
                  0000ae74    00000084     Player.o (.text._ZN12PowerupQueue13removePowerupEi)
                  0000aef8    00000080     Player.o (.text._ZN6PlayerC2EiiPKtb)
                  0000af78    0000007c     LaunchPad.o (.text._Z14LaunchPad_Initv)
                  0000aff4    0000007c     libc.a : fclose.c.obj (.text.__TI_closefile)
                  0000b070    00000078            : copy_decompress_lzss.c.obj (.text:decompress:lzss)
                  0000b0e8    00000070     ST7735.o (.text._Z16ST7735_DrawPixelsst)
                  0000b158    0000006c     libsysbm.a : hostlseek.c.obj (.text.HOSTlseek)
                  0000b1c4    0000006c                : hostrename.c.obj (.text.HOSTrename)
                  0000b230    00000068     SlidePot.o (.text._ZN8SlidePot2InEP10ADC12_RegsPjS2_)
                  0000b298    00000068     libc.a : getdevice.c.obj (.text.getdevice)
                  0000b300    00000064            : memory.c.obj (.text.split)
                  0000b364    00000062     Player.o (.text._ZN6Player11BorderCheckEv)
                  0000b3c6    00000002     --HOLE-- [fill = 0]
                  0000b3c8    00000060     libsysbm.a : hostopen.c.obj (.text.HOSTopen)
                  0000b428    00000058                : hostread.c.obj (.text.HOSTread)
                  0000b480    00000058                : hostwrite.c.obj (.text.HOSTwrite)
                  0000b4d8    00000056     libclang_rt.builtins.a : aeabi_idivmod.S.obj (.text.__aeabi_idivmod)
                  0000b52e    00000054     libc++abi.a : stdlib_new_delete.cpp.obj (.text._Znwj)
                  0000b582    00000002     --HOLE-- [fill = 0]
                  0000b584    00000054     libc.a : autoinit.c.obj (.text:__TI_auto_init_nobinit)
                  0000b5d8    00000052            : fflush.c.obj (.text.__TI_doflush)
                  0000b62a    00000002     --HOLE-- [fill = 0]
                  0000b62c    00000050     libsysbm.a : close.c.obj (.text.close)
                  0000b67c    0000004c     LED.o (.text._Z8LED_Initv)
                  0000b6c8    0000004a     Player.o (.text._ZN6Player7restartEv)
                  0000b712    00000002     --HOLE-- [fill = 0]
                  0000b714    00000048     libsysbm.a : hostclose.c.obj (.text.HOSTclose)
                  0000b75c    00000048                : hostunlink.c.obj (.text.HOSTunlink)
                  0000b7a4    00000048     SPI.o (.text._Z14SPI_OutCommandc)
                  0000b7ec    00000044     Sound.o (.text.SysTick_Handler)
                  0000b830    00000042     Player.o (.text._ZN12PowerupQueue12drawPowerupsEv)
                  0000b872    00000042     Player.o (.text._ZN6Player10gotPowerUpEP7Powerup)
                  0000b8b4    00000040     TExaS.o (.text.TIMG7_IRQHandler)
                  0000b8f4    00000040     Sound.o (.text._Z14SysTick_IntArmjj)
                  0000b934    00000040     SPI.o (.text._Z9SPI_Resetv)
                  0000b974    00000040     Player.o (.text._ZN12PowerupQueue10addPowerupEP7Powerup)
                  0000b9b4    00000040     Player.o (.text._ZN6Player11setCooldownEv)
                  0000b9f4    00000040     libclang_rt.builtins.a : aeabi_uidivmod.S.obj (.text.__aeabi_uidivmod)
                  0000ba34    00000040     libc.a : fopen.c.obj (.text._search_fp)
                  0000ba74    0000003c     LED.o (.text._Z10LED_Togglej)
                  0000bab0    0000003c     LED.o (.text._Z6LED_Onj)
                  0000baec    0000003c     LED.o (.text._Z7LED_Offj)
                  0000bb28    0000003c     DAC5.o (.text._Z9DAC5_Initv)
                  0000bb64    00000038     SPI.o (.text._Z11SPI_OutDatac)
                  0000bb9c    00000038     LaunchPad.o (.text._Z15ActivatePortA_Bv)
                  0000bbd4    00000038     libc.a : getdevice.c.obj (.text.finddevice)
                  0000bc0c    00000036     ST7735.o (.text._Z16ST7735_OutStringPcht)
                  0000bc42    00000036     Player.o (.text._ZN6Player6shieldEv)
                  0000bc78    00000034     Sound.o (.text._Z11Sound_StartPKhj)
                  0000bcac    00000034     ST7735.o (.text._Z12ST7735_writeiPKcj)
                  0000bce0    00000034     Clock.o (.text._Z14Clock_Delay1msj)
                  0000bd14    00000034     ST7735.o (.text._Z16ST7735_SetCursorjj)
                  0000bd48    00000034     Player.o (.text._ZN7PowerupC2EiiPKtiii)
                  0000bd7c    00000034     libc.a : fopen.c.obj (.text.__TI_cleanup)
                  0000bdb0    00000034     libsysbm.a : trgmsg.c.obj (.text.__TI_readmsg)
                  0000bde4    00000034                : trgmsg.c.obj (.text.__TI_writemsg)
                  0000be18    00000034     libc.a : exit.c.obj (.text.exit)
                  0000be4c    00000034            : fopen.c.obj (.text.freopen)
                  0000be80    00000030     ST7735.o (.text._Z9OutPhrase8phrase_t)
                  0000beb0    00000030     ST7735.o (.text._ZL10commonInitPKh)
                  0000bee0    00000030     Player.o (.text._ZN6BulletC2Eii)
                  0000bf10    00000030     libc.a : fopen.c.obj (.text.fopen)
                  0000bf40    0000002e     ST7735.o (.text._Z15ST7735_Color565hhh)
                  0000bf6e    0000002e     Player.o (.text._ZN7PowerupC2EiiPKtii)
                  0000bf9c    0000002c     ST7735.o (.text._Z17ST7735_FillScreent)
                  0000bfc8    0000002c     libsysbm.a : unlink.c.obj (.text.unlink)
                  0000bff4    00000028     Player.o (.text._ZN6Player15DecrementHealthEv)
                  0000c01c    00000028     libc.a : memory.c.obj (.text.free_list_insert)
                  0000c044    00000028     libsysbm.a : write.c.obj (.text.write)
                  0000c06c    00000028     libc.a : boot_cortex_m.c.obj (.text:_c_int00_noargs)
                  0000c094    00000026     Player.o (.text._ZN6Player11HealthBoostEv)
                  0000c0ba    00000026     Player.o (.text._ZN6Player4isIVEv)
                  0000c0e0    00000026     Player.o (.text._ZN6Player8canShootEv)
                  0000c106    00000002     --HOLE-- [fill = 0]
                  0000c108    00000024     Switch.o (.text._Z9Switch_Inv)
                  0000c12c    00000024     Player.o (.text._ZN6Player13DecrementAmmoEv)
                  0000c150    00000024     Player.o (.text._ZN7Powerup4DrawEv)
                  0000c174    00000020     ST7735.o (.text._Z14ST7735_OutCharc)
                  0000c194    00000020     Lab9HMain.o (.text.__cxx_global_var_init.1)
                  0000c1b4    00000020     Lab9HMain.o (.text.__cxx_global_var_init.2)
                  0000c1d4    0000001e     ST7735.o (.text._ZL9pushColort)
                  0000c1f2    0000001e     Player.o (.text._ZN6Player11DecrementIVEv)
                  0000c210    0000001e     Player.o (.text._ZN6Player17decrementCooldownEv)
                  0000c22e    0000001e     Player.o (.text._ZN6Player6isDeadEv)
                  0000c24c    0000001e     SlidePot.o (.text._ZN8SlidePotC2Ejj)
                  0000c26a    00000002     --HOLE-- [fill = 0]
                  0000c26c    0000001c     ST7735.o (.text._Z16ST7735_OutStringPc)
                  0000c288    0000001c     DAC5.o (.text._Z8DAC5_Outj)
                  0000c2a4    0000001c     libc.a : memory.c.obj (.text.free_list_remove)
                  0000c2c0    0000001a     Player.o (.text._ZN6Player8MoveDownEi)
                  0000c2da    00000002     --HOLE-- [fill = 0]
                  0000c2dc    00000018     Switch.o (.text._Z11Switch_Initv)
                  0000c2f4    00000018     Player.o (.text._ZN6Player6MoveUpEi)
                  0000c30c    00000018     Lab9HMain.o (.text.__cxx_global_var_init)
                  0000c324    00000018     ST7735.o (.text.__cxx_global_var_init)
                  0000c33c    00000016     ST7735.o (.text._Z11ST7735_openPKcji)
                  0000c352    00000016     ST7735.o (.text._Z11ST7735_readiPcj)
                  0000c368    00000016     Player.o (.text._ZN7Powerup12switchStatusEb)
                  0000c37e    00000016     libc.a : copy_zero_init.c.obj (.text:decompress:ZI:__TI_zero_init_nomemset)
                  0000c394    00000014     Sound.o (.text._Z10Sound_Initv)
                  0000c3a8    00000014     Sound.o (.text._Z11Sound_Shootv)
                  0000c3bc    00000014     Sound.o (.text._Z13Sound_Powerupv)
                  0000c3d0    00000014     ST7735.o (.text._Z19ST7735_SetTextColort)
                  0000c3e4    00000014     Sound.o (.text._Z9Sound_Hitv)
                  0000c3f8    00000012     libsysbm.a : hostrename.c.obj (.text.strcpy)
                  0000c40a    00000012     libc.a : memcpy16.S.obj (.text:TI_memcpy_small)
                  0000c41c    00000012            : copy_decompress_none.c.obj (.text:decompress:none)
                  0000c42e    00000010     Lab9HMain.o (.text._GLOBAL__sub_I_Lab9HMain.cpp)
                  0000c43e    00000010     Clock.o (.text._Z11Clock_Delayj)
                  0000c44e    00000010     Player.o (.text._ZN7Powerup9getStatusEv)
                  0000c45e    0000000e     libc.a : memory.c.obj (.text.OUTLINED_FUNCTION_0)
                  0000c46c    0000000e     ST7735.o (.text._Z12ST7735_lseekili)
                  0000c47a    0000000e     Player.o (.text._ZN6Player6ReloadEv)
                  0000c488    0000000e     libsysbm.a : hostrename.c.obj (.text.strlen)
                  0000c496    0000000e     libc.a : memset16.S.obj (.text:TI_memset_small)
                  0000c4a4    0000000c     Clock.o (.text._Z10Clock_Freqv)
                  0000c4b0    0000000c     ST7735.o (.text._Z13ST7735_renamePKcS0_)
                  0000c4bc    0000000c     Player.o (.text._ZN6Player4getXEv)
                  0000c4c8    0000000c     Player.o (.text._ZN6Player4getYEv)
                  0000c4d4    0000000c     Player.o (.text._ZN6Player7getAmmoEv)
                  0000c4e0    0000000c     Player.o (.text._ZN6Player9getHealthEv)
                  0000c4ec    0000000c     Player.o (.text._ZN7Powerup4getXEv)
                  0000c4f8    0000000c     Player.o (.text._ZN7Powerup4getYEv)
                  0000c504    0000000c     libc++abi.a : cxa_handlers.cpp.obj (.text._ZSt15get_new_handlerv)
                  0000c510    0000000c     libclang_rt.builtins.a : aeabi_memset.S.obj (.text.__aeabi_memclr)
                  0000c51c    0000000c     libc.a : memory.c.obj (.text.malloc)
                  0000c528    0000000a     ST7735.o (.text._Z12ST7735_closei)
                  0000c532    0000000a     ST7735.o (.text._Z13ST7735_unlinkPKc)
                  0000c53c    0000000a     Lab9HMain.o (.text._Z8PLL_Initv)
                  0000c546    00000008     ST7735.o (.text._GLOBAL__sub_I_ST7735.cpp)
                  0000c54e    00000008     libc++abi.a : stdlib_new_delete.cpp.obj (.text._ZdlPv)
                  0000c556    00000002     --HOLE-- [fill = 0]
                  0000c558    00000008     libclang_rt.builtins.a : aeabi_memcpy.S.obj (.text.__aeabi_memcpy)
                  0000c560    00000008     libsysbm.a : remove.c.obj (.text.remove)
                  0000c568    00000004     startup_mspm0g3507_ticlang.o (.text.Default_Handler)
                  0000c56c    00000004     startup_mspm0g3507_ticlang.o (.text.HardFault_Handler)
                  0000c570    00000004     startup_mspm0g3507_ticlang.o (.text.Reset_Handler)
                  0000c574    00000004     libc.a : pre_init.c.obj (.text._system_pre_init)
                  0000c578    00000004            : exit.c.obj (.text:abort)
                  0000c57c    00000004     --HOLE-- [fill = 0]

.cinit     0    0000c588    00000108     
                  0000c588    000000e4     (.cinit..data.load) [load image, compression = lzss]
                  0000c66c    0000000c     (__TI_handler_table)
                  0000c678    00000008     (.cinit..bss.load) [load image, compression = zero_init]
                  0000c680    00000010     (__TI_cinit_table)

.rodata    0    000000c0    00008678     
                  000000c0    00003200     Lab9HMain.o (.rodata._ZL10OpenScreen)
                  000032c0    00001086     Lab9HMain.o (.rodata._ZL7JohnWin)
                  00004346    00000fd2     Lab9HMain.o (.rodata._ZL9ArthurWin)
                  00005318    000008ea     Sound.o (.rodata._ZL5Shoot)
                  00005c02    00000893     Sound.o (.rodata._ZL3hit)
                  00006495    00000832     Sound.o (.rodata._ZL11healthboost)
                  00006cc7    00000001     --HOLE-- [fill = 0]
                  00006cc8    00000578     Lab9HMain.o (.rodata._ZL7Cowboy1)
                  00007240    00000578     Lab9HMain.o (.rodata._ZL7Cowboy2)
                  000077b8    000004fb     ST7735.o (.rodata._ZL4Font)
                  00007cb3    00000001     --HOLE-- [fill = 0]
                  00007cb4    000001c2     Lab9HMain.o (.rodata._ZL6shield)
                  00007e76    000001c2     Lab9HMain.o (.rodata._ZL7deadeye)
                  00008038    000001c2     Lab9HMain.o (.rodata._ZL9rapidfire)
                  000081fa    000000c8     Lab9HMain.o (.rodata._ZL4ammo)
                  000082c2    000000c8     Lab9HMain.o (.rodata._ZL5heart)
                  0000838a    00000070     Player.o (.rodata._ZL7Bullet1)
                  000083fa    0000003b     ST7735.o (.rodata._ZL5Rcmd1)
                  00008435    0000003b     ST7735.o (.rodata._ZL8Mayhem_S)
                  00008470    00000038     ST7735.o (.rodata._ZL5End_S)
                  000084a8    00000033     ST7735.o (.rodata._ZL4Sw_S)
                  000084db    00000031     ST7735.o (.rodata._ZL8Mayhem_E)
                  0000850c    0000002d     ST7735.o (.rodata._ZL4P2_S)
                  00008539    0000002c     ST7735.o (.rodata._ZL4P1_S)
                  00008565    0000002b     ST7735.o (.rodata._ZL4P2_E)
                  00008590    0000002b     ST7735.o (.rodata._ZL5Rcmd3)
                  000085bb    00000028     ST7735.o (.rodata._ZL4P1_E)
                  000085e3    00000024     ST7735.o (.rodata._ZL4Sw_E)
                  00008607    00000023     ST7735.o (.rodata._ZL13Hello_Spanish)
                  0000862a    00000021     ST7735.o (.rodata._ZL5Tie_S)
                  0000864b    00000020     ST7735.o (.rodata._ZL5End_E)
                  0000866b    0000001e     ST7735.o (.rodata._ZL5Tie_E)
                  00008689    0000001b     ST7735.o (.rodata._ZL13Hello_English)
                  000086a4    00000016     ST7735.o (.rodata.str1.89257720903901403041)
                  000086ba    00000010     ST7735.o (.rodata._ZL6Shot_S)
                  000086ca    0000000f     ST7735.o (.rodata._ZL16Gameover_Spanish)
                  000086d9    0000000d     ST7735.o (.rodata._ZL10Rcmd2green)
                  000086e6    0000000d     ST7735.o (.rodata._ZL6Shot_E)
                  000086f3    0000000d     ST7735.o (.rodata._ZL8Rcmd2red)
                  00008700    0000000b     ST7735.o (.rodata._ZL16Gameover_English)
                  0000870b    00000009     ST7735.o (.rodata._ZL16Language_English)
                  00008714    00000009     ST7735.o (.rodata._ZL16Language_Spanish)
                  0000871d    00000008     ST7735.o (.rodata.str1.158515658982778146511)
                  00008725    00000007     ST7735.o (.rodata.str1.134990408578249619401)
                  0000872c    00000007     ST7735.o (.rodata.str1.142396731700913836241)
                  00008733    00000002     ST7735.o (.rodata.str1.120947492966851968831)
                  00008735    00000003     --HOLE-- [fill = 0]

.init_array 
*          0    0000c580    00000008     
                  0000c580    00000004     ST7735.o (.init_array)
                  0000c584    00000004     Lab9HMain.o (.init_array)

.data      0    20200000    00000365     UNINITIALIZED
                  20200000    000000f0     libc.a : defs.c.obj (.data._ftable)
                  202000f0    00000078     libsysbm.a : host_device.c.obj (.data._device)
                  20200168    00000060     ST7735.o (.data.Phrases)
                  202001c8    00000050     Lab9HMain.o (.data.Arthur)
                  20200218    00000050     Lab9HMain.o (.data.John)
                  20200268    00000050     libsysbm.a : host_device.c.obj (.data._stream)
                  202002b8    0000003c     Lab9HMain.o (.data.FSM)
                  202002f4    00000014     Lab9HMain.o (.data.Sensor)
                  20200308    0000000c     Lab9HMain.o (.data.PWs)
                  20200314    00000008     libc.a : exit.c.obj (.data..L_MergedGlobals)
                  2020031c    00000004     Clock.o (.data.BusFreq)
                  20200320    00000004     Lab9HMain.o (.data.Pt)
                  20200324    00000004     ST7735.o (.data.StX)
                  20200328    00000004     ST7735.o (.data.StY)
                  2020032c    00000004     Lab9HMain.o (.data._ZZ4mainE3pUP)
                  20200330    00000004     Lab9HMain.o (.data._ZZ4mainE6cycles)
                  20200334    00000004     libc.a : defs.c.obj (.data.__TI_ft_end)
                  20200338    00000004     libc++abi.a : cxa_default_handlers.cpp.obj (.data.__cxa_new_handler)
                  2020033c    00000004     libc.a : _lock.c.obj (.data._lock)
                  20200340    00000004            : _lock.c.obj (.data._unlock)
                  20200344    00000004     Lab9HMain.o (.data.bgColor)
                  20200348    00000004     Lab9HMain.o (.data.mayhem)
                  2020034c    00000004     Lab9HMain.o (.data.move1)
                  20200350    00000004     Lab9HMain.o (.data.move2)
                  20200354    00000002     ST7735.o (.data.StTextColor)
                  20200356    00000002     ST7735.o (.data._ZL6_width)
                  20200358    00000002     ST7735.o (.data._ZL7_height)
                  2020035a    00000001     Lab9HMain.o (.data.myLanguage)
                  2020035b    00000001     Lab9HMain.o (.data.semaphore)
                  2020035c    00000001     libsysbm.a : add_device.c.obj (.data.add_device.device_init)
                  2020035d    00000003     --HOLE--
                  20200360    00000001     libc.a : memory.c.obj (.data.memory_is_initialized)
                  20200361    00000003     --HOLE--
                  20200364    00000001     libsysbm.a : open.c.obj (.data.open.stream_init)

.sysmem    0    20200368    00000200     UNINITIALIZED
                  20200368    00000010     libc.a : memory.c.obj (.sysmem)
                  20200378    000001f0     --HOLE--

.bss       0    20200568    000001e3     UNINITIALIZED
                  20200568    00000120     libsysbm.a : trgmsg.c.obj (.bss:_CIOBUF_)
                  20200688    000000a0     libc.a : defs.c.obj (.bss.__TI_tmpnams)
                  20200728    00000008     libsysbm.a : hostopen.c.obj (.bss.parmbuf)
                  20200730    00000004     TExaS.o (.bss.TExaSLogic)
                  20200734    00000004     TExaS.o (.bss.TExaSadc)
                  20200738    00000004     Sound.o (.bss._ZL10sound2play)
                  2020073c    00000004     Sound.o (.bss._ZL10soundCount)
                  20200740    00000004     Sound.o (.bss._ZL1I)
                  20200744    00000004     libc.a : memory.c.obj (.bss.sys_free)
                  20200748    00000001     ST7735.o (.bss._ZL8ColStart)
                  20200749    00000001     ST7735.o (.bss._ZL8RowStart)
                  2020074a    00000001     ST7735.o (.bss._ZL8TabColor)

.stack     0    20207e00    00000200     UNINITIALIZED
                  20207e00    00000004     libc.a : boot_cortex_m.c.obj (.stack)
                  20207e04    000001fc     --HOLE--

__llvm_prf_cnts 
*          0    20200000    00000000     UNINITIALIZED

__llvm_prf_bits 
*          0    20200000    00000000     UNINITIALIZED

MODULE SUMMARY

       Module                         code    ro data   rw data
       ------                         ----    -------   -------
    .\
       Lab9HMain.o                    3030    25634     282    
       Sound.o                        264     6575      12     
       ST7735.o                       2974    2106      113    
       Player.o                       3180    112       0      
       SlidePot.o                     830     0         0      
       Clock.o                        516     0         4      
       SPI.o                          440     0         0      
       LED.o                          256     0         0      
       LaunchPad.o                    180     0         0      
       Timer.o                        148     0         0      
       DAC5.o                         88      0         0      
       TExaS.o                        64      0         8      
       Switch.o                       60      0         0      
    +--+------------------------------+-------+---------+---------+
       Total:                         12030   34427     419    
                                                               
    .\ticlang\
       startup_mspm0g3507_ticlang.o   12      192       0      
    +--+------------------------------+-------+---------+---------+
       Total:                         12      192       0      
                                                               
    C:\ti\ccs1260\ccs\tools\compiler\ti-cgt-armllvm_3.2.1.LTS\lib\armv6m-ti-none-eabi/c/libc.a
       memory.c.obj                   730     0         5      
       fopen.c.obj                    568     0         0      
       defs.c.obj                     0       0         404    
       setvbuf.c.obj                  220     0         0      
       getdevice.c.obj                160     0         0      
       fclose.c.obj                   124     0         0      
       copy_decompress_lzss.c.obj     120     0         0      
       autoinit.c.obj                 84      0         0      
       fflush.c.obj                   82      0         0      
       exit.c.obj                     56      0         8      
       boot_cortex_m.c.obj            40      0         0      
       copy_zero_init.c.obj           22      0         0      
       copy_decompress_none.c.obj     18      0         0      
       memcpy16.S.obj                 18      0         0      
       memset16.S.obj                 14      0         0      
       _lock.c.obj                    2       0         8      
       pre_init.c.obj                 4       0         0      
    +--+------------------------------+-------+---------+---------+
       Total:                         2262    0         425    
                                                               
    C:\ti\ccs1260\ccs\tools\compiler\ti-cgt-armllvm_3.2.1.LTS\lib\armv6m-ti-none-eabi/c/libsysbm.a
       trgmsg.c.obj                   104     0         288    
       add_device.c.obj               236     0         1      
       host_device.c.obj              0       0         200    
       open.c.obj                     168     0         1      
       hostrename.c.obj               140     0         0      
       hostlseek.c.obj                108     0         0      
       hostopen.c.obj                 96      0         8      
       hostread.c.obj                 88      0         0      
       hostwrite.c.obj                88      0         0      
       close.c.obj                    80      0         0      
       hostclose.c.obj                72      0         0      
       hostunlink.c.obj               72      0         0      
       unlink.c.obj                   44      0         0      
       write.c.obj                    40      0         0      
       remove.c.obj                   8       0         0      
    +--+------------------------------+-------+---------+---------+
       Total:                         1344    0         498    
                                                               
    C:\ti\ccs1260\ccs\tools\compiler\ti-cgt-armllvm_3.2.1.LTS\lib\armv6m-ti-none-eabi/libc++abi.a
       stdlib_new_delete.cpp.obj      92      0         0      
       cxa_handlers.cpp.obj           12      0         0      
       cxa_default_handlers.cpp.obj   0       0         4      
    +--+------------------------------+-------+---------+---------+
       Total:                         104     0         4      
                                                               
    C:\ti\ccs1260\ccs\tools\compiler\ti-cgt-armllvm_3.2.1.LTS\lib\clang/15.0.7/lib/armv6m-ti-none-eabi/libclang_rt.builtins.a
       aeabi_idivmod.S.obj            86      0         0      
       aeabi_uidivmod.S.obj           64      0         0      
       aeabi_memset.S.obj             12      0         0      
       aeabi_memcpy.S.obj             8       0         0      
       aeabi_div0.c.obj               2       0         0      
    +--+------------------------------+-------+---------+---------+
       Total:                         172     0         0      
                                                               
       Heap:                          0       0         512    
       Stack:                         0       0         512    
       Linker Generated:              0       264       0      
    +--+------------------------------+-------+---------+---------+
       Grand Total:                   15924   34883     2370   


LINKER GENERATED COPY TABLES

__TI_cinit_table @ 0000c680 records: 2, size/record: 8, table size: 16
	.data: load addr=0000c588, load size=000000e4 bytes, run addr=20200000, run size=00000365 bytes, compression=lzss
	.bss: load addr=0000c678, load size=00000008 bytes, run addr=20200568, run size=000001e3 bytes, compression=zero_init


LINKER GENERATED HANDLER TABLE

__TI_handler_table @ 0000c66c records: 3, size/record: 4, table size: 12
	index: 0, handler: __TI_decompress_lzss
	index: 1, handler: __TI_decompress_none
	index: 2, handler: __TI_zero_init


GLOBAL SYMBOLS: SORTED ALPHABETICALLY BY Name 

address   name                                   
-------   ----                                   
0000c569  ADC0_IRQHandler                        
0000c569  ADC1_IRQHandler                        
0000c569  AES_IRQHandler                         
202001c8  Arthur                                 
2020031c  BusFreq                                
0000c578  C$$EXIT                                
0000be11  C$$IO$$                                
0000c569  CANFD0_IRQHandler                      
0000c569  DAC0_IRQHandler                        
0000c569  DMA_IRQHandler                         
0000c569  Default_Handler                        
202002b8  FSM                                    
0000c569  GROUP0_IRQHandler                      
0000c569  GROUP1_IRQHandler                      
0000b715  HOSTclose                              
0000b159  HOSTlseek                              
0000b3c9  HOSTopen                               
0000b429  HOSTread                               
0000b1c5  HOSTrename                             
0000b75d  HOSTunlink                             
0000b481  HOSTwrite                              
0000c56d  HardFault_Handler                      
0000c569  I2C0_IRQHandler                        
0000c569  I2C1_IRQHandler                        
20200218  John                                   
0000c569  NMI_Handler                            
20200308  PWs                                    
0000c569  PendSV_Handler                         
20200168  Phrases                                
20200320  Pt                                     
0000c569  RTC_IRQHandler                         
0000c571  Reset_Handler                          
0000c580  SHT$$INIT_ARRAY$$Base                  
0000c588  SHT$$INIT_ARRAY$$Limit                 
0000c569  SPI0_IRQHandler                        
0000c569  SPI1_IRQHandler                        
0000c569  SVC_Handler                            
202002f4  Sensor                                 
20200354  StTextColor                            
20200324  StX                                    
20200328  StY                                    
0000b7ed  SysTick_Handler                        
20200730  TExaSLogic                             
20200734  TExaSadc                               
0000c569  TIMA0_IRQHandler                       
0000c569  TIMA1_IRQHandler                       
0000c569  TIMG0_IRQHandler                       
00008ea1  TIMG12_IRQHandler                      
0000c569  TIMG6_IRQHandler                       
0000b8b5  TIMG7_IRQHandler                       
0000c569  TIMG8_IRQHandler                       
0000c40b  TI_memcpy_small                        
0000c497  TI_memset_small                        
0000c569  UART0_IRQHandler                       
0000c569  UART1_IRQHandler                       
0000c569  UART2_IRQHandler                       
0000c569  UART3_IRQHandler                       
20200568  _CIOBUF_                               
0000c4a5  _Z10Clock_Freqv                        
0000ba75  _Z10LED_Togglej                        
0000c395  _Z10Sound_Initv                        
0000c43f  _Z11Clock_Delayj                       
0000bb65  _Z11SPI_OutDatac                       
0000c33d  _Z11ST7735_openPKcji                   
0000c353  _Z11ST7735_readiPcj                    
0000c3a9  _Z11Sound_Shootv                       
0000bc79  _Z11Sound_StartPKhj                    
0000c2dd  _Z11Switch_Initv                       
0000ab11  _Z12ST7735_InitR10initRFlags           
0000c529  _Z12ST7735_closei                      
0000c46d  _Z12ST7735_lseekili                    
0000bcad  _Z12ST7735_writeiPKcj                  
0000c4b1  _Z13ST7735_renamePKcS0_                
0000c533  _Z13ST7735_unlinkPKc                   
0000c3bd  _Z13Sound_Powerupv                     
0000bce1  _Z14Clock_Delay1msj                    
0000af79  _Z14LaunchPad_Initv                    
0000b7a5  _Z14SPI_OutCommandc                    
0000c175  _Z14ST7735_OutCharc                    
0000a14d  _Z14ST7735_OutCharcht                  
0000b8f5  _Z14SysTick_IntArmjj                   
0000bb9d  _Z15ActivatePortA_Bv                   
00009639  _Z15Clock_Init80MHzi                   
0000bf41  _Z15ST7735_Color565hhh                 
0000a035  _Z15ST7735_FillRectsssst               
0000aba9  _Z15TimerG12_IntArmjj                  
00009481  _Z16ST7735_DrawCharSsscssh             
0000b0e9  _Z16ST7735_DrawPixelsst                
0000c26d  _Z16ST7735_OutStringPc                 
0000bc0d  _Z16ST7735_OutStringPcht               
0000bd15  _Z16ST7735_SetCursorjj                 
00009b05  _Z17ST7735_DrawBitmapssPKtss           
0000acd1  _Z17ST7735_DrawStringttPcs             
0000bf9d  _Z17ST7735_FillScreent                 
0000aa75  _Z17ST7735_InitPrintfv                 
0000c3d1  _Z19ST7735_SetTextColort               
0000a879  _Z20ST7735_DrawFastVLinessst           
0000bab1  _Z6LED_Onj                             
0000baed  _Z7LED_Offj                            
0000c289  _Z8DAC5_Outj                           
0000b67d  _Z8LED_Initv                           
0000c53d  _Z8PLL_Initv                           
0000a251  _Z8SPI_Initv                           
0000bb29  _Z9DAC5_Initv                          
0000be81  _Z9OutPhrase8phrase_t                  
0000b935  _Z9SPI_Resetv                          
0000c3e5  _Z9Sound_Hitv                          
0000c109  _Z9Switch_Inv                          
0000b975  _ZN12PowerupQueue10addPowerupEP7Powerup
0000b831  _ZN12PowerupQueue12drawPowerupsEv      
0000ae75  _ZN12PowerupQueue13removePowerupEi     
0000a7b9  _ZN12PowerupQueue5checkEP6Player       
0000bee1  _ZN6BulletC1Eii                        
0000bee1  _ZN6BulletC2Eii                        
0000929d  _ZN6Player10DrawBulletEv               
0000997d  _ZN6Player10PWIndicateEv               
0000b873  _ZN6Player10gotPowerUpEP7Powerup       
0000b365  _ZN6Player11BorderCheckEv              
0000c1f3  _ZN6Player11DecrementIVEv              
0000c095  _ZN6Player11HealthBoostEv              
0000b9b5  _ZN6Player11setCooldownEv              
0000a521  _ZN6Player12UpdateBulletEv             
0000c12d  _ZN6Player13DecrementAmmoEv            
0000bff5  _ZN6Player15DecrementHealthEv          
0000c211  _ZN6Player17decrementCooldownEv        
0000ad61  _ZN6Player4DrawEv                      
0000c4bd  _ZN6Player4getXEv                      
0000c4c9  _ZN6Player4getYEv                      
0000c0bb  _ZN6Player4isIVEv                      
0000a5ff  _ZN6Player5isHitEP6Bullet              
0000c2f5  _ZN6Player6MoveUpEi                    
0000c47b  _ZN6Player6ReloadEv                    
0000c22f  _ZN6Player6isDeadEv                    
0000bc43  _ZN6Player6shieldEv                    
0000c4d5  _ZN6Player7getAmmoEv                   
0000b6c9  _ZN6Player7restartEv                   
0000c2c1  _ZN6Player8MoveDownEi                  
0000c0e1  _ZN6Player8canShootEv                  
0000c4e1  _ZN6Player9getHealthEv                 
0000aef9  _ZN6PlayerC1EiiPKtb                    
0000aef9  _ZN6PlayerC2EiiPKtb                    
0000c369  _ZN7Powerup12switchStatusEb            
0000c151  _ZN7Powerup4DrawEv                     
0000c4ed  _ZN7Powerup4getXEv                     
0000c4f9  _ZN7Powerup4getYEv                     
0000ac3d  _ZN7Powerup6PisHitEP6Bullet            
0000c44f  _ZN7Powerup9getStatusEv                
0000bf6f  _ZN7PowerupC1EiiPKtii                  
0000bd49  _ZN7PowerupC1EiiPKtiii                 
0000bf6f  _ZN7PowerupC2EiiPKtii                  
0000bd49  _ZN7PowerupC2EiiPKtiii                 
0000b231  _ZN8SlidePot2InEP10ADC12_RegsPjS2_     
00009f0d  _ZN8SlidePot4InitEP10ADC12_Regsjjj     
000097ed  _ZN8SlidePot4MoveEP6Playerj            
0000c24d  _ZN8SlidePotC1Ejj                      
0000c24d  _ZN8SlidePotC2Ejj                      
0000c505  _ZSt15get_new_handlerv                 
0000c54f  _ZdlPv                                 
0000b52f  _Znwj                                  
20200568  __CIOBUF_                              
20208000  __STACK_END                            
00000200  __STACK_SIZE                           
00000200  __SYSMEM_SIZE                          
00000000  __TI_ATRegion0_region_sz               
00000000  __TI_ATRegion0_src_addr                
00000000  __TI_ATRegion0_trg_addr                
00000000  __TI_ATRegion1_region_sz               
00000000  __TI_ATRegion1_src_addr                
00000000  __TI_ATRegion1_trg_addr                
00000000  __TI_ATRegion2_region_sz               
00000000  __TI_ATRegion2_src_addr                
00000000  __TI_ATRegion2_trg_addr                
0000c680  __TI_CINIT_Base                        
0000c690  __TI_CINIT_Limit                       
0000c690  __TI_CINIT_Warm                        
0000c66c  __TI_Handler_Table_Base                
0000c678  __TI_Handler_Table_Limit               
0000b585  __TI_auto_init_nobinit                 
0000bd7d  __TI_cleanup                           
20200314  __TI_cleanup_ptr                       
0000aff5  __TI_closefile                         
0000b071  __TI_decompress_lzss                   
0000c41d  __TI_decompress_none                   
0000b5d9  __TI_doflush                           
20200318  __TI_dtors_ptr                         
20200334  __TI_ft_end                            
ffffffff  __TI_pprof_out_hndl                    
ffffffff  __TI_prof_data_size                    
ffffffff  __TI_prof_data_start                   
0000bdb1  __TI_readmsg                           
00000000  __TI_static_base__                     
20200688  __TI_tmpnams                           
0000bde5  __TI_writemsg                          
0000c37f  __TI_zero_init_nomemset                
0000b4d9  __aeabi_idiv                           
0000aa73  __aeabi_idiv0                          
0000b4d9  __aeabi_idivmod                        
0000c511  __aeabi_memclr                         
0000c511  __aeabi_memclr4                        
0000c511  __aeabi_memclr8                        
0000c559  __aeabi_memcpy                         
0000c559  __aeabi_memcpy4                        
0000c559  __aeabi_memcpy8                        
0000b9f5  __aeabi_uidiv                          
0000b9f5  __aeabi_uidivmod                       
ffffffff  __binit__                              
20200338  __cxa_new_handler                      
UNDEFED   __mpu_init                             
20207e00  __stack                                
20200000  __start___llvm_prf_bits                
20200000  __start___llvm_prf_cnts                
20200000  __stop___llvm_prf_bits                 
20200000  __stop___llvm_prf_cnts                 
0000c06d  _c_int00_noargs                        
202000f0  _device                                
20200000  _ftable                                
2020033c  _lock                                  
0000accf  _nop                                   
20200268  _stream                                
20200368  _sys_memory                            
UNDEFED   _system_post_cinit                     
0000c575  _system_pre_init                       
20200340  _unlock                                
0000c579  abort                                  
0000a349  add_device                             
00009de1  aligned_alloc                          
20200344  bgColor                                
ffffffff  binit                                  
0000b62d  close                                  
0000be19  exit                                   
0000bbd5  finddevice                             
0000bf11  fopen                                  
0000a435  free                                   
0000be4d  freopen                                
0000b299  getdevice                              
00000000  interruptVectors                       
00008739  main                                   
0000c51d  malloc                                 
20200348  mayhem                                 
00009de1  memalign                               
2020034c  move1                                  
20200350  move2                                  
2020035a  myLanguage                             
0000a929  open                                   
20200728  parmbuf                                
0000c561  remove                                 
2020035b  semaphore                              
0000a6dd  setvbuf                                
0000bfc9  unlink                                 
0000c045  write                                  


GLOBAL SYMBOLS: SORTED BY Symbol Address 

address   name                                   
-------   ----                                   
00000000  __TI_ATRegion0_region_sz               
00000000  __TI_ATRegion0_src_addr                
00000000  __TI_ATRegion0_trg_addr                
00000000  __TI_ATRegion1_region_sz               
00000000  __TI_ATRegion1_src_addr                
00000000  __TI_ATRegion1_trg_addr                
00000000  __TI_ATRegion2_region_sz               
00000000  __TI_ATRegion2_src_addr                
00000000  __TI_ATRegion2_trg_addr                
00000000  __TI_static_base__                     
00000000  interruptVectors                       
00000200  __STACK_SIZE                           
00000200  __SYSMEM_SIZE                          
00008739  main                                   
00008ea1  TIMG12_IRQHandler                      
0000929d  _ZN6Player10DrawBulletEv               
00009481  _Z16ST7735_DrawCharSsscssh             
00009639  _Z15Clock_Init80MHzi                   
000097ed  _ZN8SlidePot4MoveEP6Playerj            
0000997d  _ZN6Player10PWIndicateEv               
00009b05  _Z17ST7735_DrawBitmapssPKtss           
00009de1  aligned_alloc                          
00009de1  memalign                               
00009f0d  _ZN8SlidePot4InitEP10ADC12_Regsjjj     
0000a035  _Z15ST7735_FillRectsssst               
0000a14d  _Z14ST7735_OutCharcht                  
0000a251  _Z8SPI_Initv                           
0000a349  add_device                             
0000a435  free                                   
0000a521  _ZN6Player12UpdateBulletEv             
0000a5ff  _ZN6Player5isHitEP6Bullet              
0000a6dd  setvbuf                                
0000a7b9  _ZN12PowerupQueue5checkEP6Player       
0000a879  _Z20ST7735_DrawFastVLinessst           
0000a929  open                                   
0000aa73  __aeabi_idiv0                          
0000aa75  _Z17ST7735_InitPrintfv                 
0000ab11  _Z12ST7735_InitR10initRFlags           
0000aba9  _Z15TimerG12_IntArmjj                  
0000ac3d  _ZN7Powerup6PisHitEP6Bullet            
0000accf  _nop                                   
0000acd1  _Z17ST7735_DrawStringttPcs             
0000ad61  _ZN6Player4DrawEv                      
0000ae75  _ZN12PowerupQueue13removePowerupEi     
0000aef9  _ZN6PlayerC1EiiPKtb                    
0000aef9  _ZN6PlayerC2EiiPKtb                    
0000af79  _Z14LaunchPad_Initv                    
0000aff5  __TI_closefile                         
0000b071  __TI_decompress_lzss                   
0000b0e9  _Z16ST7735_DrawPixelsst                
0000b159  HOSTlseek                              
0000b1c5  HOSTrename                             
0000b231  _ZN8SlidePot2InEP10ADC12_RegsPjS2_     
0000b299  getdevice                              
0000b365  _ZN6Player11BorderCheckEv              
0000b3c9  HOSTopen                               
0000b429  HOSTread                               
0000b481  HOSTwrite                              
0000b4d9  __aeabi_idiv                           
0000b4d9  __aeabi_idivmod                        
0000b52f  _Znwj                                  
0000b585  __TI_auto_init_nobinit                 
0000b5d9  __TI_doflush                           
0000b62d  close                                  
0000b67d  _Z8LED_Initv                           
0000b6c9  _ZN6Player7restartEv                   
0000b715  HOSTclose                              
0000b75d  HOSTunlink                             
0000b7a5  _Z14SPI_OutCommandc                    
0000b7ed  SysTick_Handler                        
0000b831  _ZN12PowerupQueue12drawPowerupsEv      
0000b873  _ZN6Player10gotPowerUpEP7Powerup       
0000b8b5  TIMG7_IRQHandler                       
0000b8f5  _Z14SysTick_IntArmjj                   
0000b935  _Z9SPI_Resetv                          
0000b975  _ZN12PowerupQueue10addPowerupEP7Powerup
0000b9b5  _ZN6Player11setCooldownEv              
0000b9f5  __aeabi_uidiv                          
0000b9f5  __aeabi_uidivmod                       
0000ba75  _Z10LED_Togglej                        
0000bab1  _Z6LED_Onj                             
0000baed  _Z7LED_Offj                            
0000bb29  _Z9DAC5_Initv                          
0000bb65  _Z11SPI_OutDatac                       
0000bb9d  _Z15ActivatePortA_Bv                   
0000bbd5  finddevice                             
0000bc0d  _Z16ST7735_OutStringPcht               
0000bc43  _ZN6Player6shieldEv                    
0000bc79  _Z11Sound_StartPKhj                    
0000bcad  _Z12ST7735_writeiPKcj                  
0000bce1  _Z14Clock_Delay1msj                    
0000bd15  _Z16ST7735_SetCursorjj                 
0000bd49  _ZN7PowerupC1EiiPKtiii                 
0000bd49  _ZN7PowerupC2EiiPKtiii                 
0000bd7d  __TI_cleanup                           
0000bdb1  __TI_readmsg                           
0000bde5  __TI_writemsg                          
0000be11  C$$IO$$                                
0000be19  exit                                   
0000be4d  freopen                                
0000be81  _Z9OutPhrase8phrase_t                  
0000bee1  _ZN6BulletC1Eii                        
0000bee1  _ZN6BulletC2Eii                        
0000bf11  fopen                                  
0000bf41  _Z15ST7735_Color565hhh                 
0000bf6f  _ZN7PowerupC1EiiPKtii                  
0000bf6f  _ZN7PowerupC2EiiPKtii                  
0000bf9d  _Z17ST7735_FillScreent                 
0000bfc9  unlink                                 
0000bff5  _ZN6Player15DecrementHealthEv          
0000c045  write                                  
0000c06d  _c_int00_noargs                        
0000c095  _ZN6Player11HealthBoostEv              
0000c0bb  _ZN6Player4isIVEv                      
0000c0e1  _ZN6Player8canShootEv                  
0000c109  _Z9Switch_Inv                          
0000c12d  _ZN6Player13DecrementAmmoEv            
0000c151  _ZN7Powerup4DrawEv                     
0000c175  _Z14ST7735_OutCharc                    
0000c1f3  _ZN6Player11DecrementIVEv              
0000c211  _ZN6Player17decrementCooldownEv        
0000c22f  _ZN6Player6isDeadEv                    
0000c24d  _ZN8SlidePotC1Ejj                      
0000c24d  _ZN8SlidePotC2Ejj                      
0000c26d  _Z16ST7735_OutStringPc                 
0000c289  _Z8DAC5_Outj                           
0000c2c1  _ZN6Player8MoveDownEi                  
0000c2dd  _Z11Switch_Initv                       
0000c2f5  _ZN6Player6MoveUpEi                    
0000c33d  _Z11ST7735_openPKcji                   
0000c353  _Z11ST7735_readiPcj                    
0000c369  _ZN7Powerup12switchStatusEb            
0000c37f  __TI_zero_init_nomemset                
0000c395  _Z10Sound_Initv                        
0000c3a9  _Z11Sound_Shootv                       
0000c3bd  _Z13Sound_Powerupv                     
0000c3d1  _Z19ST7735_SetTextColort               
0000c3e5  _Z9Sound_Hitv                          
0000c40b  TI_memcpy_small                        
0000c41d  __TI_decompress_none                   
0000c43f  _Z11Clock_Delayj                       
0000c44f  _ZN7Powerup9getStatusEv                
0000c46d  _Z12ST7735_lseekili                    
0000c47b  _ZN6Player6ReloadEv                    
0000c497  TI_memset_small                        
0000c4a5  _Z10Clock_Freqv                        
0000c4b1  _Z13ST7735_renamePKcS0_                
0000c4bd  _ZN6Player4getXEv                      
0000c4c9  _ZN6Player4getYEv                      
0000c4d5  _ZN6Player7getAmmoEv                   
0000c4e1  _ZN6Player9getHealthEv                 
0000c4ed  _ZN7Powerup4getXEv                     
0000c4f9  _ZN7Powerup4getYEv                     
0000c505  _ZSt15get_new_handlerv                 
0000c511  __aeabi_memclr                         
0000c511  __aeabi_memclr4                        
0000c511  __aeabi_memclr8                        
0000c51d  malloc                                 
0000c529  _Z12ST7735_closei                      
0000c533  _Z13ST7735_unlinkPKc                   
0000c53d  _Z8PLL_Initv                           
0000c54f  _ZdlPv                                 
0000c559  __aeabi_memcpy                         
0000c559  __aeabi_memcpy4                        
0000c559  __aeabi_memcpy8                        
0000c561  remove                                 
0000c569  ADC0_IRQHandler                        
0000c569  ADC1_IRQHandler                        
0000c569  AES_IRQHandler                         
0000c569  CANFD0_IRQHandler                      
0000c569  DAC0_IRQHandler                        
0000c569  DMA_IRQHandler                         
0000c569  Default_Handler                        
0000c569  GROUP0_IRQHandler                      
0000c569  GROUP1_IRQHandler                      
0000c569  I2C0_IRQHandler                        
0000c569  I2C1_IRQHandler                        
0000c569  NMI_Handler                            
0000c569  PendSV_Handler                         
0000c569  RTC_IRQHandler                         
0000c569  SPI0_IRQHandler                        
0000c569  SPI1_IRQHandler                        
0000c569  SVC_Handler                            
0000c569  TIMA0_IRQHandler                       
0000c569  TIMA1_IRQHandler                       
0000c569  TIMG0_IRQHandler                       
0000c569  TIMG6_IRQHandler                       
0000c569  TIMG8_IRQHandler                       
0000c569  UART0_IRQHandler                       
0000c569  UART1_IRQHandler                       
0000c569  UART2_IRQHandler                       
0000c569  UART3_IRQHandler                       
0000c56d  HardFault_Handler                      
0000c571  Reset_Handler                          
0000c575  _system_pre_init                       
0000c578  C$$EXIT                                
0000c579  abort                                  
0000c580  SHT$$INIT_ARRAY$$Base                  
0000c588  SHT$$INIT_ARRAY$$Limit                 
0000c66c  __TI_Handler_Table_Base                
0000c678  __TI_Handler_Table_Limit               
0000c680  __TI_CINIT_Base                        
0000c690  __TI_CINIT_Limit                       
0000c690  __TI_CINIT_Warm                        
20200000  __start___llvm_prf_bits                
20200000  __start___llvm_prf_cnts                
20200000  __stop___llvm_prf_bits                 
20200000  __stop___llvm_prf_cnts                 
20200000  _ftable                                
202000f0  _device                                
20200168  Phrases                                
202001c8  Arthur                                 
20200218  John                                   
20200268  _stream                                
202002b8  FSM                                    
202002f4  Sensor                                 
20200308  PWs                                    
20200314  __TI_cleanup_ptr                       
20200318  __TI_dtors_ptr                         
2020031c  BusFreq                                
20200320  Pt                                     
20200324  StX                                    
20200328  StY                                    
20200334  __TI_ft_end                            
20200338  __cxa_new_handler                      
2020033c  _lock                                  
20200340  _unlock                                
20200344  bgColor                                
20200348  mayhem                                 
2020034c  move1                                  
20200350  move2                                  
20200354  StTextColor                            
2020035a  myLanguage                             
2020035b  semaphore                              
20200368  _sys_memory                            
20200568  _CIOBUF_                               
20200568  __CIOBUF_                              
20200688  __TI_tmpnams                           
20200728  parmbuf                                
20200730  TExaSLogic                             
20200734  TExaSadc                               
20207e00  __stack                                
20208000  __STACK_END                            
ffffffff  __TI_pprof_out_hndl                    
ffffffff  __TI_prof_data_size                    
ffffffff  __TI_prof_data_start                   
ffffffff  __binit__                              
ffffffff  binit                                  
UNDEFED   __mpu_init                             
UNDEFED   _system_post_cinit                     

[250 symbols]
