<?xml version="1.0" encoding="ISO-8859-1" ?>
<link_info>
   <banner>TI ARM Clang Linker PC v3.2.1.LTS</banner>
   <copyright>Copyright (c) 1996-2018 Texas Instruments Incorporated</copyright>
   <link_time>0x662aa612</link_time>
   <link_errors>0x0</link_errors>
   <output_file>C:\Users\pisto\OneDrive - The University of Texas at Austin\00 - UT Austin\0 - School\ECE 319H\MSPM0_ValvanoWare\ECE319K_Lab9H\Debug\ECE319K_Lab9H.out</output_file>
   <entry_point>
      <name>_c_int00_noargs</name>
      <address>0xc06d</address>
   </entry_point>
   <input_file_list>
      <input_file id="fl-1">
         <path>C:\Users\pisto\OneDrive - The University of Texas at Austin\00 - UT Austin\0 - School\ECE 319H\MSPM0_ValvanoWare\ECE319K_Lab9H\Debug\.\</path>
         <kind>object</kind>
         <file>Clock.o</file>
         <name>Clock.o</name>
      </input_file>
      <input_file id="fl-2">
         <path>C:\Users\pisto\OneDrive - The University of Texas at Austin\00 - UT Austin\0 - School\ECE 319H\MSPM0_ValvanoWare\ECE319K_Lab9H\Debug\.\</path>
         <kind>object</kind>
         <file>DAC5.o</file>
         <name>DAC5.o</name>
      </input_file>
      <input_file id="fl-3">
         <path>C:\Users\pisto\OneDrive - The University of Texas at Austin\00 - UT Austin\0 - School\ECE 319H\MSPM0_ValvanoWare\ECE319K_Lab9H\Debug\.\</path>
         <kind>object</kind>
         <file>LED.o</file>
         <name>LED.o</name>
      </input_file>
      <input_file id="fl-4">
         <path>C:\Users\pisto\OneDrive - The University of Texas at Austin\00 - UT Austin\0 - School\ECE 319H\MSPM0_ValvanoWare\ECE319K_Lab9H\Debug\.\</path>
         <kind>object</kind>
         <file>Lab9HMain.o</file>
         <name>Lab9HMain.o</name>
      </input_file>
      <input_file id="fl-5">
         <path>C:\Users\pisto\OneDrive - The University of Texas at Austin\00 - UT Austin\0 - School\ECE 319H\MSPM0_ValvanoWare\ECE319K_Lab9H\Debug\.\</path>
         <kind>object</kind>
         <file>LaunchPad.o</file>
         <name>LaunchPad.o</name>
      </input_file>
      <input_file id="fl-6">
         <path>C:\Users\pisto\OneDrive - The University of Texas at Austin\00 - UT Austin\0 - School\ECE 319H\MSPM0_ValvanoWare\ECE319K_Lab9H\Debug\.\</path>
         <kind>object</kind>
         <file>Player.o</file>
         <name>Player.o</name>
      </input_file>
      <input_file id="fl-7">
         <path>C:\Users\pisto\OneDrive - The University of Texas at Austin\00 - UT Austin\0 - School\ECE 319H\MSPM0_ValvanoWare\ECE319K_Lab9H\Debug\.\</path>
         <kind>object</kind>
         <file>SPI.o</file>
         <name>SPI.o</name>
      </input_file>
      <input_file id="fl-8">
         <path>C:\Users\pisto\OneDrive - The University of Texas at Austin\00 - UT Austin\0 - School\ECE 319H\MSPM0_ValvanoWare\ECE319K_Lab9H\Debug\.\</path>
         <kind>object</kind>
         <file>ST7735.o</file>
         <name>ST7735.o</name>
      </input_file>
      <input_file id="fl-9">
         <path>C:\Users\pisto\OneDrive - The University of Texas at Austin\00 - UT Austin\0 - School\ECE 319H\MSPM0_ValvanoWare\ECE319K_Lab9H\Debug\.\</path>
         <kind>object</kind>
         <file>SlidePot.o</file>
         <name>SlidePot.o</name>
      </input_file>
      <input_file id="fl-a">
         <path>C:\Users\pisto\OneDrive - The University of Texas at Austin\00 - UT Austin\0 - School\ECE 319H\MSPM0_ValvanoWare\ECE319K_Lab9H\Debug\.\</path>
         <kind>object</kind>
         <file>SmallFont.o</file>
         <name>SmallFont.o</name>
      </input_file>
      <input_file id="fl-b">
         <path>C:\Users\pisto\OneDrive - The University of Texas at Austin\00 - UT Austin\0 - School\ECE 319H\MSPM0_ValvanoWare\ECE319K_Lab9H\Debug\.\</path>
         <kind>object</kind>
         <file>Sound.o</file>
         <name>Sound.o</name>
      </input_file>
      <input_file id="fl-c">
         <path>C:\Users\pisto\OneDrive - The University of Texas at Austin\00 - UT Austin\0 - School\ECE 319H\MSPM0_ValvanoWare\ECE319K_Lab9H\Debug\.\</path>
         <kind>object</kind>
         <file>Switch.o</file>
         <name>Switch.o</name>
      </input_file>
      <input_file id="fl-d">
         <path>C:\Users\pisto\OneDrive - The University of Texas at Austin\00 - UT Austin\0 - School\ECE 319H\MSPM0_ValvanoWare\ECE319K_Lab9H\Debug\.\</path>
         <kind>object</kind>
         <file>TExaS.o</file>
         <name>TExaS.o</name>
      </input_file>
      <input_file id="fl-e">
         <path>C:\Users\pisto\OneDrive - The University of Texas at Austin\00 - UT Austin\0 - School\ECE 319H\MSPM0_ValvanoWare\ECE319K_Lab9H\Debug\.\</path>
         <kind>object</kind>
         <file>Timer.o</file>
         <name>Timer.o</name>
      </input_file>
      <input_file id="fl-f">
         <path>C:\Users\pisto\OneDrive - The University of Texas at Austin\00 - UT Austin\0 - School\ECE 319H\MSPM0_ValvanoWare\ECE319K_Lab9H\Debug\.\images\pipedreams\</path>
         <kind>object</kind>
         <file>PipeSound.o</file>
         <name>PipeSound.o</name>
      </input_file>
      <input_file id="fl-10">
         <path>C:\Users\pisto\OneDrive - The University of Texas at Austin\00 - UT Austin\0 - School\ECE 319H\MSPM0_ValvanoWare\ECE319K_Lab9H\Debug\.\ticlang\</path>
         <kind>object</kind>
         <file>startup_mspm0g3507_ticlang.o</file>
         <name>startup_mspm0g3507_ticlang.o</name>
      </input_file>
      <input_file id="fl-1c">
         <path>C:\Users\pisto\OneDrive - The University of Texas at Austin\00 - UT Austin\0 - School\ECE 319H\MSPM0_ValvanoWare\ECE319K_Lab9H\Debug\</path>
         <kind>object</kind>
         <file>&lt;internal&gt;</file>
         <name>&lt;internal&gt;</name>
      </input_file>
      <input_file id="fl-2b">
         <path>C:\ti\ccs1260\ccs\tools\compiler\ti-cgt-armllvm_3.2.1.LTS\lib\armv6m-ti-none-eabi\c\</path>
         <kind>archive</kind>
         <file>libc.a</file>
         <name>fopen.c.obj</name>
      </input_file>
      <input_file id="fl-2c">
         <path>C:\ti\ccs1260\ccs\tools\compiler\ti-cgt-armllvm_3.2.1.LTS\lib\armv6m-ti-none-eabi\c\</path>
         <kind>archive</kind>
         <file>libc.a</file>
         <name>setvbuf.c.obj</name>
      </input_file>
      <input_file id="fl-2d">
         <path>C:\ti\ccs1260\ccs\tools\compiler\ti-cgt-armllvm_3.2.1.LTS\lib\armv6m-ti-none-eabi\c\</path>
         <kind>archive</kind>
         <file>libc.a</file>
         <name>aeabi_portable.c.obj</name>
      </input_file>
      <input_file id="fl-2e">
         <path>C:\ti\ccs1260\ccs\tools\compiler\ti-cgt-armllvm_3.2.1.LTS\lib\armv6m-ti-none-eabi\c\</path>
         <kind>archive</kind>
         <file>libc.a</file>
         <name>exit.c.obj</name>
      </input_file>
      <input_file id="fl-2f">
         <path>C:\ti\ccs1260\ccs\tools\compiler\ti-cgt-armllvm_3.2.1.LTS\lib\armv6m-ti-none-eabi\c\</path>
         <kind>archive</kind>
         <file>libc.a</file>
         <name>_lock.c.obj</name>
      </input_file>
      <input_file id="fl-30">
         <path>C:\ti\ccs1260\ccs\tools\compiler\ti-cgt-armllvm_3.2.1.LTS\lib\armv6m-ti-none-eabi\c\</path>
         <kind>archive</kind>
         <file>libc.a</file>
         <name>assert.c.obj</name>
      </input_file>
      <input_file id="fl-31">
         <path>C:\ti\ccs1260\ccs\tools\compiler\ti-cgt-armllvm_3.2.1.LTS\lib\armv6m-ti-none-eabi\c\</path>
         <kind>archive</kind>
         <file>libc.a</file>
         <name>defs.c.obj</name>
      </input_file>
      <input_file id="fl-32">
         <path>C:\ti\ccs1260\ccs\tools\compiler\ti-cgt-armllvm_3.2.1.LTS\lib\armv6m-ti-none-eabi\c\</path>
         <kind>archive</kind>
         <file>libc.a</file>
         <name>memory.c.obj</name>
      </input_file>
      <input_file id="fl-33">
         <path>C:\ti\ccs1260\ccs\tools\compiler\ti-cgt-armllvm_3.2.1.LTS\lib\armv6m-ti-none-eabi\c\</path>
         <kind>archive</kind>
         <file>libc.a</file>
         <name>abs.c.obj</name>
      </input_file>
      <input_file id="fl-34">
         <path>C:\ti\ccs1260\ccs\tools\compiler\ti-cgt-armllvm_3.2.1.LTS\lib\armv6m-ti-none-eabi\c\</path>
         <kind>archive</kind>
         <file>libc.a</file>
         <name>copy_zero_init.c.obj</name>
      </input_file>
      <input_file id="fl-35">
         <path>C:\ti\ccs1260\ccs\tools\compiler\ti-cgt-armllvm_3.2.1.LTS\lib\armv6m-ti-none-eabi\c\</path>
         <kind>archive</kind>
         <file>libc.a</file>
         <name>copy_decompress_none.c.obj</name>
      </input_file>
      <input_file id="fl-36">
         <path>C:\ti\ccs1260\ccs\tools\compiler\ti-cgt-armllvm_3.2.1.LTS\lib\armv6m-ti-none-eabi\c\</path>
         <kind>archive</kind>
         <file>libc.a</file>
         <name>copy_decompress_lzss.c.obj</name>
      </input_file>
      <input_file id="fl-37">
         <path>C:\ti\ccs1260\ccs\tools\compiler\ti-cgt-armllvm_3.2.1.LTS\lib\armv6m-ti-none-eabi\c\</path>
         <kind>archive</kind>
         <file>libc.a</file>
         <name>boot_cortex_m.c.obj</name>
      </input_file>
      <input_file id="fl-38">
         <path>C:\ti\ccs1260\ccs\tools\compiler\ti-cgt-armllvm_3.2.1.LTS\lib\armv6m-ti-none-eabi\c\</path>
         <kind>archive</kind>
         <file>libc.a</file>
         <name>mathacl_init.c.obj</name>
      </input_file>
      <input_file id="fl-39">
         <path>C:\ti\ccs1260\ccs\tools\compiler\ti-cgt-armllvm_3.2.1.LTS\lib\armv6m-ti-none-eabi\c\</path>
         <kind>archive</kind>
         <file>libc.a</file>
         <name>sprintf.c.obj</name>
      </input_file>
      <input_file id="fl-3a">
         <path>C:\ti\ccs1260\ccs\tools\compiler\ti-cgt-armllvm_3.2.1.LTS\lib\armv6m-ti-none-eabi\c\</path>
         <kind>archive</kind>
         <file>libc.a</file>
         <name>fclose.c.obj</name>
      </input_file>
      <input_file id="fl-3b">
         <path>C:\ti\ccs1260\ccs\tools\compiler\ti-cgt-armllvm_3.2.1.LTS\lib\armv6m-ti-none-eabi\c\</path>
         <kind>archive</kind>
         <file>libc.a</file>
         <name>fflush.c.obj</name>
      </input_file>
      <input_file id="fl-3c">
         <path>C:\ti\ccs1260\ccs\tools\compiler\ti-cgt-armllvm_3.2.1.LTS\lib\armv6m-ti-none-eabi\c\</path>
         <kind>archive</kind>
         <file>libc.a</file>
         <name>fputs.c.obj</name>
      </input_file>
      <input_file id="fl-3d">
         <path>C:\ti\ccs1260\ccs\tools\compiler\ti-cgt-armllvm_3.2.1.LTS\lib\armv6m-ti-none-eabi\c\</path>
         <kind>archive</kind>
         <file>libc.a</file>
         <name>_io_perm.c.obj</name>
      </input_file>
      <input_file id="fl-3e">
         <path>C:\ti\ccs1260\ccs\tools\compiler\ti-cgt-armllvm_3.2.1.LTS\lib\armv6m-ti-none-eabi\c\</path>
         <kind>archive</kind>
         <file>libc.a</file>
         <name>args_main.c.obj</name>
      </input_file>
      <input_file id="fl-3f">
         <path>C:\ti\ccs1260\ccs\tools\compiler\ti-cgt-armllvm_3.2.1.LTS\lib\armv6m-ti-none-eabi\c\</path>
         <kind>archive</kind>
         <file>libc.a</file>
         <name>autoinit.c.obj</name>
      </input_file>
      <input_file id="fl-40">
         <path>C:\ti\ccs1260\ccs\tools\compiler\ti-cgt-armllvm_3.2.1.LTS\lib\armv6m-ti-none-eabi\c\</path>
         <kind>archive</kind>
         <file>libc.a</file>
         <name>pre_init.c.obj</name>
      </input_file>
      <input_file id="fl-41">
         <path>C:\ti\ccs1260\ccs\tools\compiler\ti-cgt-armllvm_3.2.1.LTS\lib\armv6m-ti-none-eabi\c\</path>
         <kind>archive</kind>
         <file>libc.a</file>
         <name>cpy_tbl.c.obj</name>
      </input_file>
      <input_file id="fl-42">
         <path>C:\ti\ccs1260\ccs\tools\compiler\ti-cgt-armllvm_3.2.1.LTS\lib\armv6m-ti-none-eabi\c\</path>
         <kind>archive</kind>
         <file>libc.a</file>
         <name>_printfi.c.obj</name>
      </input_file>
      <input_file id="fl-43">
         <path>C:\ti\ccs1260\ccs\tools\compiler\ti-cgt-armllvm_3.2.1.LTS\lib\armv6m-ti-none-eabi\c\</path>
         <kind>archive</kind>
         <file>libc.a</file>
         <name>fseek.c.obj</name>
      </input_file>
      <input_file id="fl-44">
         <path>C:\ti\ccs1260\ccs\tools\compiler\ti-cgt-armllvm_3.2.1.LTS\lib\armv6m-ti-none-eabi\c\</path>
         <kind>archive</kind>
         <file>libc.a</file>
         <name>s_frexp.c.obj</name>
      </input_file>
      <input_file id="fl-45">
         <path>C:\ti\ccs1260\ccs\tools\compiler\ti-cgt-armllvm_3.2.1.LTS\lib\armv6m-ti-none-eabi\c\</path>
         <kind>archive</kind>
         <file>libc.a</file>
         <name>s_scalbn.c.obj</name>
      </input_file>
      <input_file id="fl-46">
         <path>C:\ti\ccs1260\ccs\tools\compiler\ti-cgt-armllvm_3.2.1.LTS\lib\armv6m-ti-none-eabi\c\</path>
         <kind>archive</kind>
         <file>libc.a</file>
         <name>_ltoa.c.obj</name>
      </input_file>
      <input_file id="fl-47">
         <path>C:\ti\ccs1260\ccs\tools\compiler\ti-cgt-armllvm_3.2.1.LTS\lib\armv6m-ti-none-eabi\c\</path>
         <kind>archive</kind>
         <file>libc.a</file>
         <name>atoi.c.obj</name>
      </input_file>
      <input_file id="fl-48">
         <path>C:\ti\ccs1260\ccs\tools\compiler\ti-cgt-armllvm_3.2.1.LTS\lib\armv6m-ti-none-eabi\c\</path>
         <kind>archive</kind>
         <file>libc.a</file>
         <name>memccpy.c.obj</name>
      </input_file>
      <input_file id="fl-49">
         <path>C:\ti\ccs1260\ccs\tools\compiler\ti-cgt-armllvm_3.2.1.LTS\lib\armv6m-ti-none-eabi\c\</path>
         <kind>archive</kind>
         <file>libc.a</file>
         <name>wcslen.c.obj</name>
      </input_file>
      <input_file id="fl-4a">
         <path>C:\ti\ccs1260\ccs\tools\compiler\ti-cgt-armllvm_3.2.1.LTS\lib\armv6m-ti-none-eabi\c\</path>
         <kind>archive</kind>
         <file>libc.a</file>
         <name>aeabi_ctype.S.obj</name>
      </input_file>
      <input_file id="fl-b0">
         <path>C:\ti\ccs1260\ccs\tools\compiler\ti-cgt-armllvm_3.2.1.LTS\lib\armv6m-ti-none-eabi\</path>
         <kind>archive</kind>
         <file>libc++abi.a</file>
         <name>stdlib_new_delete.cpp.obj</name>
      </input_file>
      <input_file id="fl-b1">
         <path>C:\ti\ccs1260\ccs\tools\compiler\ti-cgt-armllvm_3.2.1.LTS\lib\armv6m-ti-none-eabi\</path>
         <kind>archive</kind>
         <file>libc++abi.a</file>
         <name>cxa_handlers.cpp.obj</name>
      </input_file>
      <input_file id="fl-b2">
         <path>C:\ti\ccs1260\ccs\tools\compiler\ti-cgt-armllvm_3.2.1.LTS\lib\armv6m-ti-none-eabi\</path>
         <kind>archive</kind>
         <file>libc++abi.a</file>
         <name>abort_message.cpp.obj</name>
      </input_file>
      <input_file id="fl-b3">
         <path>C:\ti\ccs1260\ccs\tools\compiler\ti-cgt-armllvm_3.2.1.LTS\lib\armv6m-ti-none-eabi\</path>
         <kind>archive</kind>
         <file>libc++abi.a</file>
         <name>cxa_default_handlers.cpp.obj</name>
      </input_file>
      <input_file id="fl-b4">
         <path>C:\ti\ccs1260\ccs\tools\compiler\ti-cgt-armllvm_3.2.1.LTS\lib\armv6m-ti-none-eabi\c\</path>
         <kind>archive</kind>
         <file>libsysbm.a</file>
         <name>write.c.obj</name>
      </input_file>
      <input_file id="fl-b5">
         <path>C:\ti\ccs1260\ccs\tools\compiler\ti-cgt-armllvm_3.2.1.LTS\lib\armv6m-ti-none-eabi\c\</path>
         <kind>archive</kind>
         <file>libsysbm.a</file>
         <name>host_device.c.obj</name>
      </input_file>
      <input_file id="fl-b6">
         <path>C:\ti\ccs1260\ccs\tools\compiler\ti-cgt-armllvm_3.2.1.LTS\lib\armv6m-ti-none-eabi\c\</path>
         <kind>archive</kind>
         <file>libsysbm.a</file>
         <name>remove.c.obj</name>
      </input_file>
      <input_file id="fl-b7">
         <path>C:\ti\ccs1260\ccs\tools\compiler\ti-cgt-armllvm_3.2.1.LTS\lib\armv6m-ti-none-eabi\c\</path>
         <kind>archive</kind>
         <file>libsysbm.a</file>
         <name>open.c.obj</name>
      </input_file>
      <input_file id="fl-b8">
         <path>C:\ti\ccs1260\ccs\tools\compiler\ti-cgt-armllvm_3.2.1.LTS\lib\armv6m-ti-none-eabi\c\</path>
         <kind>archive</kind>
         <file>libsysbm.a</file>
         <name>lseek.c.obj</name>
      </input_file>
      <input_file id="fl-b9">
         <path>C:\ti\ccs1260\ccs\tools\compiler\ti-cgt-armllvm_3.2.1.LTS\lib\armv6m-ti-none-eabi\c\</path>
         <kind>archive</kind>
         <file>libsysbm.a</file>
         <name>close.c.obj</name>
      </input_file>
      <input_file id="fl-ba">
         <path>C:\ti\ccs1260\ccs\tools\compiler\ti-cgt-armllvm_3.2.1.LTS\lib\armv6m-ti-none-eabi\c\</path>
         <kind>archive</kind>
         <file>libsysbm.a</file>
         <name>add_device.c.obj</name>
      </input_file>
      <input_file id="fl-bb">
         <path>C:\ti\ccs1260\ccs\tools\compiler\ti-cgt-armllvm_3.2.1.LTS\lib\armv6m-ti-none-eabi\c\</path>
         <kind>archive</kind>
         <file>libsysbm.a</file>
         <name>unlink.c.obj</name>
      </input_file>
      <input_file id="fl-bc">
         <path>C:\ti\ccs1260\ccs\tools\compiler\ti-cgt-armllvm_3.2.1.LTS\lib\armv6m-ti-none-eabi\c\</path>
         <kind>archive</kind>
         <file>libsysbm.a</file>
         <name>hostclose.c.obj</name>
      </input_file>
      <input_file id="fl-bd">
         <path>C:\ti\ccs1260\ccs\tools\compiler\ti-cgt-armllvm_3.2.1.LTS\lib\armv6m-ti-none-eabi\c\</path>
         <kind>archive</kind>
         <file>libsysbm.a</file>
         <name>hostlseek.c.obj</name>
      </input_file>
      <input_file id="fl-be">
         <path>C:\ti\ccs1260\ccs\tools\compiler\ti-cgt-armllvm_3.2.1.LTS\lib\armv6m-ti-none-eabi\c\</path>
         <kind>archive</kind>
         <file>libsysbm.a</file>
         <name>hostopen.c.obj</name>
      </input_file>
      <input_file id="fl-bf">
         <path>C:\ti\ccs1260\ccs\tools\compiler\ti-cgt-armllvm_3.2.1.LTS\lib\armv6m-ti-none-eabi\c\</path>
         <kind>archive</kind>
         <file>libsysbm.a</file>
         <name>hostread.c.obj</name>
      </input_file>
      <input_file id="fl-c0">
         <path>C:\ti\ccs1260\ccs\tools\compiler\ti-cgt-armllvm_3.2.1.LTS\lib\armv6m-ti-none-eabi\c\</path>
         <kind>archive</kind>
         <file>libsysbm.a</file>
         <name>hostrename.c.obj</name>
      </input_file>
      <input_file id="fl-c1">
         <path>C:\ti\ccs1260\ccs\tools\compiler\ti-cgt-armllvm_3.2.1.LTS\lib\armv6m-ti-none-eabi\c\</path>
         <kind>archive</kind>
         <file>libsysbm.a</file>
         <name>hostunlink.c.obj</name>
      </input_file>
      <input_file id="fl-c2">
         <path>C:\ti\ccs1260\ccs\tools\compiler\ti-cgt-armllvm_3.2.1.LTS\lib\armv6m-ti-none-eabi\c\</path>
         <kind>archive</kind>
         <file>libsysbm.a</file>
         <name>hostwrite.c.obj</name>
      </input_file>
      <input_file id="fl-c3">
         <path>C:\ti\ccs1260\ccs\tools\compiler\ti-cgt-armllvm_3.2.1.LTS\lib\armv6m-ti-none-eabi\c\</path>
         <kind>archive</kind>
         <file>libsysbm.a</file>
         <name>trgmsg.c.obj</name>
      </input_file>
      <input_file id="fl-c4">
         <path>C:\ti\ccs1260\ccs\tools\compiler\ti-cgt-armllvm_3.2.1.LTS\lib\clang\15.0.7\lib\armv6m-ti-none-eabi\</path>
         <kind>archive</kind>
         <file>libclang_rt.builtins.a</file>
         <name>adddf3.S.obj</name>
      </input_file>
      <input_file id="fl-c5">
         <path>C:\ti\ccs1260\ccs\tools\compiler\ti-cgt-armllvm_3.2.1.LTS\lib\clang\15.0.7\lib\armv6m-ti-none-eabi\</path>
         <kind>archive</kind>
         <file>libclang_rt.builtins.a</file>
         <name>muldf3.S.obj</name>
      </input_file>
      <input_file id="fl-c6">
         <path>C:\ti\ccs1260\ccs\tools\compiler\ti-cgt-armllvm_3.2.1.LTS\lib\clang\15.0.7\lib\armv6m-ti-none-eabi\</path>
         <kind>archive</kind>
         <file>libclang_rt.builtins.a</file>
         <name>muldsi3.S.obj</name>
      </input_file>
      <input_file id="fl-c7">
         <path>C:\ti\ccs1260\ccs\tools\compiler\ti-cgt-armllvm_3.2.1.LTS\lib\clang\15.0.7\lib\armv6m-ti-none-eabi\</path>
         <kind>archive</kind>
         <file>libclang_rt.builtins.a</file>
         <name>divdf3.S.obj</name>
      </input_file>
      <input_file id="fl-c8">
         <path>C:\ti\ccs1260\ccs\tools\compiler\ti-cgt-armllvm_3.2.1.LTS\lib\clang\15.0.7\lib\armv6m-ti-none-eabi\</path>
         <kind>archive</kind>
         <file>libclang_rt.builtins.a</file>
         <name>fixdfsi.S.obj</name>
      </input_file>
      <input_file id="fl-c9">
         <path>C:\ti\ccs1260\ccs\tools\compiler\ti-cgt-armllvm_3.2.1.LTS\lib\clang\15.0.7\lib\armv6m-ti-none-eabi\</path>
         <kind>archive</kind>
         <file>libclang_rt.builtins.a</file>
         <name>floatsidf.S.obj</name>
      </input_file>
      <input_file id="fl-ca">
         <path>C:\ti\ccs1260\ccs\tools\compiler\ti-cgt-armllvm_3.2.1.LTS\lib\clang\15.0.7\lib\armv6m-ti-none-eabi\</path>
         <kind>archive</kind>
         <file>libclang_rt.builtins.a</file>
         <name>floatunsidf.S.obj</name>
      </input_file>
      <input_file id="fl-cb">
         <path>C:\ti\ccs1260\ccs\tools\compiler\ti-cgt-armllvm_3.2.1.LTS\lib\clang\15.0.7\lib\armv6m-ti-none-eabi\</path>
         <kind>archive</kind>
         <file>libclang_rt.builtins.a</file>
         <name>muldi3.S.obj</name>
      </input_file>
      <input_file id="fl-cc">
         <path>C:\ti\ccs1260\ccs\tools\compiler\ti-cgt-armllvm_3.2.1.LTS\lib\clang\15.0.7\lib\armv6m-ti-none-eabi\</path>
         <kind>archive</kind>
         <file>libclang_rt.builtins.a</file>
         <name>truncdfsf2.S.obj</name>
      </input_file>
      <input_file id="fl-cd">
         <path>C:\ti\ccs1260\ccs\tools\compiler\ti-cgt-armllvm_3.2.1.LTS\lib\clang\15.0.7\lib\armv6m-ti-none-eabi\</path>
         <kind>archive</kind>
         <file>libclang_rt.builtins.a</file>
         <name>aeabi_dcmp.S.obj</name>
      </input_file>
      <input_file id="fl-ce">
         <path>C:\ti\ccs1260\ccs\tools\compiler\ti-cgt-armllvm_3.2.1.LTS\lib\clang\15.0.7\lib\armv6m-ti-none-eabi\</path>
         <kind>archive</kind>
         <file>libclang_rt.builtins.a</file>
         <name>aeabi_idivmod.S.obj</name>
      </input_file>
      <input_file id="fl-cf">
         <path>C:\ti\ccs1260\ccs\tools\compiler\ti-cgt-armllvm_3.2.1.LTS\lib\clang\15.0.7\lib\armv6m-ti-none-eabi\</path>
         <kind>archive</kind>
         <file>libclang_rt.builtins.a</file>
         <name>aeabi_memcpy.S.obj</name>
      </input_file>
      <input_file id="fl-d0">
         <path>C:\ti\ccs1260\ccs\tools\compiler\ti-cgt-armllvm_3.2.1.LTS\lib\clang\15.0.7\lib\armv6m-ti-none-eabi\</path>
         <kind>archive</kind>
         <file>libclang_rt.builtins.a</file>
         <name>aeabi_memset.S.obj</name>
      </input_file>
      <input_file id="fl-d1">
         <path>C:\ti\ccs1260\ccs\tools\compiler\ti-cgt-armllvm_3.2.1.LTS\lib\clang\15.0.7\lib\armv6m-ti-none-eabi\</path>
         <kind>archive</kind>
         <file>libclang_rt.builtins.a</file>
         <name>aeabi_uidivmod.S.obj</name>
      </input_file>
      <input_file id="fl-d2">
         <path>C:\ti\ccs1260\ccs\tools\compiler\ti-cgt-armllvm_3.2.1.LTS\lib\clang\15.0.7\lib\armv6m-ti-none-eabi\</path>
         <kind>archive</kind>
         <file>libclang_rt.builtins.a</file>
         <name>aeabi_uldivmod.S.obj</name>
      </input_file>
      <input_file id="fl-d3">
         <path>C:\ti\ccs1260\ccs\tools\compiler\ti-cgt-armllvm_3.2.1.LTS\lib\clang\15.0.7\lib\armv6m-ti-none-eabi\</path>
         <kind>archive</kind>
         <file>libclang_rt.builtins.a</file>
         <name>udivmoddi4.S.obj</name>
      </input_file>
      <input_file id="fl-d4">
         <path>C:\ti\ccs1260\ccs\tools\compiler\ti-cgt-armllvm_3.2.1.LTS\lib\clang\15.0.7\lib\armv6m-ti-none-eabi\</path>
         <kind>archive</kind>
         <file>libclang_rt.builtins.a</file>
         <name>ashldi3.S.obj</name>
      </input_file>
      <input_file id="fl-d5">
         <path>C:\ti\ccs1260\ccs\tools\compiler\ti-cgt-armllvm_3.2.1.LTS\lib\clang\15.0.7\lib\armv6m-ti-none-eabi\</path>
         <kind>archive</kind>
         <file>libclang_rt.builtins.a</file>
         <name>comparedf2.c.obj</name>
      </input_file>
      <input_file id="fl-d6">
         <path>C:\ti\ccs1260\ccs\tools\compiler\ti-cgt-armllvm_3.2.1.LTS\lib\clang\15.0.7\lib\armv6m-ti-none-eabi\</path>
         <kind>archive</kind>
         <file>libclang_rt.builtins.a</file>
         <name>aeabi_div0.c.obj</name>
      </input_file>
      <input_file id="fl-d7">
         <path>C:\ti\ccs1260\ccs\tools\compiler\ti-cgt-armllvm_3.2.1.LTS\lib\armv6m-ti-none-eabi\c\</path>
         <kind>archive</kind>
         <file>libc.a</file>
         <name>getdevice.c.obj</name>
      </input_file>
      <input_file id="fl-d8">
         <path>C:\ti\ccs1260\ccs\tools\compiler\ti-cgt-armllvm_3.2.1.LTS\lib\armv6m-ti-none-eabi\c\</path>
         <kind>archive</kind>
         <file>libc.a</file>
         <name>memcpy16.S.obj</name>
      </input_file>
      <input_file id="fl-d9">
         <path>C:\ti\ccs1260\ccs\tools\compiler\ti-cgt-armllvm_3.2.1.LTS\lib\armv6m-ti-none-eabi\c\</path>
         <kind>archive</kind>
         <file>libc.a</file>
         <name>memset16.S.obj</name>
      </input_file>
   </input_file_list>
   <object_component_list>
      <object_component id="oc-18">
         <name>.intvecs</name>
         <load_address>0x0</load_address>
         <readonly>true</readonly>
         <run_address>0x0</run_address>
         <size>0xc0</size>
         <alignment>0x4</alignment>
         <input_file_ref idref="fl-10"/>
      </object_component>
      <object_component id="oc-c6">
         <name>.text.main</name>
         <load_address>0x8738</load_address>
         <readonly>true</readonly>
         <executable>true</executable>
         <run_address>0x8738</run_address>
         <size>0x768</size>
         <alignment>0x4</alignment>
         <input_file_ref idref="fl-4"/>
      </object_component>
      <object_component id="oc-43">
         <name>.text.TIMG12_IRQHandler</name>
         <load_address>0x8ea0</load_address>
         <readonly>true</readonly>
         <executable>true</executable>
         <run_address>0x8ea0</run_address>
         <size>0x3fc</size>
         <alignment>0x4</alignment>
         <input_file_ref idref="fl-4"/>
      </object_component>
      <object_component id="oc-12e">
         <name>.text._ZN6Player10DrawBulletEv</name>
         <load_address>0x929c</load_address>
         <readonly>true</readonly>
         <executable>true</executable>
         <run_address>0x929c</run_address>
         <size>0x1e4</size>
         <alignment>0x4</alignment>
         <input_file_ref idref="fl-6"/>
      </object_component>
      <object_component id="oc-11b">
         <name>.text._Z16ST7735_DrawCharSsscssh</name>
         <load_address>0x9480</load_address>
         <readonly>true</readonly>
         <executable>true</executable>
         <run_address>0x9480</run_address>
         <size>0x1b8</size>
         <alignment>0x4</alignment>
         <input_file_ref idref="fl-8"/>
      </object_component>
      <object_component id="oc-16d">
         <name>.text._Z15Clock_Init80MHzi</name>
         <load_address>0x9638</load_address>
         <readonly>true</readonly>
         <executable>true</executable>
         <run_address>0x9638</run_address>
         <size>0x1b4</size>
         <alignment>0x4</alignment>
         <input_file_ref idref="fl-1"/>
      </object_component>
      <object_component id="oc-88">
         <name>.text._ZN8SlidePot4MoveEP6Playerj</name>
         <load_address>0x97ec</load_address>
         <readonly>true</readonly>
         <executable>true</executable>
         <run_address>0x97ec</run_address>
         <size>0x190</size>
         <alignment>0x4</alignment>
         <input_file_ref idref="fl-9"/>
      </object_component>
      <object_component id="oc-130">
         <name>.text._ZN6Player10PWIndicateEv</name>
         <load_address>0x997c</load_address>
         <readonly>true</readonly>
         <executable>true</executable>
         <run_address>0x997c</run_address>
         <size>0x188</size>
         <alignment>0x4</alignment>
         <input_file_ref idref="fl-6"/>
      </object_component>
      <object_component id="oc-10f">
         <name>.text._Z17ST7735_DrawBitmapssPKtss</name>
         <load_address>0x9b04</load_address>
         <readonly>true</readonly>
         <executable>true</executable>
         <run_address>0x9b04</run_address>
         <size>0x17c</size>
         <alignment>0x4</alignment>
         <input_file_ref idref="fl-8"/>
      </object_component>
      <object_component id="oc-1e0">
         <name>.text._openfile</name>
         <load_address>0x9c80</load_address>
         <readonly>true</readonly>
         <executable>true</executable>
         <run_address>0x9c80</run_address>
         <size>0x160</size>
         <alignment>0x4</alignment>
         <input_file_ref idref="fl-2b"/>
      </object_component>
      <object_component id="oc-15b">
         <name>.text.aligned_alloc</name>
         <load_address>0x9de0</load_address>
         <readonly>true</readonly>
         <executable>true</executable>
         <run_address>0x9de0</run_address>
         <size>0x12c</size>
         <alignment>0x4</alignment>
         <input_file_ref idref="fl-32"/>
      </object_component>
      <object_component id="oc-105">
         <name>.text._ZN8SlidePot4InitEP10ADC12_Regsjjj</name>
         <load_address>0x9f0c</load_address>
         <readonly>true</readonly>
         <executable>true</executable>
         <run_address>0x9f0c</run_address>
         <size>0x128</size>
         <alignment>0x4</alignment>
         <input_file_ref idref="fl-9"/>
      </object_component>
      <object_component id="oc-163">
         <name>.text._Z15ST7735_FillRectsssst</name>
         <load_address>0xa034</load_address>
         <readonly>true</readonly>
         <executable>true</executable>
         <run_address>0xa034</run_address>
         <size>0x118</size>
         <alignment>0x4</alignment>
         <input_file_ref idref="fl-8"/>
      </object_component>
      <object_component id="oc-1a6">
         <name>.text._Z14ST7735_OutCharcht</name>
         <load_address>0xa14c</load_address>
         <readonly>true</readonly>
         <executable>true</executable>
         <run_address>0xa14c</run_address>
         <size>0x104</size>
         <alignment>0x4</alignment>
         <input_file_ref idref="fl-8"/>
      </object_component>
      <object_component id="oc-218">
         <name>.text._Z8SPI_Initv</name>
         <load_address>0xa250</load_address>
         <readonly>true</readonly>
         <executable>true</executable>
         <run_address>0xa250</run_address>
         <size>0xf8</size>
         <alignment>0x4</alignment>
         <input_file_ref idref="fl-7"/>
      </object_component>
      <object_component id="oc-172">
         <name>.text.add_device</name>
         <load_address>0xa348</load_address>
         <readonly>true</readonly>
         <executable>true</executable>
         <run_address>0xa348</run_address>
         <size>0xec</size>
         <alignment>0x4</alignment>
         <input_file_ref idref="fl-ba"/>
      </object_component>
      <object_component id="oc-1c7">
         <name>.text.free</name>
         <load_address>0xa434</load_address>
         <readonly>true</readonly>
         <executable>true</executable>
         <run_address>0xa434</run_address>
         <size>0xec</size>
         <alignment>0x4</alignment>
         <input_file_ref idref="fl-32"/>
      </object_component>
      <object_component id="oc-8e">
         <name>.text._ZN6Player12UpdateBulletEv</name>
         <load_address>0xa520</load_address>
         <readonly>true</readonly>
         <executable>true</executable>
         <run_address>0xa520</run_address>
         <size>0xde</size>
         <alignment>0x2</alignment>
         <input_file_ref idref="fl-6"/>
      </object_component>
      <object_component id="oc-a3">
         <name>.text._ZN6Player5isHitEP6Bullet</name>
         <load_address>0xa5fe</load_address>
         <readonly>true</readonly>
         <executable>true</executable>
         <run_address>0xa5fe</run_address>
         <size>0xde</size>
         <alignment>0x2</alignment>
         <input_file_ref idref="fl-6"/>
      </object_component>
      <object_component id="oc-17d">
         <name>.text.setvbuf</name>
         <load_address>0xa6dc</load_address>
         <readonly>true</readonly>
         <executable>true</executable>
         <run_address>0xa6dc</run_address>
         <size>0xdc</size>
         <alignment>0x4</alignment>
         <input_file_ref idref="fl-2c"/>
      </object_component>
      <object_component id="oc-ae">
         <name>.text._ZN12PowerupQueue5checkEP6Player</name>
         <load_address>0xa7b8</load_address>
         <readonly>true</readonly>
         <executable>true</executable>
         <run_address>0xa7b8</run_address>
         <size>0xc0</size>
         <alignment>0x2</alignment>
         <input_file_ref idref="fl-6"/>
      </object_component>
      <object_component id="oc-1b0">
         <name>.text._Z20ST7735_DrawFastVLinessst</name>
         <load_address>0xa878</load_address>
         <readonly>true</readonly>
         <executable>true</executable>
         <run_address>0xa878</run_address>
         <size>0xb0</size>
         <alignment>0x4</alignment>
         <input_file_ref idref="fl-8"/>
      </object_component>
      <object_component id="oc-23d">
         <name>.text.open</name>
         <load_address>0xa928</load_address>
         <readonly>true</readonly>
         <executable>true</executable>
         <run_address>0xa928</run_address>
         <size>0xa8</size>
         <alignment>0x4</alignment>
         <input_file_ref idref="fl-b7"/>
      </object_component>
      <object_component id="oc-1ca">
         <name>.text._ZL11commandListPKh</name>
         <load_address>0xa9d0</load_address>
         <readonly>true</readonly>
         <executable>true</executable>
         <run_address>0xa9d0</run_address>
         <size>0xa2</size>
         <alignment>0x2</alignment>
         <input_file_ref idref="fl-8"/>
      </object_component>
      <object_component id="oc-1a9">
         <name>.text.__aeabi_idiv0</name>
         <load_address>0xaa72</load_address>
         <readonly>true</readonly>
         <executable>true</executable>
         <run_address>0xaa72</run_address>
         <size>0x2</size>
         <alignment>0x2</alignment>
         <input_file_ref idref="fl-d6"/>
      </object_component>
      <object_component id="oc-103">
         <name>.text._Z17ST7735_InitPrintfv</name>
         <load_address>0xaa74</load_address>
         <readonly>true</readonly>
         <executable>true</executable>
         <run_address>0xaa74</run_address>
         <size>0x9c</size>
         <alignment>0x4</alignment>
         <input_file_ref idref="fl-8"/>
      </object_component>
      <object_component id="oc-171">
         <name>.text._Z12ST7735_InitR10initRFlags</name>
         <load_address>0xab10</load_address>
         <readonly>true</readonly>
         <executable>true</executable>
         <run_address>0xab10</run_address>
         <size>0x98</size>
         <alignment>0x4</alignment>
         <input_file_ref idref="fl-8"/>
      </object_component>
      <object_component id="oc-109">
         <name>.text._Z15TimerG12_IntArmjj</name>
         <load_address>0xaba8</load_address>
         <readonly>true</readonly>
         <executable>true</executable>
         <run_address>0xaba8</run_address>
         <size>0x94</size>
         <alignment>0x4</alignment>
         <input_file_ref idref="fl-e"/>
      </object_component>
      <object_component id="oc-f0">
         <name>.text._ZN7Powerup6PisHitEP6Bullet</name>
         <load_address>0xac3c</load_address>
         <readonly>true</readonly>
         <executable>true</executable>
         <run_address>0xac3c</run_address>
         <size>0x92</size>
         <alignment>0x2</alignment>
         <input_file_ref idref="fl-6"/>
      </object_component>
      <object_component id="oc-20e">
         <name>.text._nop</name>
         <load_address>0xacce</load_address>
         <readonly>true</readonly>
         <executable>true</executable>
         <run_address>0xacce</run_address>
         <size>0x2</size>
         <alignment>0x2</alignment>
         <input_file_ref idref="fl-2f"/>
      </object_component>
      <object_component id="oc-208">
         <name>.text._Z17ST7735_DrawStringttPcs</name>
         <load_address>0xacd0</load_address>
         <readonly>true</readonly>
         <executable>true</executable>
         <run_address>0xacd0</run_address>
         <size>0x90</size>
         <alignment>0x4</alignment>
         <input_file_ref idref="fl-8"/>
      </object_component>
      <object_component id="oc-11a">
         <name>.text._ZN6Player4DrawEv</name>
         <load_address>0xad60</load_address>
         <readonly>true</readonly>
         <executable>true</executable>
         <run_address>0xad60</run_address>
         <size>0x8c</size>
         <alignment>0x4</alignment>
         <input_file_ref idref="fl-6"/>
      </object_component>
      <object_component id="oc-195">
         <name>.text._ZL13setAddrWindowhhhh</name>
         <load_address>0xadec</load_address>
         <readonly>true</readonly>
         <executable>true</executable>
         <run_address>0xadec</run_address>
         <size>0x88</size>
         <alignment>0x4</alignment>
         <input_file_ref idref="fl-8"/>
      </object_component>
      <object_component id="oc-f1">
         <name>.text._ZN12PowerupQueue13removePowerupEi</name>
         <load_address>0xae74</load_address>
         <readonly>true</readonly>
         <executable>true</executable>
         <run_address>0xae74</run_address>
         <size>0x84</size>
         <alignment>0x4</alignment>
         <input_file_ref idref="fl-6"/>
      </object_component>
      <object_component id="oc-157">
         <name>.text._ZN6PlayerC2EiiPKtb</name>
         <load_address>0xaef8</load_address>
         <readonly>true</readonly>
         <executable>true</executable>
         <run_address>0xaef8</run_address>
         <size>0x80</size>
         <alignment>0x2</alignment>
         <input_file_ref idref="fl-6"/>
      </object_component>
      <object_component id="oc-fe">
         <name>.text._Z14LaunchPad_Initv</name>
         <load_address>0xaf78</load_address>
         <readonly>true</readonly>
         <executable>true</executable>
         <run_address>0xaf78</run_address>
         <size>0x7c</size>
         <alignment>0x4</alignment>
         <input_file_ref idref="fl-5"/>
      </object_component>
      <object_component id="oc-1e3">
         <name>.text.__TI_closefile</name>
         <load_address>0xaff4</load_address>
         <readonly>true</readonly>
         <executable>true</executable>
         <run_address>0xaff4</run_address>
         <size>0x7c</size>
         <alignment>0x4</alignment>
         <input_file_ref idref="fl-3a"/>
      </object_component>
      <object_component id="oc-1c">
         <name>.text:decompress:lzss</name>
         <load_address>0xb070</load_address>
         <readonly>true</readonly>
         <executable>true</executable>
         <run_address>0xb070</run_address>
         <size>0x78</size>
         <alignment>0x4</alignment>
         <input_file_ref idref="fl-36"/>
      </object_component>
      <object_component id="oc-1a7">
         <name>.text._Z16ST7735_DrawPixelsst</name>
         <load_address>0xb0e8</load_address>
         <readonly>true</readonly>
         <executable>true</executable>
         <run_address>0xb0e8</run_address>
         <size>0x70</size>
         <alignment>0x4</alignment>
         <input_file_ref idref="fl-8"/>
      </object_component>
      <object_component id="oc-22b">
         <name>.text.HOSTlseek</name>
         <load_address>0xb158</load_address>
         <readonly>true</readonly>
         <executable>true</executable>
         <run_address>0xb158</run_address>
         <size>0x6c</size>
         <alignment>0x4</alignment>
         <input_file_ref idref="fl-bd"/>
      </object_component>
      <object_component id="oc-233">
         <name>.text.HOSTrename</name>
         <load_address>0xb1c4</load_address>
         <readonly>true</readonly>
         <executable>true</executable>
         <run_address>0xb1c4</run_address>
         <size>0x6c</size>
         <alignment>0x4</alignment>
         <input_file_ref idref="fl-c0"/>
      </object_component>
      <object_component id="oc-83">
         <name>.text._ZN8SlidePot2InEP10ADC12_RegsPjS2_</name>
         <load_address>0xb230</load_address>
         <readonly>true</readonly>
         <executable>true</executable>
         <run_address>0xb230</run_address>
         <size>0x68</size>
         <alignment>0x4</alignment>
         <input_file_ref idref="fl-9"/>
      </object_component>
      <object_component id="oc-272">
         <name>.text.getdevice</name>
         <load_address>0xb298</load_address>
         <readonly>true</readonly>
         <executable>true</executable>
         <run_address>0xb298</run_address>
         <size>0x68</size>
         <alignment>0x4</alignment>
         <input_file_ref idref="fl-d7"/>
      </object_component>
      <object_component id="oc-1bf">
         <name>.text.split</name>
         <load_address>0xb300</load_address>
         <readonly>true</readonly>
         <executable>true</executable>
         <run_address>0xb300</run_address>
         <size>0x64</size>
         <alignment>0x4</alignment>
         <input_file_ref idref="fl-32"/>
      </object_component>
      <object_component id="oc-89">
         <name>.text._ZN6Player11BorderCheckEv</name>
         <load_address>0xb364</load_address>
         <readonly>true</readonly>
         <executable>true</executable>
         <run_address>0xb364</run_address>
         <size>0x62</size>
         <alignment>0x2</alignment>
         <input_file_ref idref="fl-6"/>
      </object_component>
      <object_component id="oc-21b">
         <name>.text.HOSTopen</name>
         <load_address>0xb3c8</load_address>
         <readonly>true</readonly>
         <executable>true</executable>
         <run_address>0xb3c8</run_address>
         <size>0x60</size>
         <alignment>0x4</alignment>
         <input_file_ref idref="fl-be"/>
      </object_component>
      <object_component id="oc-223">
         <name>.text.HOSTread</name>
         <load_address>0xb428</load_address>
         <readonly>true</readonly>
         <executable>true</executable>
         <run_address>0xb428</run_address>
         <size>0x58</size>
         <alignment>0x4</alignment>
         <input_file_ref idref="fl-bf"/>
      </object_component>
      <object_component id="oc-227">
         <name>.text.HOSTwrite</name>
         <load_address>0xb480</load_address>
         <readonly>true</readonly>
         <executable>true</executable>
         <run_address>0xb480</run_address>
         <size>0x58</size>
         <alignment>0x4</alignment>
         <input_file_ref idref="fl-c2"/>
      </object_component>
      <object_component id="oc-11e">
         <name>.text.__aeabi_idivmod</name>
         <load_address>0xb4d8</load_address>
         <readonly>true</readonly>
         <executable>true</executable>
         <run_address>0xb4d8</run_address>
         <size>0x56</size>
         <alignment>0x4</alignment>
         <input_file_ref idref="fl-ce"/>
      </object_component>
      <object_component id="oc-97">
         <name>.text._Znwj</name>
         <load_address>0xb52e</load_address>
         <readonly>true</readonly>
         <executable>true</executable>
         <run_address>0xb52e</run_address>
         <size>0x54</size>
         <alignment>0x2</alignment>
         <input_file_ref idref="fl-b0"/>
      </object_component>
      <object_component id="oc-14a">
         <name>.text:__TI_auto_init_nobinit</name>
         <load_address>0xb584</load_address>
         <readonly>true</readonly>
         <executable>true</executable>
         <run_address>0xb584</run_address>
         <size>0x54</size>
         <alignment>0x4</alignment>
         <input_file_ref idref="fl-3f"/>
      </object_component>
      <object_component id="oc-241">
         <name>.text.__TI_doflush</name>
         <load_address>0xb5d8</load_address>
         <readonly>true</readonly>
         <executable>true</executable>
         <run_address>0xb5d8</run_address>
         <size>0x52</size>
         <alignment>0x2</alignment>
         <input_file_ref idref="fl-3b"/>
      </object_component>
      <object_component id="oc-247">
         <name>.text.close</name>
         <load_address>0xb62c</load_address>
         <readonly>true</readonly>
         <executable>true</executable>
         <run_address>0xb62c</run_address>
         <size>0x50</size>
         <alignment>0x4</alignment>
         <input_file_ref idref="fl-b9"/>
      </object_component>
      <object_component id="oc-107">
         <name>.text._Z8LED_Initv</name>
         <load_address>0xb67c</load_address>
         <readonly>true</readonly>
         <executable>true</executable>
         <run_address>0xb67c</run_address>
         <size>0x4c</size>
         <alignment>0x4</alignment>
         <input_file_ref idref="fl-3"/>
      </object_component>
      <object_component id="oc-119">
         <name>.text._ZN6Player7restartEv</name>
         <load_address>0xb6c8</load_address>
         <readonly>true</readonly>
         <executable>true</executable>
         <run_address>0xb6c8</run_address>
         <size>0x4a</size>
         <alignment>0x2</alignment>
         <input_file_ref idref="fl-6"/>
      </object_component>
      <object_component id="oc-21f">
         <name>.text.HOSTclose</name>
         <load_address>0xb714</load_address>
         <readonly>true</readonly>
         <executable>true</executable>
         <run_address>0xb714</run_address>
         <size>0x48</size>
         <alignment>0x4</alignment>
         <input_file_ref idref="fl-bc"/>
      </object_component>
      <object_component id="oc-22f">
         <name>.text.HOSTunlink</name>
         <load_address>0xb75c</load_address>
         <readonly>true</readonly>
         <executable>true</executable>
         <run_address>0xb75c</run_address>
         <size>0x48</size>
         <alignment>0x4</alignment>
         <input_file_ref idref="fl-c1"/>
      </object_component>
      <object_component id="oc-1cb">
         <name>.text._Z14SPI_OutCommandc</name>
         <load_address>0xb7a4</load_address>
         <readonly>true</readonly>
         <executable>true</executable>
         <run_address>0xb7a4</run_address>
         <size>0x48</size>
         <alignment>0x4</alignment>
         <input_file_ref idref="fl-7"/>
      </object_component>
      <object_component id="oc-39">
         <name>.text.SysTick_Handler</name>
         <load_address>0xb7ec</load_address>
         <readonly>true</readonly>
         <executable>true</executable>
         <run_address>0xb7ec</run_address>
         <size>0x44</size>
         <alignment>0x4</alignment>
         <input_file_ref idref="fl-b"/>
      </object_component>
      <object_component id="oc-12f">
         <name>.text._ZN12PowerupQueue12drawPowerupsEv</name>
         <load_address>0xb830</load_address>
         <readonly>true</readonly>
         <executable>true</executable>
         <run_address>0xb830</run_address>
         <size>0x42</size>
         <alignment>0x2</alignment>
         <input_file_ref idref="fl-6"/>
      </object_component>
      <object_component id="oc-133">
         <name>.text._ZN6Player10gotPowerUpEP7Powerup</name>
         <load_address>0xb872</load_address>
         <readonly>true</readonly>
         <executable>true</executable>
         <run_address>0xb872</run_address>
         <size>0x42</size>
         <alignment>0x2</alignment>
         <input_file_ref idref="fl-6"/>
      </object_component>
      <object_component id="oc-3e">
         <name>.text.TIMG7_IRQHandler</name>
         <load_address>0xb8b4</load_address>
         <readonly>true</readonly>
         <executable>true</executable>
         <run_address>0xb8b4</run_address>
         <size>0x40</size>
         <alignment>0x4</alignment>
         <input_file_ref idref="fl-d"/>
      </object_component>
      <object_component id="oc-191">
         <name>.text._Z14SysTick_IntArmjj</name>
         <load_address>0xb8f4</load_address>
         <readonly>true</readonly>
         <executable>true</executable>
         <run_address>0xb8f4</run_address>
         <size>0x40</size>
         <alignment>0x4</alignment>
         <input_file_ref idref="fl-b"/>
      </object_component>
      <object_component id="oc-253">
         <name>.text._Z9SPI_Resetv</name>
         <load_address>0xb934</load_address>
         <readonly>true</readonly>
         <executable>true</executable>
         <run_address>0xb934</run_address>
         <size>0x40</size>
         <alignment>0x4</alignment>
         <input_file_ref idref="fl-7"/>
      </object_component>
      <object_component id="oc-123">
         <name>.text._ZN12PowerupQueue10addPowerupEP7Powerup</name>
         <load_address>0xb974</load_address>
         <readonly>true</readonly>
         <executable>true</executable>
         <run_address>0xb974</run_address>
         <size>0x40</size>
         <alignment>0x2</alignment>
         <input_file_ref idref="fl-6"/>
      </object_component>
      <object_component id="oc-a2">
         <name>.text._ZN6Player11setCooldownEv</name>
         <load_address>0xb9b4</load_address>
         <readonly>true</readonly>
         <executable>true</executable>
         <run_address>0xb9b4</run_address>
         <size>0x40</size>
         <alignment>0x2</alignment>
         <input_file_ref idref="fl-6"/>
      </object_component>
      <object_component id="oc-19b">
         <name>.text.__aeabi_uidivmod</name>
         <load_address>0xb9f4</load_address>
         <readonly>true</readonly>
         <executable>true</executable>
         <run_address>0xb9f4</run_address>
         <size>0x40</size>
         <alignment>0x4</alignment>
         <input_file_ref idref="fl-d1"/>
      </object_component>
      <object_component id="oc-1df">
         <name>.text._search_fp</name>
         <load_address>0xba34</load_address>
         <readonly>true</readonly>
         <executable>true</executable>
         <run_address>0xba34</run_address>
         <size>0x40</size>
         <alignment>0x4</alignment>
         <input_file_ref idref="fl-2b"/>
      </object_component>
      <object_component id="oc-136">
         <name>.text._Z10LED_Togglej</name>
         <load_address>0xba74</load_address>
         <readonly>true</readonly>
         <executable>true</executable>
         <run_address>0xba74</run_address>
         <size>0x3c</size>
         <alignment>0x4</alignment>
         <input_file_ref idref="fl-3"/>
      </object_component>
      <object_component id="oc-a5">
         <name>.text._Z6LED_Onj</name>
         <load_address>0xbab0</load_address>
         <readonly>true</readonly>
         <executable>true</executable>
         <run_address>0xbab0</run_address>
         <size>0x3c</size>
         <alignment>0x4</alignment>
         <input_file_ref idref="fl-3"/>
      </object_component>
      <object_component id="oc-ad">
         <name>.text._Z7LED_Offj</name>
         <load_address>0xbaec</load_address>
         <readonly>true</readonly>
         <executable>true</executable>
         <run_address>0xbaec</run_address>
         <size>0x3c</size>
         <alignment>0x4</alignment>
         <input_file_ref idref="fl-3"/>
      </object_component>
      <object_component id="oc-192">
         <name>.text._Z9DAC5_Initv</name>
         <load_address>0xbb28</load_address>
         <readonly>true</readonly>
         <executable>true</executable>
         <run_address>0xbb28</run_address>
         <size>0x3c</size>
         <alignment>0x4</alignment>
         <input_file_ref idref="fl-2"/>
      </object_component>
      <object_component id="oc-196">
         <name>.text._Z11SPI_OutDatac</name>
         <load_address>0xbb64</load_address>
         <readonly>true</readonly>
         <executable>true</executable>
         <run_address>0xbb64</run_address>
         <size>0x38</size>
         <alignment>0x4</alignment>
         <input_file_ref idref="fl-7"/>
      </object_component>
      <object_component id="oc-16e">
         <name>.text._Z15ActivatePortA_Bv</name>
         <load_address>0xbb9c</load_address>
         <readonly>true</readonly>
         <executable>true</executable>
         <run_address>0xbb9c</run_address>
         <size>0x38</size>
         <alignment>0x4</alignment>
         <input_file_ref idref="fl-5"/>
      </object_component>
      <object_component id="oc-1d3">
         <name>.text.finddevice</name>
         <load_address>0xbbd4</load_address>
         <readonly>true</readonly>
         <executable>true</executable>
         <run_address>0xbbd4</run_address>
         <size>0x38</size>
         <alignment>0x4</alignment>
         <input_file_ref idref="fl-d7"/>
      </object_component>
      <object_component id="oc-1f3">
         <name>.text._Z16ST7735_OutStringPcht</name>
         <load_address>0xbc0c</load_address>
         <readonly>true</readonly>
         <executable>true</executable>
         <run_address>0xbc0c</run_address>
         <size>0x36</size>
         <alignment>0x2</alignment>
         <input_file_ref idref="fl-8"/>
      </object_component>
      <object_component id="oc-af">
         <name>.text._ZN6Player6shieldEv</name>
         <load_address>0xbc42</load_address>
         <readonly>true</readonly>
         <executable>true</executable>
         <run_address>0xbc42</run_address>
         <size>0x36</size>
         <alignment>0x2</alignment>
         <input_file_ref idref="fl-6"/>
      </object_component>
      <object_component id="oc-eb">
         <name>.text._Z11Sound_StartPKhj</name>
         <load_address>0xbc78</load_address>
         <readonly>true</readonly>
         <executable>true</executable>
         <run_address>0xbc78</run_address>
         <size>0x34</size>
         <alignment>0x4</alignment>
         <input_file_ref idref="fl-b"/>
      </object_component>
      <object_component id="oc-184">
         <name>.text._Z12ST7735_writeiPKcj</name>
         <load_address>0xbcac</load_address>
         <readonly>true</readonly>
         <executable>true</executable>
         <run_address>0xbcac</run_address>
         <size>0x34</size>
         <alignment>0x2</alignment>
         <input_file_ref idref="fl-8"/>
      </object_component>
      <object_component id="oc-110">
         <name>.text._Z14Clock_Delay1msj</name>
         <load_address>0xbce0</load_address>
         <readonly>true</readonly>
         <executable>true</executable>
         <run_address>0xbce0</run_address>
         <size>0x34</size>
         <alignment>0x4</alignment>
         <input_file_ref idref="fl-1"/>
      </object_component>
      <object_component id="oc-116">
         <name>.text._Z16ST7735_SetCursorjj</name>
         <load_address>0xbd14</load_address>
         <readonly>true</readonly>
         <executable>true</executable>
         <run_address>0xbd14</run_address>
         <size>0x34</size>
         <alignment>0x4</alignment>
         <input_file_ref idref="fl-8"/>
      </object_component>
      <object_component id="oc-122">
         <name>.text._ZN7PowerupC2EiiPKtiii</name>
         <load_address>0xbd48</load_address>
         <readonly>true</readonly>
         <executable>true</executable>
         <run_address>0xbd48</run_address>
         <size>0x34</size>
         <alignment>0x2</alignment>
         <input_file_ref idref="fl-6"/>
      </object_component>
      <object_component id="oc-1e9">
         <name>.text.__TI_cleanup</name>
         <load_address>0xbd7c</load_address>
         <readonly>true</readonly>
         <executable>true</executable>
         <run_address>0xbd7c</run_address>
         <size>0x34</size>
         <alignment>0x4</alignment>
         <input_file_ref idref="fl-2b"/>
      </object_component>
      <object_component id="oc-25a">
         <name>.text.__TI_readmsg</name>
         <load_address>0xbdb0</load_address>
         <readonly>true</readonly>
         <executable>true</executable>
         <run_address>0xbdb0</run_address>
         <size>0x34</size>
         <alignment>0x4</alignment>
         <input_file_ref idref="fl-c3"/>
      </object_component>
      <object_component id="oc-254">
         <name>.text.__TI_writemsg</name>
         <load_address>0xbde4</load_address>
         <readonly>true</readonly>
         <executable>true</executable>
         <run_address>0xbde4</run_address>
         <size>0x34</size>
         <alignment>0x4</alignment>
         <input_file_ref idref="fl-c3"/>
      </object_component>
      <object_component id="oc-142">
         <name>.text.exit</name>
         <load_address>0xbe18</load_address>
         <readonly>true</readonly>
         <executable>true</executable>
         <run_address>0xbe18</run_address>
         <size>0x34</size>
         <alignment>0x4</alignment>
         <input_file_ref idref="fl-2e"/>
      </object_component>
      <object_component id="oc-17c">
         <name>.text.freopen</name>
         <load_address>0xbe4c</load_address>
         <readonly>true</readonly>
         <executable>true</executable>
         <run_address>0xbe4c</run_address>
         <size>0x34</size>
         <alignment>0x4</alignment>
         <input_file_ref idref="fl-2b"/>
      </object_component>
      <object_component id="oc-117">
         <name>.text._Z9OutPhrase8phrase_t</name>
         <load_address>0xbe80</load_address>
         <readonly>true</readonly>
         <executable>true</executable>
         <run_address>0xbe80</run_address>
         <size>0x30</size>
         <alignment>0x4</alignment>
         <input_file_ref idref="fl-8"/>
      </object_component>
      <object_component id="oc-1c9">
         <name>.text._ZL10commonInitPKh</name>
         <load_address>0xbeb0</load_address>
         <readonly>true</readonly>
         <executable>true</executable>
         <run_address>0xbeb0</run_address>
         <size>0x30</size>
         <alignment>0x4</alignment>
         <input_file_ref idref="fl-8"/>
      </object_component>
      <object_component id="oc-9f">
         <name>.text._ZN6BulletC2Eii</name>
         <load_address>0xbee0</load_address>
         <readonly>true</readonly>
         <executable>true</executable>
         <run_address>0xbee0</run_address>
         <size>0x30</size>
         <alignment>0x4</alignment>
         <input_file_ref idref="fl-6"/>
      </object_component>
      <object_component id="oc-176">
         <name>.text.fopen</name>
         <load_address>0xbf10</load_address>
         <readonly>true</readonly>
         <executable>true</executable>
         <run_address>0xbf10</run_address>
         <size>0x30</size>
         <alignment>0x4</alignment>
         <input_file_ref idref="fl-2b"/>
      </object_component>
      <object_component id="oc-10e">
         <name>.text._Z15ST7735_Color565hhh</name>
         <load_address>0xbf40</load_address>
         <readonly>true</readonly>
         <executable>true</executable>
         <run_address>0xbf40</run_address>
         <size>0x2e</size>
         <alignment>0x2</alignment>
         <input_file_ref idref="fl-8"/>
      </object_component>
      <object_component id="oc-11c">
         <name>.text._ZN7PowerupC2EiiPKtii</name>
         <load_address>0xbf6e</load_address>
         <readonly>true</readonly>
         <executable>true</executable>
         <run_address>0xbf6e</run_address>
         <size>0x2e</size>
         <alignment>0x2</alignment>
         <input_file_ref idref="fl-6"/>
      </object_component>
      <object_component id="oc-104">
         <name>.text._Z17ST7735_FillScreent</name>
         <load_address>0xbf9c</load_address>
         <readonly>true</readonly>
         <executable>true</executable>
         <run_address>0xbf9c</run_address>
         <size>0x2c</size>
         <alignment>0x4</alignment>
         <input_file_ref idref="fl-8"/>
      </object_component>
      <object_component id="oc-281">
         <name>.text.unlink</name>
         <load_address>0xbfc8</load_address>
         <readonly>true</readonly>
         <executable>true</executable>
         <run_address>0xbfc8</run_address>
         <size>0x2c</size>
         <alignment>0x4</alignment>
         <input_file_ref idref="fl-bb"/>
      </object_component>
      <object_component id="oc-a4">
         <name>.text._ZN6Player15DecrementHealthEv</name>
         <load_address>0xbff4</load_address>
         <readonly>true</readonly>
         <executable>true</executable>
         <run_address>0xbff4</run_address>
         <size>0x28</size>
         <alignment>0x2</alignment>
         <input_file_ref idref="fl-6"/>
      </object_component>
      <object_component id="oc-1be">
         <name>.text.free_list_insert</name>
         <load_address>0xc01c</load_address>
         <readonly>true</readonly>
         <executable>true</executable>
         <run_address>0xc01c</run_address>
         <size>0x28</size>
         <alignment>0x4</alignment>
         <input_file_ref idref="fl-32"/>
      </object_component>
      <object_component id="oc-278">
         <name>.text.write</name>
         <load_address>0xc044</load_address>
         <readonly>true</readonly>
         <executable>true</executable>
         <run_address>0xc044</run_address>
         <size>0x28</size>
         <alignment>0x4</alignment>
         <input_file_ref idref="fl-b4"/>
      </object_component>
      <object_component id="oc-63">
         <name>.text:_c_int00_noargs</name>
         <load_address>0xc06c</load_address>
         <readonly>true</readonly>
         <executable>true</executable>
         <run_address>0xc06c</run_address>
         <size>0x28</size>
         <alignment>0x4</alignment>
         <input_file_ref idref="fl-37"/>
      </object_component>
      <object_component id="oc-134">
         <name>.text._ZN6Player11HealthBoostEv</name>
         <load_address>0xc094</load_address>
         <readonly>true</readonly>
         <executable>true</executable>
         <run_address>0xc094</run_address>
         <size>0x26</size>
         <alignment>0x2</alignment>
         <input_file_ref idref="fl-6"/>
      </object_component>
      <object_component id="oc-ac">
         <name>.text._ZN6Player4isIVEv</name>
         <load_address>0xc0ba</load_address>
         <readonly>true</readonly>
         <executable>true</executable>
         <run_address>0xc0ba</run_address>
         <size>0x26</size>
         <alignment>0x2</alignment>
         <input_file_ref idref="fl-6"/>
      </object_component>
      <object_component id="oc-96">
         <name>.text._ZN6Player8canShootEv</name>
         <load_address>0xc0e0</load_address>
         <readonly>true</readonly>
         <executable>true</executable>
         <run_address>0xc0e0</run_address>
         <size>0x26</size>
         <alignment>0x2</alignment>
         <input_file_ref idref="fl-6"/>
      </object_component>
      <object_component id="oc-90">
         <name>.text._Z9Switch_Inv</name>
         <load_address>0xc108</load_address>
         <readonly>true</readonly>
         <executable>true</executable>
         <run_address>0xc108</run_address>
         <size>0x24</size>
         <alignment>0x4</alignment>
         <input_file_ref idref="fl-c"/>
      </object_component>
      <object_component id="oc-a1">
         <name>.text._ZN6Player13DecrementAmmoEv</name>
         <load_address>0xc12c</load_address>
         <readonly>true</readonly>
         <executable>true</executable>
         <run_address>0xc12c</run_address>
         <size>0x24</size>
         <alignment>0x2</alignment>
         <input_file_ref idref="fl-6"/>
      </object_component>
      <object_component id="oc-132">
         <name>.text._ZN7Powerup4DrawEv</name>
         <load_address>0xc150</load_address>
         <readonly>true</readonly>
         <executable>true</executable>
         <run_address>0xc150</run_address>
         <size>0x24</size>
         <alignment>0x2</alignment>
         <input_file_ref idref="fl-6"/>
      </object_component>
      <object_component id="oc-118">
         <name>.text._Z14ST7735_OutCharc</name>
         <load_address>0xc174</load_address>
         <readonly>true</readonly>
         <executable>true</executable>
         <run_address>0xc174</run_address>
         <size>0x20</size>
         <alignment>0x4</alignment>
         <input_file_ref idref="fl-8"/>
      </object_component>
      <object_component id="oc-d2">
         <name>.text.__cxx_global_var_init.1</name>
         <load_address>0xc194</load_address>
         <readonly>true</readonly>
         <executable>true</executable>
         <run_address>0xc194</run_address>
         <size>0x20</size>
         <alignment>0x4</alignment>
         <input_file_ref idref="fl-4"/>
      </object_component>
      <object_component id="oc-d3">
         <name>.text.__cxx_global_var_init.2</name>
         <load_address>0xc1b4</load_address>
         <readonly>true</readonly>
         <executable>true</executable>
         <run_address>0xc1b4</run_address>
         <size>0x20</size>
         <alignment>0x4</alignment>
         <input_file_ref idref="fl-4"/>
      </object_component>
      <object_component id="oc-20a">
         <name>.text._ZL9pushColort</name>
         <load_address>0xc1d4</load_address>
         <readonly>true</readonly>
         <executable>true</executable>
         <run_address>0xc1d4</run_address>
         <size>0x1e</size>
         <alignment>0x2</alignment>
         <input_file_ref idref="fl-8"/>
      </object_component>
      <object_component id="oc-ab">
         <name>.text._ZN6Player11DecrementIVEv</name>
         <load_address>0xc1f2</load_address>
         <readonly>true</readonly>
         <executable>true</executable>
         <run_address>0xc1f2</run_address>
         <size>0x1e</size>
         <alignment>0x2</alignment>
         <input_file_ref idref="fl-6"/>
      </object_component>
      <object_component id="oc-8f">
         <name>.text._ZN6Player17decrementCooldownEv</name>
         <load_address>0xc210</load_address>
         <readonly>true</readonly>
         <executable>true</executable>
         <run_address>0xc210</run_address>
         <size>0x1e</size>
         <alignment>0x2</alignment>
         <input_file_ref idref="fl-6"/>
      </object_component>
      <object_component id="oc-12d">
         <name>.text._ZN6Player6isDeadEv</name>
         <load_address>0xc22e</load_address>
         <readonly>true</readonly>
         <executable>true</executable>
         <run_address>0xc22e</run_address>
         <size>0x1e</size>
         <alignment>0x2</alignment>
         <input_file_ref idref="fl-6"/>
      </object_component>
      <object_component id="oc-156">
         <name>.text._ZN8SlidePotC2Ejj</name>
         <load_address>0xc24c</load_address>
         <readonly>true</readonly>
         <executable>true</executable>
         <run_address>0xc24c</run_address>
         <size>0x1e</size>
         <alignment>0x2</alignment>
         <input_file_ref idref="fl-9"/>
      </object_component>
      <object_component id="oc-1a4">
         <name>.text._Z16ST7735_OutStringPc</name>
         <load_address>0xc26c</load_address>
         <readonly>true</readonly>
         <executable>true</executable>
         <run_address>0xc26c</run_address>
         <size>0x1c</size>
         <alignment>0x4</alignment>
         <input_file_ref idref="fl-8"/>
      </object_component>
      <object_component id="oc-75">
         <name>.text._Z8DAC5_Outj</name>
         <load_address>0xc288</load_address>
         <readonly>true</readonly>
         <executable>true</executable>
         <run_address>0xc288</run_address>
         <size>0x1c</size>
         <alignment>0x4</alignment>
         <input_file_ref idref="fl-2"/>
      </object_component>
      <object_component id="oc-1bd">
         <name>.text.free_list_remove</name>
         <load_address>0xc2a4</load_address>
         <readonly>true</readonly>
         <executable>true</executable>
         <run_address>0xc2a4</run_address>
         <size>0x1c</size>
         <alignment>0x4</alignment>
         <input_file_ref idref="fl-32"/>
      </object_component>
      <object_component id="oc-db">
         <name>.text._ZN6Player8MoveDownEi</name>
         <load_address>0xc2c0</load_address>
         <readonly>true</readonly>
         <executable>true</executable>
         <run_address>0xc2c0</run_address>
         <size>0x1a</size>
         <alignment>0x2</alignment>
         <input_file_ref idref="fl-6"/>
      </object_component>
      <object_component id="oc-106">
         <name>.text._Z11Switch_Initv</name>
         <load_address>0xc2dc</load_address>
         <readonly>true</readonly>
         <executable>true</executable>
         <run_address>0xc2dc</run_address>
         <size>0x18</size>
         <alignment>0x4</alignment>
         <input_file_ref idref="fl-c"/>
      </object_component>
      <object_component id="oc-dc">
         <name>.text._ZN6Player6MoveUpEi</name>
         <load_address>0xc2f4</load_address>
         <readonly>true</readonly>
         <executable>true</executable>
         <run_address>0xc2f4</run_address>
         <size>0x18</size>
         <alignment>0x2</alignment>
         <input_file_ref idref="fl-6"/>
      </object_component>
      <object_component id="oc-d1">
         <name>.text.__cxx_global_var_init</name>
         <load_address>0xc30c</load_address>
         <readonly>true</readonly>
         <executable>true</executable>
         <run_address>0xc30c</run_address>
         <size>0x18</size>
         <alignment>0x4</alignment>
         <input_file_ref idref="fl-4"/>
      </object_component>
      <object_component id="oc-d4">
         <name>.text.__cxx_global_var_init</name>
         <load_address>0xc324</load_address>
         <readonly>true</readonly>
         <executable>true</executable>
         <run_address>0xc324</run_address>
         <size>0x18</size>
         <alignment>0x4</alignment>
         <input_file_ref idref="fl-8"/>
      </object_component>
      <object_component id="oc-187">
         <name>.text._Z11ST7735_openPKcji</name>
         <load_address>0xc33c</load_address>
         <readonly>true</readonly>
         <executable>true</executable>
         <run_address>0xc33c</run_address>
         <size>0x16</size>
         <alignment>0x2</alignment>
         <input_file_ref idref="fl-8"/>
      </object_component>
      <object_component id="oc-185">
         <name>.text._Z11ST7735_readiPcj</name>
         <load_address>0xc352</load_address>
         <readonly>true</readonly>
         <executable>true</executable>
         <run_address>0xc352</run_address>
         <size>0x16</size>
         <alignment>0x2</alignment>
         <input_file_ref idref="fl-8"/>
      </object_component>
      <object_component id="oc-11d">
         <name>.text._ZN7Powerup12switchStatusEb</name>
         <load_address>0xc368</load_address>
         <readonly>true</readonly>
         <executable>true</executable>
         <run_address>0xc368</run_address>
         <size>0x16</size>
         <alignment>0x2</alignment>
         <input_file_ref idref="fl-6"/>
      </object_component>
      <object_component id="oc-5a">
         <name>.text:decompress:ZI:__TI_zero_init_nomemset</name>
         <load_address>0xc37e</load_address>
         <readonly>true</readonly>
         <executable>true</executable>
         <run_address>0xc37e</run_address>
         <size>0x16</size>
         <alignment>0x2</alignment>
         <input_file_ref idref="fl-34"/>
      </object_component>
      <object_component id="oc-108">
         <name>.text._Z10Sound_Initv</name>
         <load_address>0xc394</load_address>
         <readonly>true</readonly>
         <executable>true</executable>
         <run_address>0xc394</run_address>
         <size>0x14</size>
         <alignment>0x4</alignment>
         <input_file_ref idref="fl-b"/>
      </object_component>
      <object_component id="oc-a0">
         <name>.text._Z11Sound_Shootv</name>
         <load_address>0xc3a8</load_address>
         <readonly>true</readonly>
         <executable>true</executable>
         <run_address>0xc3a8</run_address>
         <size>0x14</size>
         <alignment>0x4</alignment>
         <input_file_ref idref="fl-b"/>
      </object_component>
      <object_component id="oc-f2">
         <name>.text._Z13Sound_Powerupv</name>
         <load_address>0xc3bc</load_address>
         <readonly>true</readonly>
         <executable>true</executable>
         <run_address>0xc3bc</run_address>
         <size>0x14</size>
         <alignment>0x4</alignment>
         <input_file_ref idref="fl-b"/>
      </object_component>
      <object_component id="oc-115">
         <name>.text._Z19ST7735_SetTextColort</name>
         <load_address>0xc3d0</load_address>
         <readonly>true</readonly>
         <executable>true</executable>
         <run_address>0xc3d0</run_address>
         <size>0x14</size>
         <alignment>0x4</alignment>
         <input_file_ref idref="fl-8"/>
      </object_component>
      <object_component id="oc-aa">
         <name>.text._Z9Sound_Hitv</name>
         <load_address>0xc3e4</load_address>
         <readonly>true</readonly>
         <executable>true</executable>
         <run_address>0xc3e4</run_address>
         <size>0x14</size>
         <alignment>0x4</alignment>
         <input_file_ref idref="fl-b"/>
      </object_component>
      <object_component id="oc-26e">
         <name>.text.strcpy</name>
         <load_address>0xc3f8</load_address>
         <readonly>true</readonly>
         <executable>true</executable>
         <run_address>0xc3f8</run_address>
         <size>0x12</size>
         <alignment>0x2</alignment>
         <input_file_ref idref="fl-c0"/>
      </object_component>
      <object_component id="oc-f3">
         <name>.text:TI_memcpy_small</name>
         <load_address>0xc40a</load_address>
         <readonly>true</readonly>
         <executable>true</executable>
         <run_address>0xc40a</run_address>
         <size>0x12</size>
         <alignment>0x1</alignment>
         <input_file_ref idref="fl-d8"/>
      </object_component>
      <object_component id="oc-20">
         <name>.text:decompress:none</name>
         <load_address>0xc41c</load_address>
         <readonly>true</readonly>
         <executable>true</executable>
         <run_address>0xc41c</run_address>
         <size>0x12</size>
         <alignment>0x2</alignment>
         <input_file_ref idref="fl-35"/>
      </object_component>
      <object_component id="oc-6a">
         <name>.text._GLOBAL__sub_I_Lab9HMain.cpp</name>
         <load_address>0xc42e</load_address>
         <readonly>true</readonly>
         <executable>true</executable>
         <run_address>0xc42e</run_address>
         <size>0x10</size>
         <alignment>0x2</alignment>
         <input_file_ref idref="fl-4"/>
      </object_component>
      <object_component id="oc-190">
         <name>.text._Z11Clock_Delayj</name>
         <load_address>0xc43e</load_address>
         <readonly>true</readonly>
         <executable>true</executable>
         <run_address>0xc43e</run_address>
         <size>0x10</size>
         <alignment>0x2</alignment>
         <input_file_ref idref="fl-1"/>
      </object_component>
      <object_component id="oc-131">
         <name>.text._ZN7Powerup9getStatusEv</name>
         <load_address>0xc44e</load_address>
         <readonly>true</readonly>
         <executable>true</executable>
         <run_address>0xc44e</run_address>
         <size>0x10</size>
         <alignment>0x2</alignment>
         <input_file_ref idref="fl-6"/>
      </object_component>
      <object_component id="oc-217">
         <name>.text.OUTLINED_FUNCTION_0</name>
         <load_address>0xc45e</load_address>
         <readonly>true</readonly>
         <executable>true</executable>
         <run_address>0xc45e</run_address>
         <size>0xe</size>
         <alignment>0x2</alignment>
         <input_file_ref idref="fl-32"/>
      </object_component>
      <object_component id="oc-183">
         <name>.text._Z12ST7735_lseekili</name>
         <load_address>0xc46c</load_address>
         <readonly>true</readonly>
         <executable>true</executable>
         <run_address>0xc46c</run_address>
         <size>0xe</size>
         <alignment>0x2</alignment>
         <input_file_ref idref="fl-8"/>
      </object_component>
      <object_component id="oc-135">
         <name>.text._ZN6Player6ReloadEv</name>
         <load_address>0xc47a</load_address>
         <readonly>true</readonly>
         <executable>true</executable>
         <run_address>0xc47a</run_address>
         <size>0xe</size>
         <alignment>0x2</alignment>
         <input_file_ref idref="fl-6"/>
      </object_component>
      <object_component id="oc-26f">
         <name>.text.strlen</name>
         <load_address>0xc488</load_address>
         <readonly>true</readonly>
         <executable>true</executable>
         <run_address>0xc488</run_address>
         <size>0xe</size>
         <alignment>0x2</alignment>
         <input_file_ref idref="fl-c0"/>
      </object_component>
      <object_component id="oc-167">
         <name>.text:TI_memset_small</name>
         <load_address>0xc496</load_address>
         <readonly>true</readonly>
         <executable>true</executable>
         <run_address>0xc496</run_address>
         <size>0xe</size>
         <alignment>0x1</alignment>
         <input_file_ref idref="fl-d9"/>
      </object_component>
[...]
         <value>0x97ed</value>
         <object_component_ref idref="oc-88"/>
      </symbol>
      <symbol id="sm-22c">
         <name>_ZN8SlidePotC2Ejj</name>
         <value>0xc24d</value>
         <object_component_ref idref="oc-156"/>
      </symbol>
      <symbol id="sm-22d">
         <name>_ZN8SlidePotC1Ejj</name>
         <value>0xc24d</value>
         <object_component_ref idref="oc-156"/>
      </symbol>
      <symbol id="sm-256">
         <name>_Z14SysTick_IntArmjj</name>
         <value>0xb8f5</value>
         <object_component_ref idref="oc-191"/>
      </symbol>
      <symbol id="sm-257">
         <name>_Z10Sound_Initv</name>
         <value>0xc395</value>
         <object_component_ref idref="oc-108"/>
      </symbol>
      <symbol id="sm-258">
         <name>SysTick_Handler</name>
         <value>0xb7ed</value>
         <object_component_ref idref="oc-39"/>
      </symbol>
      <symbol id="sm-259">
         <name>_Z11Sound_StartPKhj</name>
         <value>0xbc79</value>
         <object_component_ref idref="oc-eb"/>
      </symbol>
      <symbol id="sm-25a">
         <name>_Z11Sound_Shootv</name>
         <value>0xc3a9</value>
         <object_component_ref idref="oc-a0"/>
      </symbol>
      <symbol id="sm-25b">
         <name>_Z9Sound_Hitv</name>
         <value>0xc3e5</value>
         <object_component_ref idref="oc-aa"/>
      </symbol>
      <symbol id="sm-25c">
         <name>_Z13Sound_Powerupv</name>
         <value>0xc3bd</value>
         <object_component_ref idref="oc-f2"/>
      </symbol>
      <symbol id="sm-269">
         <name>_Z11Switch_Initv</name>
         <value>0xc2dd</value>
         <object_component_ref idref="oc-106"/>
      </symbol>
      <symbol id="sm-26a">
         <name>_Z9Switch_Inv</name>
         <value>0xc109</value>
         <object_component_ref idref="oc-90"/>
      </symbol>
      <symbol id="sm-274">
         <name>TIMG7_IRQHandler</name>
         <value>0xb8b5</value>
         <object_component_ref idref="oc-3e"/>
      </symbol>
      <symbol id="sm-275">
         <name>TExaSadc</name>
         <value>0x20200734</value>
         <object_component_ref idref="oc-7f"/>
      </symbol>
      <symbol id="sm-276">
         <name>TExaSLogic</name>
         <value>0x20200730</value>
         <object_component_ref idref="oc-80"/>
      </symbol>
      <symbol id="sm-280">
         <name>_Z15TimerG12_IntArmjj</name>
         <value>0xaba9</value>
         <object_component_ref idref="oc-109"/>
      </symbol>
      <symbol id="sm-28e">
         <name>Default_Handler</name>
         <value>0xc569</value>
         <object_component_ref idref="oc-37"/>
      </symbol>
      <symbol id="sm-28f">
         <name>Reset_Handler</name>
         <value>0xc571</value>
         <object_component_ref idref="oc-33"/>
      </symbol>
      <symbol id="sm-290">
         <name>HardFault_Handler</name>
         <value>0xc56d</value>
         <object_component_ref idref="oc-38"/>
      </symbol>
      <symbol id="sm-291">
         <name>interruptVectors</name>
         <value>0x0</value>
         <object_component_ref idref="oc-18"/>
      </symbol>
      <symbol id="sm-292">
         <name>NMI_Handler</name>
         <value>0xc569</value>
         <object_component_ref idref="oc-37"/>
      </symbol>
      <symbol id="sm-293">
         <name>SVC_Handler</name>
         <value>0xc569</value>
         <object_component_ref idref="oc-37"/>
      </symbol>
      <symbol id="sm-294">
         <name>PendSV_Handler</name>
         <value>0xc569</value>
         <object_component_ref idref="oc-37"/>
      </symbol>
      <symbol id="sm-295">
         <name>GROUP0_IRQHandler</name>
         <value>0xc569</value>
         <object_component_ref idref="oc-37"/>
      </symbol>
      <symbol id="sm-296">
         <name>GROUP1_IRQHandler</name>
         <value>0xc569</value>
         <object_component_ref idref="oc-37"/>
      </symbol>
      <symbol id="sm-297">
         <name>TIMG8_IRQHandler</name>
         <value>0xc569</value>
         <object_component_ref idref="oc-37"/>
      </symbol>
      <symbol id="sm-298">
         <name>UART3_IRQHandler</name>
         <value>0xc569</value>
         <object_component_ref idref="oc-37"/>
      </symbol>
      <symbol id="sm-299">
         <name>ADC0_IRQHandler</name>
         <value>0xc569</value>
         <object_component_ref idref="oc-37"/>
      </symbol>
      <symbol id="sm-29a">
         <name>ADC1_IRQHandler</name>
         <value>0xc569</value>
         <object_component_ref idref="oc-37"/>
      </symbol>
      <symbol id="sm-29b">
         <name>CANFD0_IRQHandler</name>
         <value>0xc569</value>
         <object_component_ref idref="oc-37"/>
      </symbol>
      <symbol id="sm-29c">
         <name>DAC0_IRQHandler</name>
         <value>0xc569</value>
         <object_component_ref idref="oc-37"/>
      </symbol>
      <symbol id="sm-29d">
         <name>SPI0_IRQHandler</name>
         <value>0xc569</value>
         <object_component_ref idref="oc-37"/>
      </symbol>
      <symbol id="sm-29e">
         <name>SPI1_IRQHandler</name>
         <value>0xc569</value>
         <object_component_ref idref="oc-37"/>
      </symbol>
      <symbol id="sm-29f">
         <name>UART1_IRQHandler</name>
         <value>0xc569</value>
         <object_component_ref idref="oc-37"/>
      </symbol>
      <symbol id="sm-2a0">
         <name>UART2_IRQHandler</name>
         <value>0xc569</value>
         <object_component_ref idref="oc-37"/>
      </symbol>
      <symbol id="sm-2a1">
         <name>UART0_IRQHandler</name>
         <value>0xc569</value>
         <object_component_ref idref="oc-37"/>
      </symbol>
      <symbol id="sm-2a2">
         <name>TIMG0_IRQHandler</name>
         <value>0xc569</value>
         <object_component_ref idref="oc-37"/>
      </symbol>
      <symbol id="sm-2a3">
         <name>TIMG6_IRQHandler</name>
         <value>0xc569</value>
         <object_component_ref idref="oc-37"/>
      </symbol>
      <symbol id="sm-2a4">
         <name>TIMA0_IRQHandler</name>
         <value>0xc569</value>
         <object_component_ref idref="oc-37"/>
      </symbol>
      <symbol id="sm-2a5">
         <name>TIMA1_IRQHandler</name>
         <value>0xc569</value>
         <object_component_ref idref="oc-37"/>
      </symbol>
      <symbol id="sm-2a6">
         <name>I2C0_IRQHandler</name>
         <value>0xc569</value>
         <object_component_ref idref="oc-37"/>
      </symbol>
      <symbol id="sm-2a7">
         <name>I2C1_IRQHandler</name>
         <value>0xc569</value>
         <object_component_ref idref="oc-37"/>
      </symbol>
      <symbol id="sm-2a8">
         <name>AES_IRQHandler</name>
         <value>0xc569</value>
         <object_component_ref idref="oc-37"/>
      </symbol>
      <symbol id="sm-2a9">
         <name>RTC_IRQHandler</name>
         <value>0xc569</value>
         <object_component_ref idref="oc-37"/>
      </symbol>
      <symbol id="sm-2aa">
         <name>DMA_IRQHandler</name>
         <value>0xc569</value>
         <object_component_ref idref="oc-37"/>
      </symbol>
      <symbol id="sm-2ab">
         <name>__TI_ATRegion0_src_addr</name>
         <value>0x0</value>
      </symbol>
      <symbol id="sm-2ac">
         <name>__TI_ATRegion0_trg_addr</name>
         <value>0x0</value>
      </symbol>
      <symbol id="sm-2ad">
         <name>__TI_ATRegion0_region_sz</name>
         <value>0x0</value>
      </symbol>
      <symbol id="sm-2ae">
         <name>__TI_ATRegion1_src_addr</name>
         <value>0x0</value>
      </symbol>
      <symbol id="sm-2af">
         <name>__TI_ATRegion1_trg_addr</name>
         <value>0x0</value>
      </symbol>
      <symbol id="sm-2b0">
         <name>__TI_ATRegion1_region_sz</name>
         <value>0x0</value>
      </symbol>
      <symbol id="sm-2b1">
         <name>__TI_ATRegion2_src_addr</name>
         <value>0x0</value>
      </symbol>
      <symbol id="sm-2b2">
         <name>__TI_ATRegion2_trg_addr</name>
         <value>0x0</value>
      </symbol>
      <symbol id="sm-2b3">
         <name>__TI_ATRegion2_region_sz</name>
         <value>0x0</value>
      </symbol>
      <symbol id="sm-2cc">
         <name>fopen</name>
         <value>0xbf11</value>
         <object_component_ref idref="oc-176"/>
      </symbol>
      <symbol id="sm-2cd">
         <name>__TI_cleanup</name>
         <value>0xbd7d</value>
         <object_component_ref idref="oc-1e9"/>
      </symbol>
      <symbol id="sm-2ce">
         <name>freopen</name>
         <value>0xbe4d</value>
         <object_component_ref idref="oc-17c"/>
      </symbol>
      <symbol id="sm-2d8">
         <name>setvbuf</name>
         <value>0xa6dd</value>
         <object_component_ref idref="oc-17d"/>
      </symbol>
      <symbol id="sm-2e7">
         <name>abort</name>
         <value>0xc579</value>
         <object_component_ref idref="oc-13d"/>
      </symbol>
      <symbol id="sm-2e8">
         <name>C$$EXIT</name>
         <value>0xc578</value>
         <object_component_ref idref="oc-13d"/>
      </symbol>
      <symbol id="sm-2e9">
         <name>__TI_cleanup_ptr</name>
         <value>0x20200314</value>
         <object_component_ref idref="oc-1b5"/>
      </symbol>
      <symbol id="sm-2ea">
         <name>__TI_dtors_ptr</name>
         <value>0x20200318</value>
         <object_component_ref idref="oc-1b5"/>
      </symbol>
      <symbol id="sm-2eb">
         <name>exit</name>
         <value>0xbe19</value>
         <object_component_ref idref="oc-142"/>
      </symbol>
      <symbol id="sm-2f4">
         <name>_nop</name>
         <value>0xaccf</value>
         <object_component_ref idref="oc-20e"/>
      </symbol>
      <symbol id="sm-2f5">
         <name>_lock</name>
         <value>0x2020033c</value>
         <object_component_ref idref="oc-1b3"/>
      </symbol>
      <symbol id="sm-2f6">
         <name>_unlock</name>
         <value>0x20200340</value>
         <object_component_ref idref="oc-1b6"/>
      </symbol>
      <symbol id="sm-2fc">
         <name>_ftable</name>
         <value>0x20200000</value>
         <object_component_ref idref="oc-18b"/>
      </symbol>
      <symbol id="sm-2fd">
         <name>__TI_ft_end</name>
         <value>0x20200334</value>
         <object_component_ref idref="oc-23c"/>
      </symbol>
      <symbol id="sm-2fe">
         <name>__TI_tmpnams</name>
         <value>0x20200688</value>
         <object_component_ref idref="oc-24f"/>
      </symbol>
      <symbol id="sm-321">
         <name>malloc</name>
         <value>0xc51d</value>
         <object_component_ref idref="oc-e1"/>
      </symbol>
      <symbol id="sm-322">
         <name>aligned_alloc</name>
         <value>0x9de1</value>
         <object_component_ref idref="oc-15b"/>
      </symbol>
      <symbol id="sm-323">
         <name>free</name>
         <value>0xa435</value>
         <object_component_ref idref="oc-1c7"/>
      </symbol>
      <symbol id="sm-324">
         <name>_sys_memory</name>
         <value>0x20200368</value>
         <object_component_ref idref="oc-31"/>
      </symbol>
      <symbol id="sm-325">
         <name>memalign</name>
         <value>0x9de1</value>
         <object_component_ref idref="oc-15b"/>
      </symbol>
      <symbol id="sm-330">
         <name>__TI_zero_init_nomemset</name>
         <value>0xc37f</value>
         <object_component_ref idref="oc-5a"/>
      </symbol>
      <symbol id="sm-339">
         <name>__TI_decompress_none</name>
         <value>0xc41d</value>
         <object_component_ref idref="oc-20"/>
      </symbol>
      <symbol id="sm-344">
         <name>__TI_decompress_lzss</name>
         <value>0xb071</value>
         <object_component_ref idref="oc-1c"/>
      </symbol>
      <symbol id="sm-34f">
         <name>_c_int00_noargs</name>
         <value>0xc06d</value>
         <object_component_ref idref="oc-63"/>
      </symbol>
      <symbol id="sm-350">
         <name>__stack</name>
         <value>0x20207e00</value>
         <object_component_ref idref="oc-1a"/>
      </symbol>
      <symbol id="sm-35d">
         <name>__TI_closefile</name>
         <value>0xaff5</value>
         <object_component_ref idref="oc-1e3"/>
      </symbol>
      <symbol id="sm-367">
         <name>__TI_doflush</name>
         <value>0xb5d9</value>
         <object_component_ref idref="oc-241"/>
      </symbol>
      <symbol id="sm-375">
         <name>__TI_auto_init_nobinit</name>
         <value>0xb585</value>
         <object_component_ref idref="oc-14a"/>
      </symbol>
      <symbol id="sm-37d">
         <name>_system_pre_init</name>
         <value>0xc575</value>
         <object_component_ref idref="oc-c2"/>
      </symbol>
      <symbol id="sm-392">
         <name>_Znwj</name>
         <value>0xb52f</value>
         <object_component_ref idref="oc-97"/>
      </symbol>
      <symbol id="sm-393">
         <name>_ZdlPv</name>
         <value>0xc54f</value>
         <object_component_ref idref="oc-164"/>
      </symbol>
      <symbol id="sm-39e">
         <name>_ZSt15get_new_handlerv</name>
         <value>0xc505</value>
         <object_component_ref idref="oc-e3"/>
      </symbol>
      <symbol id="sm-3a6">
         <name>__cxa_new_handler</name>
         <value>0x20200338</value>
         <object_component_ref idref="oc-15c"/>
      </symbol>
      <symbol id="sm-3b0">
         <name>write</name>
         <value>0xc045</value>
         <object_component_ref idref="oc-278"/>
      </symbol>
      <symbol id="sm-3b5">
         <name>_device</name>
         <value>0x202000f0</value>
         <object_component_ref idref="oc-1da"/>
      </symbol>
      <symbol id="sm-3b6">
         <name>_stream</name>
         <value>0x20200268</value>
         <object_component_ref idref="oc-274"/>
      </symbol>
      <symbol id="sm-3bf">
         <name>remove</name>
         <value>0xc561</value>
         <object_component_ref idref="oc-24b"/>
      </symbol>
      <symbol id="sm-3cb">
         <name>open</name>
         <value>0xa929</value>
         <object_component_ref idref="oc-23d"/>
      </symbol>
      <symbol id="sm-3d6">
         <name>close</name>
         <value>0xb62d</value>
         <object_component_ref idref="oc-247"/>
      </symbol>
      <symbol id="sm-3e2">
         <name>add_device</name>
         <value>0xa349</value>
         <object_component_ref idref="oc-172"/>
      </symbol>
      <symbol id="sm-3ec">
         <name>unlink</name>
         <value>0xbfc9</value>
         <object_component_ref idref="oc-281"/>
      </symbol>
      <symbol id="sm-3f6">
         <name>HOSTclose</name>
         <value>0xb715</value>
         <object_component_ref idref="oc-21f"/>
      </symbol>
      <symbol id="sm-400">
         <name>HOSTlseek</name>
         <value>0xb159</value>
         <object_component_ref idref="oc-22b"/>
      </symbol>
      <symbol id="sm-40a">
         <name>HOSTopen</name>
         <value>0xb3c9</value>
         <object_component_ref idref="oc-21b"/>
      </symbol>
      <symbol id="sm-40b">
         <name>parmbuf</name>
         <value>0x20200728</value>
         <object_component_ref idref="oc-25b"/>
      </symbol>
      <symbol id="sm-415">
         <name>HOSTread</name>
         <value>0xb429</value>
         <object_component_ref idref="oc-223"/>
      </symbol>
      <symbol id="sm-426">
         <name>HOSTrename</name>
         <value>0xb1c5</value>
         <object_component_ref idref="oc-233"/>
      </symbol>
      <symbol id="sm-430">
         <name>HOSTunlink</name>
         <value>0xb75d</value>
         <object_component_ref idref="oc-22f"/>
      </symbol>
      <symbol id="sm-43a">
         <name>HOSTwrite</name>
         <value>0xb481</value>
         <object_component_ref idref="oc-227"/>
      </symbol>
      <symbol id="sm-448">
         <name>C$$IO$$</name>
         <value>0xbe11</value>
         <object_component_ref idref="oc-254"/>
      </symbol>
      <symbol id="sm-449">
         <name>__TI_writemsg</name>
         <value>0xbde5</value>
         <object_component_ref idref="oc-254"/>
      </symbol>
      <symbol id="sm-44a">
         <name>__CIOBUF_</name>
         <value>0x20200568</value>
         <object_component_ref idref="oc-288"/>
      </symbol>
      <symbol id="sm-44b">
         <name>__TI_readmsg</name>
         <value>0xbdb1</value>
         <object_component_ref idref="oc-25a"/>
      </symbol>
      <symbol id="sm-44c">
         <name>_CIOBUF_</name>
         <value>0x20200568</value>
         <object_component_ref idref="oc-288"/>
      </symbol>
      <symbol id="sm-452">
         <name>__aeabi_idiv</name>
         <value>0xb4d9</value>
         <object_component_ref idref="oc-11e"/>
      </symbol>
      <symbol id="sm-453">
         <name>__aeabi_idivmod</name>
         <value>0xb4d9</value>
         <object_component_ref idref="oc-11e"/>
      </symbol>
      <symbol id="sm-459">
         <name>__aeabi_memcpy</name>
         <value>0xc559</value>
         <object_component_ref idref="oc-53"/>
      </symbol>
      <symbol id="sm-45a">
         <name>__aeabi_memcpy4</name>
         <value>0xc559</value>
         <object_component_ref idref="oc-53"/>
      </symbol>
      <symbol id="sm-45b">
         <name>__aeabi_memcpy8</name>
         <value>0xc559</value>
         <object_component_ref idref="oc-53"/>
      </symbol>
      <symbol id="sm-462">
         <name>__aeabi_memclr</name>
         <value>0xc511</value>
         <object_component_ref idref="oc-bd"/>
      </symbol>
      <symbol id="sm-463">
         <name>__aeabi_memclr4</name>
         <value>0xc511</value>
         <object_component_ref idref="oc-bd"/>
      </symbol>
      <symbol id="sm-464">
         <name>__aeabi_memclr8</name>
         <value>0xc511</value>
         <object_component_ref idref="oc-bd"/>
      </symbol>
      <symbol id="sm-46a">
         <name>__aeabi_uidiv</name>
         <value>0xb9f5</value>
         <object_component_ref idref="oc-19b"/>
      </symbol>
      <symbol id="sm-46b">
         <name>__aeabi_uidivmod</name>
         <value>0xb9f5</value>
         <object_component_ref idref="oc-19b"/>
      </symbol>
      <symbol id="sm-476">
         <name>__aeabi_idiv0</name>
         <value>0xaa73</value>
         <object_component_ref idref="oc-1a9"/>
      </symbol>
      <symbol id="sm-484">
         <name>finddevice</name>
         <value>0xbbd5</value>
         <object_component_ref idref="oc-1d3"/>
      </symbol>
      <symbol id="sm-485">
         <name>getdevice</name>
         <value>0xb299</value>
         <object_component_ref idref="oc-272"/>
      </symbol>
      <symbol id="sm-48e">
         <name>TI_memcpy_small</name>
         <value>0xc40b</value>
         <object_component_ref idref="oc-f3"/>
      </symbol>
      <symbol id="sm-497">
         <name>TI_memset_small</name>
         <value>0xc497</value>
         <object_component_ref idref="oc-167"/>
      </symbol>
      <symbol id="sm-498">
         <name>__TI_static_base__</name>
         <value>0x0</value>
      </symbol>
      <symbol id="sm-49b">
         <name>__mpu_init</name>
         <value>0x0</value>
      </symbol>
      <symbol id="sm-49c">
         <name>_system_post_cinit</name>
         <value>0x0</value>
      </symbol>
   </symbol_table>
   <title>Link successful</title>
</link_info>
